[0.271s] DEBUG:colcon:Command line arguments: ['/usr/bin/colcon', 'build', '--packages-select', 'camera_driver', 'bev_processor', '--cmake-clean-cache', '--cmake-args', '-DCMAKE_BUILD_TYPE=Release', '-DCMAKE_CUDA_COMPILER=/usr/local/cuda/bin/nvcc']
[0.271s] DEBUG:colcon:Parsed command line arguments: Namespace(log_base=None, log_level=None, verb_name='build', build_base='build', install_base='install', merge_install=False, symlink_install=False, test_result_base=None, continue_on_error=False, executor='parallel', parallel_workers=6, event_handlers=None, ignore_user_meta=False, metas=['./colcon.meta'], base_paths=['.'], packages_ignore=None, packages_ignore_regex=None, paths=None, packages_up_to=None, packages_up_to_regex=None, packages_above=None, packages_above_and_dependencies=None, packages_above_depth=None, packages_select_by_dep=None, packages_skip_by_dep=None, packages_skip_up_to=None, packages_select_build_failed=False, packages_skip_build_finished=False, packages_select_test_failures=False, packages_skip_test_passed=False, packages_select=['camera_driver', 'bev_processor'], packages_skip=None, packages_select_regex=None, packages_skip_regex=None, packages_start=None, packages_end=None, allow_overriding=[], cmake_args=['-DCMAKE_BUILD_TYPE=Release', '-DCMAKE_CUDA_COMPILER=/usr/local/cuda/bin/nvcc'], cmake_target=None, cmake_target_skip_unavailable=False, cmake_clean_cache=True, cmake_clean_first=False, cmake_force_configure=False, ament_cmake_args=None, catkin_cmake_args=None, catkin_skip_building_tests=False, mixin_files=None, mixin=None, verb_parser=<colcon_mixin.mixin.mixin_argument.MixinArgumentDecorator object at 0xffffa6259ba0>, verb_extension=<colcon_core.verb.build.BuildVerb object at 0xffffa641add0>, main=<bound method BuildVerb.main of <colcon_core.verb.build.BuildVerb object at 0xffffa641add0>>, mixin_verb=('build',))
[0.665s] Level 1:colcon.colcon_core.package_discovery:discover_packages(colcon_meta) check parameters
[0.666s] Level 1:colcon.colcon_core.package_discovery:discover_packages(recursive) check parameters
[0.666s] Level 1:colcon.colcon_core.package_discovery:discover_packages(ignore) check parameters
[0.666s] Level 1:colcon.colcon_core.package_discovery:discover_packages(path) check parameters
[0.666s] Level 1:colcon.colcon_core.package_discovery:discover_packages(colcon_meta) discover
[0.666s] Level 1:colcon.colcon_core.package_discovery:discover_packages(recursive) discover
[0.667s] INFO:colcon.colcon_core.package_discovery:Crawling recursively for packages in '/home/autopilot03/Desktop/f1tenth_test0804/f1tenth_project_repo'
[0.667s] Level 1:colcon.colcon_core.package_identification:_identify(.) by extensions ['ignore', 'ignore_ament_install']
[0.667s] Level 1:colcon.colcon_core.package_identification:_identify(.) by extension 'ignore'
[0.667s] Level 1:colcon.colcon_core.package_identification:_identify(.) by extension 'ignore_ament_install'
[0.667s] Level 1:colcon.colcon_core.package_identification:_identify(.) by extensions ['colcon_pkg']
[0.668s] Level 1:colcon.colcon_core.package_identification:_identify(.) by extension 'colcon_pkg'
[0.668s] Level 1:colcon.colcon_core.package_identification:_identify(.) by extensions ['colcon_meta']
[0.668s] Level 1:colcon.colcon_core.package_identification:_identify(.) by extension 'colcon_meta'
[0.668s] Level 1:colcon.colcon_core.package_identification:_identify(.) by extensions ['ros']
[0.668s] Level 1:colcon.colcon_core.package_identification:_identify(.) by extension 'ros'
[0.693s] Level 1:colcon.colcon_core.package_identification:_identify(.) by extensions ['cmake', 'python']
[0.693s] Level 1:colcon.colcon_core.package_identification:_identify(.) by extension 'cmake'
[0.693s] Level 1:colcon.colcon_core.package_identification:_identify(.) by extension 'python'
[0.693s] Level 1:colcon.colcon_core.package_identification:_identify(.) by extensions ['python_setup_py']
[0.694s] Level 1:colcon.colcon_core.package_identification:_identify(.) by extension 'python_setup_py'
[0.694s] Level 1:colcon.colcon_core.package_identification:_identify(build) by extensions ['ignore', 'ignore_ament_install']
[0.694s] Level 1:colcon.colcon_core.package_identification:_identify(build) by extension 'ignore'
[0.694s] Level 1:colcon.colcon_core.package_identification:_identify(build) ignored
[0.695s] Level 1:colcon.colcon_core.package_identification:_identify(install) by extensions ['ignore', 'ignore_ament_install']
[0.695s] Level 1:colcon.colcon_core.package_identification:_identify(install) by extension 'ignore'
[0.695s] Level 1:colcon.colcon_core.package_identification:_identify(install) ignored
[0.695s] Level 1:colcon.colcon_core.package_identification:_identify(log) by extensions ['ignore', 'ignore_ament_install']
[0.696s] Level 1:colcon.colcon_core.package_identification:_identify(log) by extension 'ignore'
[0.696s] Level 1:colcon.colcon_core.package_identification:_identify(log) ignored
[0.696s] Level 1:colcon.colcon_core.package_identification:_identify(src) by extensions ['ignore', 'ignore_ament_install']
[0.696s] Level 1:colcon.colcon_core.package_identification:_identify(src) by extension 'ignore'
[0.696s] Level 1:colcon.colcon_core.package_identification:_identify(src) by extension 'ignore_ament_install'
[0.696s] Level 1:colcon.colcon_core.package_identification:_identify(src) by extensions ['colcon_pkg']
[0.696s] Level 1:colcon.colcon_core.package_identification:_identify(src) by extension 'colcon_pkg'
[0.697s] Level 1:colcon.colcon_core.package_identification:_identify(src) by extensions ['colcon_meta']
[0.697s] Level 1:colcon.colcon_core.package_identification:_identify(src) by extension 'colcon_meta'
[0.697s] Level 1:colcon.colcon_core.package_identification:_identify(src) by extensions ['ros']
[0.697s] Level 1:colcon.colcon_core.package_identification:_identify(src) by extension 'ros'
[0.697s] Level 1:colcon.colcon_core.package_identification:_identify(src) by extensions ['cmake', 'python']
[0.697s] Level 1:colcon.colcon_core.package_identification:_identify(src) by extension 'cmake'
[0.697s] Level 1:colcon.colcon_core.package_identification:_identify(src) by extension 'python'
[0.697s] Level 1:colcon.colcon_core.package_identification:_identify(src) by extensions ['python_setup_py']
[0.697s] Level 1:colcon.colcon_core.package_identification:_identify(src) by extension 'python_setup_py'
[0.698s] Level 1:colcon.colcon_core.package_identification:_identify(src/auto_control) by extensions ['ignore', 'ignore_ament_install']
[0.698s] Level 1:colcon.colcon_core.package_identification:_identify(src/auto_control) by extension 'ignore'
[0.698s] Level 1:colcon.colcon_core.package_identification:_identify(src/auto_control) by extension 'ignore_ament_install'
[0.698s] Level 1:colcon.colcon_core.package_identification:_identify(src/auto_control) by extensions ['colcon_pkg']
[0.698s] Level 1:colcon.colcon_core.package_identification:_identify(src/auto_control) by extension 'colcon_pkg'
[0.698s] Level 1:colcon.colcon_core.package_identification:_identify(src/auto_control) by extensions ['colcon_meta']
[0.698s] Level 1:colcon.colcon_core.package_identification:_identify(src/auto_control) by extension 'colcon_meta'
[0.698s] Level 1:colcon.colcon_core.package_identification:_identify(src/auto_control) by extensions ['ros']
[0.698s] Level 1:colcon.colcon_core.package_identification:_identify(src/auto_control) by extension 'ros'
[0.704s] DEBUG:colcon.colcon_core.package_identification:Package 'src/auto_control' with type 'ros.ament_python' and name 'auto_control'
[0.705s] Level 1:colcon.colcon_core.package_identification:_identify(src/bev_processor) by extensions ['ignore', 'ignore_ament_install']
[0.705s] Level 1:colcon.colcon_core.package_identification:_identify(src/bev_processor) by extension 'ignore'
[0.705s] Level 1:colcon.colcon_core.package_identification:_identify(src/bev_processor) by extension 'ignore_ament_install'
[0.705s] Level 1:colcon.colcon_core.package_identification:_identify(src/bev_processor) by extensions ['colcon_pkg']
[0.705s] Level 1:colcon.colcon_core.package_identification:_identify(src/bev_processor) by extension 'colcon_pkg'
[0.705s] Level 1:colcon.colcon_core.package_identification:_identify(src/bev_processor) by extensions ['colcon_meta']
[0.705s] Level 1:colcon.colcon_core.package_identification:_identify(src/bev_processor) by extension 'colcon_meta'
[0.706s] Level 1:colcon.colcon_core.package_identification:_identify(src/bev_processor) by extensions ['ros']
[0.706s] Level 1:colcon.colcon_core.package_identification:_identify(src/bev_processor) by extension 'ros'
[0.708s] DEBUG:colcon.colcon_core.package_identification:Package 'src/bev_processor' with type 'ros.ament_cmake' and name 'bev_processor'
[0.708s] Level 1:colcon.colcon_core.package_identification:_identify(src/camera_driver) by extensions ['ignore', 'ignore_ament_install']
[0.708s] Level 1:colcon.colcon_core.package_identification:_identify(src/camera_driver) by extension 'ignore'
[0.708s] Level 1:colcon.colcon_core.package_identification:_identify(src/camera_driver) by extension 'ignore_ament_install'
[0.709s] Level 1:colcon.colcon_core.package_identification:_identify(src/camera_driver) by extensions ['colcon_pkg']
[0.709s] Level 1:colcon.colcon_core.package_identification:_identify(src/camera_driver) by extension 'colcon_pkg'
[0.709s] Level 1:colcon.colcon_core.package_identification:_identify(src/camera_driver) by extensions ['colcon_meta']
[0.709s] Level 1:colcon.colcon_core.package_identification:_identify(src/camera_driver) by extension 'colcon_meta'
[0.709s] Level 1:colcon.colcon_core.package_identification:_identify(src/camera_driver) by extensions ['ros']
[0.709s] Level 1:colcon.colcon_core.package_identification:_identify(src/camera_driver) by extension 'ros'
[0.711s] DEBUG:colcon.colcon_core.package_identification:Package 'src/camera_driver' with type 'ros.ament_cmake' and name 'camera_driver'
[0.711s] Level 1:colcon.colcon_core.package_identification:_identify(src/camera_height_estimator) by extensions ['ignore', 'ignore_ament_install']
[0.711s] Level 1:colcon.colcon_core.package_identification:_identify(src/camera_height_estimator) by extension 'ignore'
[0.711s] Level 1:colcon.colcon_core.package_identification:_identify(src/camera_height_estimator) by extension 'ignore_ament_install'
[0.712s] Level 1:colcon.colcon_core.package_identification:_identify(src/camera_height_estimator) by extensions ['colcon_pkg']
[0.712s] Level 1:colcon.colcon_core.package_identification:_identify(src/camera_height_estimator) by extension 'colcon_pkg'
[0.712s] Level 1:colcon.colcon_core.package_identification:_identify(src/camera_height_estimator) by extensions ['colcon_meta']
[0.712s] Level 1:colcon.colcon_core.package_identification:_identify(src/camera_height_estimator) by extension 'colcon_meta'
[0.712s] Level 1:colcon.colcon_core.package_identification:_identify(src/camera_height_estimator) by extensions ['ros']
[0.712s] Level 1:colcon.colcon_core.package_identification:_identify(src/camera_height_estimator) by extension 'ros'
[0.713s] DEBUG:colcon.colcon_core.package_identification:Package 'src/camera_height_estimator' with type 'ros.ament_cmake' and name 'camera_height_estimator'
[0.714s] Level 1:colcon.colcon_core.package_identification:_identify(src/docs) by extensions ['ignore', 'ignore_ament_install']
[0.714s] Level 1:colcon.colcon_core.package_identification:_identify(src/docs) by extension 'ignore'
[0.714s] Level 1:colcon.colcon_core.package_identification:_identify(src/docs) by extension 'ignore_ament_install'
[0.714s] Level 1:colcon.colcon_core.package_identification:_identify(src/docs) by extensions ['colcon_pkg']
[0.715s] Level 1:colcon.colcon_core.package_identification:_identify(src/docs) by extension 'colcon_pkg'
[0.715s] Level 1:colcon.colcon_core.package_identification:_identify(src/docs) by extensions ['colcon_meta']
[0.715s] Level 1:colcon.colcon_core.package_identification:_identify(src/docs) by extension 'colcon_meta'
[0.715s] Level 1:colcon.colcon_core.package_identification:_identify(src/docs) by extensions ['ros']
[0.715s] Level 1:colcon.colcon_core.package_identification:_identify(src/docs) by extension 'ros'
[0.715s] Level 1:colcon.colcon_core.package_identification:_identify(src/docs) by extensions ['cmake', 'python']
[0.715s] Level 1:colcon.colcon_core.package_identification:_identify(src/docs) by extension 'cmake'
[0.715s] Level 1:colcon.colcon_core.package_identification:_identify(src/docs) by extension 'python'
[0.715s] Level 1:colcon.colcon_core.package_identification:_identify(src/docs) by extensions ['python_setup_py']
[0.716s] Level 1:colcon.colcon_core.package_identification:_identify(src/docs) by extension 'python_setup_py'
[0.716s] Level 1:colcon.colcon_core.package_identification:_identify(src/joy_initializer) by extensions ['ignore', 'ignore_ament_install']
[0.716s] Level 1:colcon.colcon_core.package_identification:_identify(src/joy_initializer) by extension 'ignore'
[0.716s] Level 1:colcon.colcon_core.package_identification:_identify(src/joy_initializer) by extension 'ignore_ament_install'
[0.716s] Level 1:colcon.colcon_core.package_identification:_identify(src/joy_initializer) by extensions ['colcon_pkg']
[0.716s] Level 1:colcon.colcon_core.package_identification:_identify(src/joy_initializer) by extension 'colcon_pkg'
[0.716s] Level 1:colcon.colcon_core.package_identification:_identify(src/joy_initializer) by extensions ['colcon_meta']
[0.717s] Level 1:colcon.colcon_core.package_identification:_identify(src/joy_initializer) by extension 'colcon_meta'
[0.717s] Level 1:colcon.colcon_core.package_identification:_identify(src/joy_initializer) by extensions ['ros']
[0.717s] Level 1:colcon.colcon_core.package_identification:_identify(src/joy_initializer) by extension 'ros'
[0.718s] DEBUG:colcon.colcon_core.package_identification:Package 'src/joy_initializer' with type 'ros.ament_python' and name 'joy_initializer'
[0.718s] Level 1:colcon.colcon_core.package_identification:_identify(src/manual_control) by extensions ['ignore', 'ignore_ament_install']
[0.718s] Level 1:colcon.colcon_core.package_identification:_identify(src/manual_control) by extension 'ignore'
[0.718s] Level 1:colcon.colcon_core.package_identification:_identify(src/manual_control) by extension 'ignore_ament_install'
[0.719s] Level 1:colcon.colcon_core.package_identification:_identify(src/manual_control) by extensions ['colcon_pkg']
[0.719s] Level 1:colcon.colcon_core.package_identification:_identify(src/manual_control) by extension 'colcon_pkg'
[0.719s] Level 1:colcon.colcon_core.package_identification:_identify(src/manual_control) by extensions ['colcon_meta']
[0.719s] Level 1:colcon.colcon_core.package_identification:_identify(src/manual_control) by extension 'colcon_meta'
[0.719s] Level 1:colcon.colcon_core.package_identification:_identify(src/manual_control) by extensions ['ros']
[0.719s] Level 1:colcon.colcon_core.package_identification:_identify(src/manual_control) by extension 'ros'
[0.720s] DEBUG:colcon.colcon_core.package_identification:Package 'src/manual_control' with type 'ros.ament_python' and name 'manual_control'
[0.720s] Level 1:colcon.colcon_core.package_identification:_identify(src/vehicle_config) by extensions ['ignore', 'ignore_ament_install']
[0.721s] Level 1:colcon.colcon_core.package_identification:_identify(src/vehicle_config) by extension 'ignore'
[0.721s] Level 1:colcon.colcon_core.package_identification:_identify(src/vehicle_config) by extension 'ignore_ament_install'
[0.721s] Level 1:colcon.colcon_core.package_identification:_identify(src/vehicle_config) by extensions ['colcon_pkg']
[0.721s] Level 1:colcon.colcon_core.package_identification:_identify(src/vehicle_config) by extension 'colcon_pkg'
[0.721s] Level 1:colcon.colcon_core.package_identification:_identify(src/vehicle_config) by extensions ['colcon_meta']
[0.721s] Level 1:colcon.colcon_core.package_identification:_identify(src/vehicle_config) by extension 'colcon_meta'
[0.721s] Level 1:colcon.colcon_core.package_identification:_identify(src/vehicle_config) by extensions ['ros']
[0.721s] Level 1:colcon.colcon_core.package_identification:_identify(src/vehicle_config) by extension 'ros'
[0.722s] DEBUG:colcon.colcon_core.package_identification:Package 'src/vehicle_config' with type 'ros.ament_python' and name 'vehicle_config'
[0.723s] Level 1:colcon.colcon_core.package_identification:_identify(src/vehicle_interfaces) by extensions ['ignore', 'ignore_ament_install']
[0.723s] Level 1:colcon.colcon_core.package_identification:_identify(src/vehicle_interfaces) by extension 'ignore'
[0.723s] Level 1:colcon.colcon_core.package_identification:_identify(src/vehicle_interfaces) by extension 'ignore_ament_install'
[0.723s] Level 1:colcon.colcon_core.package_identification:_identify(src/vehicle_interfaces) by extensions ['colcon_pkg']
[0.723s] Level 1:colcon.colcon_core.package_identification:_identify(src/vehicle_interfaces) by extension 'colcon_pkg'
[0.723s] Level 1:colcon.colcon_core.package_identification:_identify(src/vehicle_interfaces) by extensions ['colcon_meta']
[0.723s] Level 1:colcon.colcon_core.package_identification:_identify(src/vehicle_interfaces) by extension 'colcon_meta'
[0.723s] Level 1:colcon.colcon_core.package_identification:_identify(src/vehicle_interfaces) by extensions ['ros']
[0.724s] Level 1:colcon.colcon_core.package_identification:_identify(src/vehicle_interfaces) by extension 'ros'
[0.724s] DEBUG:colcon.colcon_core.package_identification:Failed to parse potential ROS package manifest in'src/vehicle_interfaces': Error(s) in package 'src/vehicle_interfaces/package.xml':
The manifest contains invalid XML:
no element found: line 1, column 0
[0.724s] Level 1:colcon.colcon_core.package_identification:_identify(src/vehicle_interfaces) by extensions ['cmake', 'python']
[0.724s] Level 1:colcon.colcon_core.package_identification:_identify(src/vehicle_interfaces) by extension 'cmake'
[0.727s] Level 1:colcon.colcon_core.package_identification:_identify(src/vehicle_interfaces) by extension 'python'
[0.727s] DEBUG:colcon.colcon_core.package_identification:Package 'src/vehicle_interfaces' with type 'cmake' and name 'vehicle_interfaces'
[0.727s] Level 1:colcon.colcon_core.package_identification:_identify(src/vehicle_launcher) by extensions ['ignore', 'ignore_ament_install']
[0.727s] Level 1:colcon.colcon_core.package_identification:_identify(src/vehicle_launcher) by extension 'ignore'
[0.727s] Level 1:colcon.colcon_core.package_identification:_identify(src/vehicle_launcher) by extension 'ignore_ament_install'
[0.727s] Level 1:colcon.colcon_core.package_identification:_identify(src/vehicle_launcher) by extensions ['colcon_pkg']
[0.728s] Level 1:colcon.colcon_core.package_identification:_identify(src/vehicle_launcher) by extension 'colcon_pkg'
[0.728s] Level 1:colcon.colcon_core.package_identification:_identify(src/vehicle_launcher) by extensions ['colcon_meta']
[0.728s] Level 1:colcon.colcon_core.package_identification:_identify(src/vehicle_launcher) by extension 'colcon_meta'
[0.728s] Level 1:colcon.colcon_core.package_identification:_identify(src/vehicle_launcher) by extensions ['ros']
[0.728s] Level 1:colcon.colcon_core.package_identification:_identify(src/vehicle_launcher) by extension 'ros'
[0.729s] DEBUG:colcon.colcon_core.package_identification:Package 'src/vehicle_launcher' with type 'ros.ament_python' and name 'vehicle_launcher'
[0.729s] Level 1:colcon.colcon_core.package_identification:_identify(src/vehicle_test_drive) by extensions ['ignore', 'ignore_ament_install']
[0.730s] Level 1:colcon.colcon_core.package_identification:_identify(src/vehicle_test_drive) by extension 'ignore'
[0.730s] Level 1:colcon.colcon_core.package_identification:_identify(src/vehicle_test_drive) by extension 'ignore_ament_install'
[0.730s] Level 1:colcon.colcon_core.package_identification:_identify(src/vehicle_test_drive) by extensions ['colcon_pkg']
[0.730s] Level 1:colcon.colcon_core.package_identification:_identify(src/vehicle_test_drive) by extension 'colcon_pkg'
[0.730s] Level 1:colcon.colcon_core.package_identification:_identify(src/vehicle_test_drive) by extensions ['colcon_meta']
[0.730s] Level 1:colcon.colcon_core.package_identification:_identify(src/vehicle_test_drive) by extension 'colcon_meta'
[0.730s] Level 1:colcon.colcon_core.package_identification:_identify(src/vehicle_test_drive) by extensions ['ros']
[0.730s] Level 1:colcon.colcon_core.package_identification:_identify(src/vehicle_test_drive) by extension 'ros'
[0.732s] DEBUG:colcon.colcon_core.package_identification:Package 'src/vehicle_test_drive' with type 'ros.ament_python' and name 'vehicle_test_drive'
[0.732s] Level 1:colcon.colcon_core.package_identification:_identify(src/vesc_initializer) by extensions ['ignore', 'ignore_ament_install']
[0.732s] Level 1:colcon.colcon_core.package_identification:_identify(src/vesc_initializer) by extension 'ignore'
[0.732s] Level 1:colcon.colcon_core.package_identification:_identify(src/vesc_initializer) by extension 'ignore_ament_install'
[0.733s] Level 1:colcon.colcon_core.package_identification:_identify(src/vesc_initializer) by extensions ['colcon_pkg']
[0.733s] Level 1:colcon.colcon_core.package_identification:_identify(src/vesc_initializer) by extension 'colcon_pkg'
[0.733s] Level 1:colcon.colcon_core.package_identification:_identify(src/vesc_initializer) by extensions ['colcon_meta']
[0.733s] Level 1:colcon.colcon_core.package_identification:_identify(src/vesc_initializer) by extension 'colcon_meta'
[0.733s] Level 1:colcon.colcon_core.package_identification:_identify(src/vesc_initializer) by extensions ['ros']
[0.733s] Level 1:colcon.colcon_core.package_identification:_identify(src/vesc_initializer) by extension 'ros'
[0.734s] DEBUG:colcon.colcon_core.package_identification:Package 'src/vesc_initializer' with type 'ros.ament_python' and name 'vesc_initializer'
[0.734s] Level 1:colcon.colcon_core.package_discovery:discover_packages(recursive) using defaults
[0.734s] Level 1:colcon.colcon_core.package_discovery:discover_packages(ignore) discover
[0.734s] Level 1:colcon.colcon_core.package_discovery:discover_packages(ignore) using defaults
[0.734s] Level 1:colcon.colcon_core.package_discovery:discover_packages(path) discover
[0.735s] Level 1:colcon.colcon_core.package_discovery:discover_packages(path) using defaults
[0.814s] INFO:colcon.colcon_core.package_selection:Skipping not selected package 'auto_control' in 'src/auto_control'
[0.815s] INFO:colcon.colcon_core.package_selection:Skipping not selected package 'camera_height_estimator' in 'src/camera_height_estimator'
[0.815s] INFO:colcon.colcon_core.package_selection:Skipping not selected package 'joy_initializer' in 'src/joy_initializer'
[0.815s] INFO:colcon.colcon_core.package_selection:Skipping not selected package 'vehicle_config' in 'src/vehicle_config'
[0.815s] INFO:colcon.colcon_core.package_selection:Skipping not selected package 'vehicle_interfaces' in 'src/vehicle_interfaces'
[0.815s] INFO:colcon.colcon_core.package_selection:Skipping not selected package 'vesc_initializer' in 'src/vesc_initializer'
[0.815s] INFO:colcon.colcon_core.package_selection:Skipping not selected package 'manual_control' in 'src/manual_control'
[0.815s] INFO:colcon.colcon_core.package_selection:Skipping not selected package 'vehicle_test_drive' in 'src/vehicle_test_drive'
[0.815s] INFO:colcon.colcon_core.package_selection:Skipping not selected package 'vehicle_launcher' in 'src/vehicle_launcher'
[0.816s] Level 1:colcon.colcon_core.package_discovery:discover_packages(prefix_path) check parameters
[0.816s] Level 1:colcon.colcon_core.package_discovery:discover_packages(prefix_path) discover
[0.821s] DEBUG:colcon.colcon_installed_package_information.package_discovery:Found 8 installed packages in /home/autopilot03/Desktop/f1tenth_test0804/f1tenth_project_repo/install
[0.823s] DEBUG:colcon.colcon_installed_package_information.package_discovery:Found 275 installed packages in /opt/ros/humble
[0.826s] Level 1:colcon.colcon_core.package_discovery:discover_packages(prefix_path) using defaults
[0.917s] Level 5:colcon.colcon_core.verb:set package 'camera_driver' build argument 'cmake_args' from command line to '['-DCMAKE_BUILD_TYPE=Release', '-DCMAKE_CUDA_COMPILER=/usr/local/cuda/bin/nvcc']'
[0.917s] Level 5:colcon.colcon_core.verb:set package 'camera_driver' build argument 'cmake_target' from command line to 'None'
[0.917s] Level 5:colcon.colcon_core.verb:set package 'camera_driver' build argument 'cmake_target_skip_unavailable' from command line to 'False'
[0.917s] Level 5:colcon.colcon_core.verb:set package 'camera_driver' build argument 'cmake_clean_cache' from command line to 'True'
[0.917s] Level 5:colcon.colcon_core.verb:set package 'camera_driver' build argument 'cmake_clean_first' from command line to 'False'
[0.918s] Level 5:colcon.colcon_core.verb:set package 'camera_driver' build argument 'cmake_force_configure' from command line to 'False'
[0.918s] Level 5:colcon.colcon_core.verb:set package 'camera_driver' build argument 'ament_cmake_args' from command line to 'None'
[0.918s] Level 5:colcon.colcon_core.verb:set package 'camera_driver' build argument 'catkin_cmake_args' from command line to 'None'
[0.918s] Level 5:colcon.colcon_core.verb:set package 'camera_driver' build argument 'catkin_skip_building_tests' from command line to 'False'
[0.918s] DEBUG:colcon.colcon_core.verb:Building package 'camera_driver' with the following arguments: {'ament_cmake_args': None, 'build_base': '/home/autopilot03/Desktop/f1tenth_test0804/f1tenth_project_repo/build/camera_driver', 'catkin_cmake_args': None, 'catkin_skip_building_tests': False, 'cmake_args': ['-DCMAKE_BUILD_TYPE=Release', '-DCMAKE_CUDA_COMPILER=/usr/local/cuda/bin/nvcc'], 'cmake_clean_cache': True, 'cmake_clean_first': False, 'cmake_force_configure': False, 'cmake_target': None, 'cmake_target_skip_unavailable': False, 'install_base': '/home/autopilot03/Desktop/f1tenth_test0804/f1tenth_project_repo/install/camera_driver', 'merge_install': False, 'path': '/home/autopilot03/Desktop/f1tenth_test0804/f1tenth_project_repo/src/camera_driver', 'symlink_install': False, 'test_result_base': None}
[0.919s] Level 5:colcon.colcon_core.verb:set package 'bev_processor' build argument 'cmake_args' from command line to '['-DCMAKE_BUILD_TYPE=Release', '-DCMAKE_CUDA_COMPILER=/usr/local/cuda/bin/nvcc']'
[0.919s] Level 5:colcon.colcon_core.verb:set package 'bev_processor' build argument 'cmake_target' from command line to 'None'
[0.919s] Level 5:colcon.colcon_core.verb:set package 'bev_processor' build argument 'cmake_target_skip_unavailable' from command line to 'False'
[0.919s] Level 5:colcon.colcon_core.verb:set package 'bev_processor' build argument 'cmake_clean_cache' from command line to 'True'
[0.919s] Level 5:colcon.colcon_core.verb:set package 'bev_processor' build argument 'cmake_clean_first' from command line to 'False'
[0.919s] Level 5:colcon.colcon_core.verb:set package 'bev_processor' build argument 'cmake_force_configure' from command line to 'False'
[0.919s] Level 5:colcon.colcon_core.verb:set package 'bev_processor' build argument 'ament_cmake_args' from command line to 'None'
[0.919s] Level 5:colcon.colcon_core.verb:set package 'bev_processor' build argument 'catkin_cmake_args' from command line to 'None'
[0.919s] Level 5:colcon.colcon_core.verb:set package 'bev_processor' build argument 'catkin_skip_building_tests' from command line to 'False'
[0.919s] DEBUG:colcon.colcon_core.verb:Building package 'bev_processor' with the following arguments: {'ament_cmake_args': None, 'build_base': '/home/autopilot03/Desktop/f1tenth_test0804/f1tenth_project_repo/build/bev_processor', 'catkin_cmake_args': None, 'catkin_skip_building_tests': False, 'cmake_args': ['-DCMAKE_BUILD_TYPE=Release', '-DCMAKE_CUDA_COMPILER=/usr/local/cuda/bin/nvcc'], 'cmake_clean_cache': True, 'cmake_clean_first': False, 'cmake_force_configure': False, 'cmake_target': None, 'cmake_target_skip_unavailable': False, 'install_base': '/home/autopilot03/Desktop/f1tenth_test0804/f1tenth_project_repo/install/bev_processor', 'merge_install': False, 'path': '/home/autopilot03/Desktop/f1tenth_test0804/f1tenth_project_repo/src/bev_processor', 'symlink_install': False, 'test_result_base': None}
[0.920s] INFO:colcon.colcon_core.executor:Executing jobs using 'parallel' executor
[0.922s] DEBUG:colcon.colcon_parallel_executor.executor.parallel:run_until_complete
[0.923s] INFO:colcon.colcon_ros.task.ament_cmake.build:Building ROS package in '/home/autopilot03/Desktop/f1tenth_test0804/f1tenth_project_repo/src/camera_driver' with build type 'ament_cmake'
[0.923s] INFO:colcon.colcon_cmake.task.cmake.build:Building CMake package in '/home/autopilot03/Desktop/f1tenth_test0804/f1tenth_project_repo/src/camera_driver'
[0.928s] INFO:colcon.colcon_core.plugin_system:Skipping extension 'colcon_core.shell.bat': Not used on non-Windows systems
[0.929s] INFO:colcon.colcon_core.shell:Skip shell extension 'powershell' for command environment: Not usable outside of PowerShell
[0.929s] DEBUG:colcon.colcon_core.shell:Skip shell extension 'dsv' for command environment
[0.947s] DEBUG:colcon.colcon_core.event_handler.log_command:Invoking command in '/home/autopilot03/Desktop/f1tenth_test0804/f1tenth_project_repo/build/camera_driver': CMAKE_PREFIX_PATH=${CMAKE_PREFIX_PATH}:/opt/ros/humble /usr/bin/cmake /home/autopilot03/Desktop/f1tenth_test0804/f1tenth_project_repo/src/camera_driver -DCMAKE_BUILD_TYPE=Release -DCMAKE_CUDA_COMPILER=/usr/local/cuda/bin/nvcc -DCMAKE_INSTALL_PREFIX=/home/autopilot03/Desktop/f1tenth_test0804/f1tenth_project_repo/install/camera_driver
[3.945s] DEBUG:colcon.colcon_core.event_handler.log_command:Invoked command in '/home/autopilot03/Desktop/f1tenth_test0804/f1tenth_project_repo/build/camera_driver' returned '0': CMAKE_PREFIX_PATH=${CMAKE_PREFIX_PATH}:/opt/ros/humble /usr/bin/cmake /home/autopilot03/Desktop/f1tenth_test0804/f1tenth_project_repo/src/camera_driver -DCMAKE_BUILD_TYPE=Release -DCMAKE_CUDA_COMPILER=/usr/local/cuda/bin/nvcc -DCMAKE_INSTALL_PREFIX=/home/autopilot03/Desktop/f1tenth_test0804/f1tenth_project_repo/install/camera_driver
[3.952s] DEBUG:colcon.colcon_core.event_handler.log_command:Invoking command in '/home/autopilot03/Desktop/f1tenth_test0804/f1tenth_project_repo/build/camera_driver': CMAKE_PREFIX_PATH=${CMAKE_PREFIX_PATH}:/opt/ros/humble /usr/bin/cmake --build /home/autopilot03/Desktop/f1tenth_test0804/f1tenth_project_repo/build/camera_driver -- -j6 -l6
[4.261s] DEBUG:colcon.colcon_core.event_handler.log_command:Invoked command in '/home/autopilot03/Desktop/f1tenth_test0804/f1tenth_project_repo/build/camera_driver' returned '0': CMAKE_PREFIX_PATH=${CMAKE_PREFIX_PATH}:/opt/ros/humble /usr/bin/cmake --build /home/autopilot03/Desktop/f1tenth_test0804/f1tenth_project_repo/build/camera_driver -- -j6 -l6
[4.290s] DEBUG:colcon.colcon_core.event_handler.log_command:Invoking command in '/home/autopilot03/Desktop/f1tenth_test0804/f1tenth_project_repo/build/camera_driver': CMAKE_PREFIX_PATH=${CMAKE_PREFIX_PATH}:/opt/ros/humble /usr/bin/cmake --install /home/autopilot03/Desktop/f1tenth_test0804/f1tenth_project_repo/build/camera_driver
[4.318s] Level 1:colcon.colcon_core.environment:create_environment_scripts_only(camera_driver)
[4.322s] DEBUG:colcon.colcon_core.event_handler.log_command:Invoked command in '/home/autopilot03/Desktop/f1tenth_test0804/f1tenth_project_repo/build/camera_driver' returned '0': CMAKE_PREFIX_PATH=${CMAKE_PREFIX_PATH}:/opt/ros/humble /usr/bin/cmake --install /home/autopilot03/Desktop/f1tenth_test0804/f1tenth_project_repo/build/camera_driver
[4.329s] Level 1:colcon.colcon_core.environment:checking '/home/autopilot03/Desktop/f1tenth_test0804/f1tenth_project_repo/install/camera_driver' for CMake module files
[4.332s] Level 1:colcon.colcon_core.environment:checking '/home/autopilot03/Desktop/f1tenth_test0804/f1tenth_project_repo/install/camera_driver' for CMake config files
[4.333s] Level 1:colcon.colcon_core.shell:create_environment_hook('camera_driver', 'cmake_prefix_path')
[4.334s] INFO:colcon.colcon_core.shell:Creating environment hook '/home/autopilot03/Desktop/f1tenth_test0804/f1tenth_project_repo/install/camera_driver/share/camera_driver/hook/cmake_prefix_path.ps1'
[4.337s] INFO:colcon.colcon_core.shell:Creating environment descriptor '/home/autopilot03/Desktop/f1tenth_test0804/f1tenth_project_repo/install/camera_driver/share/camera_driver/hook/cmake_prefix_path.dsv'
[4.338s] INFO:colcon.colcon_core.shell:Creating environment hook '/home/autopilot03/Desktop/f1tenth_test0804/f1tenth_project_repo/install/camera_driver/share/camera_driver/hook/cmake_prefix_path.sh'
[4.342s] Level 1:colcon.colcon_core.environment:checking '/home/autopilot03/Desktop/f1tenth_test0804/f1tenth_project_repo/install/camera_driver/lib'
[4.342s] Level 1:colcon.colcon_core.shell:create_environment_hook('camera_driver', 'ld_library_path_lib')
[4.343s] INFO:colcon.colcon_core.shell:Creating environment hook '/home/autopilot03/Desktop/f1tenth_test0804/f1tenth_project_repo/install/camera_driver/share/camera_driver/hook/ld_library_path_lib.ps1'
[4.345s] INFO:colcon.colcon_core.shell:Creating environment descriptor '/home/autopilot03/Desktop/f1tenth_test0804/f1tenth_project_repo/install/camera_driver/share/camera_driver/hook/ld_library_path_lib.dsv'
[4.346s] INFO:colcon.colcon_core.shell:Creating environment hook '/home/autopilot03/Desktop/f1tenth_test0804/f1tenth_project_repo/install/camera_driver/share/camera_driver/hook/ld_library_path_lib.sh'
[4.347s] Level 1:colcon.colcon_core.environment:checking '/home/autopilot03/Desktop/f1tenth_test0804/f1tenth_project_repo/install/camera_driver/bin'
[4.348s] Level 1:colcon.colcon_core.environment:checking '/home/autopilot03/Desktop/f1tenth_test0804/f1tenth_project_repo/install/camera_driver/lib/pkgconfig/camera_driver.pc'
[4.349s] Level 1:colcon.colcon_core.environment:checking '/home/autopilot03/Desktop/f1tenth_test0804/f1tenth_project_repo/install/camera_driver/lib/python3.10/site-packages'
[4.350s] Level 1:colcon.colcon_core.environment:checking '/home/autopilot03/Desktop/f1tenth_test0804/f1tenth_project_repo/install/camera_driver/bin'
[4.351s] INFO:colcon.colcon_core.shell:Creating package script '/home/autopilot03/Desktop/f1tenth_test0804/f1tenth_project_repo/install/camera_driver/share/camera_driver/package.ps1'
[4.356s] INFO:colcon.colcon_core.shell:Creating package descriptor '/home/autopilot03/Desktop/f1tenth_test0804/f1tenth_project_repo/install/camera_driver/share/camera_driver/package.dsv'
[4.358s] INFO:colcon.colcon_core.shell:Creating package script '/home/autopilot03/Desktop/f1tenth_test0804/f1tenth_project_repo/install/camera_driver/share/camera_driver/package.sh'
[4.361s] INFO:colcon.colcon_core.shell:Creating package script '/home/autopilot03/Desktop/f1tenth_test0804/f1tenth_project_repo/install/camera_driver/share/camera_driver/package.bash'
[4.363s] INFO:colcon.colcon_core.shell:Creating package script '/home/autopilot03/Desktop/f1tenth_test0804/f1tenth_project_repo/install/camera_driver/share/camera_driver/package.zsh'
[4.366s] Level 1:colcon.colcon_core.environment:create_file_with_runtime_dependencies(/home/autopilot03/Desktop/f1tenth_test0804/f1tenth_project_repo/install/camera_driver/share/colcon-core/packages/camera_driver)
[4.368s] Level 1:colcon.colcon_core.environment:create_environment_scripts_only(camera_driver)
[4.369s] Level 1:colcon.colcon_core.environment:checking '/home/autopilot03/Desktop/f1tenth_test0804/f1tenth_project_repo/install/camera_driver' for CMake module files
[4.370s] Level 1:colcon.colcon_core.environment:checking '/home/autopilot03/Desktop/f1tenth_test0804/f1tenth_project_repo/install/camera_driver' for CMake config files
[4.371s] Level 1:colcon.colcon_core.shell:create_environment_hook('camera_driver', 'cmake_prefix_path')
[4.371s] INFO:colcon.colcon_core.shell:Creating environment hook '/home/autopilot03/Desktop/f1tenth_test0804/f1tenth_project_repo/install/camera_driver/share/camera_driver/hook/cmake_prefix_path.ps1'
[4.373s] INFO:colcon.colcon_core.shell:Creating environment descriptor '/home/autopilot03/Desktop/f1tenth_test0804/f1tenth_project_repo/install/camera_driver/share/camera_driver/hook/cmake_prefix_path.dsv'
[4.374s] INFO:colcon.colcon_core.shell:Creating environment hook '/home/autopilot03/Desktop/f1tenth_test0804/f1tenth_project_repo/install/camera_driver/share/camera_driver/hook/cmake_prefix_path.sh'
[4.376s] Level 1:colcon.colcon_core.environment:checking '/home/autopilot03/Desktop/f1tenth_test0804/f1tenth_project_repo/install/camera_driver/lib'
[4.376s] Level 1:colcon.colcon_core.shell:create_environment_hook('camera_driver', 'ld_library_path_lib')
[4.377s] INFO:colcon.colcon_core.shell:Creating environment hook '/home/autopilot03/Desktop/f1tenth_test0804/f1tenth_project_repo/install/camera_driver/share/camera_driver/hook/ld_library_path_lib.ps1'
[4.378s] INFO:colcon.colcon_core.shell:Creating environment descriptor '/home/autopilot03/Desktop/f1tenth_test0804/f1tenth_project_repo/install/camera_driver/share/camera_driver/hook/ld_library_path_lib.dsv'
[4.380s] INFO:colcon.colcon_core.shell:Creating environment hook '/home/autopilot03/Desktop/f1tenth_test0804/f1tenth_project_repo/install/camera_driver/share/camera_driver/hook/ld_library_path_lib.sh'
[4.383s] Level 1:colcon.colcon_core.environment:checking '/home/autopilot03/Desktop/f1tenth_test0804/f1tenth_project_repo/install/camera_driver/bin'
[4.383s] Level 1:colcon.colcon_core.environment:checking '/home/autopilot03/Desktop/f1tenth_test0804/f1tenth_project_repo/install/camera_driver/lib/pkgconfig/camera_driver.pc'
[4.384s] Level 1:colcon.colcon_core.environment:checking '/home/autopilot03/Desktop/f1tenth_test0804/f1tenth_project_repo/install/camera_driver/lib/python3.10/site-packages'
[4.385s] Level 1:colcon.colcon_core.environment:checking '/home/autopilot03/Desktop/f1tenth_test0804/f1tenth_project_repo/install/camera_driver/bin'
[4.385s] INFO:colcon.colcon_core.shell:Creating package script '/home/autopilot03/Desktop/f1tenth_test0804/f1tenth_project_repo/install/camera_driver/share/camera_driver/package.ps1'
[4.388s] INFO:colcon.colcon_core.shell:Creating package descriptor '/home/autopilot03/Desktop/f1tenth_test0804/f1tenth_project_repo/install/camera_driver/share/camera_driver/package.dsv'
[4.390s] INFO:colcon.colcon_core.shell:Creating package script '/home/autopilot03/Desktop/f1tenth_test0804/f1tenth_project_repo/install/camera_driver/share/camera_driver/package.sh'
[4.391s] INFO:colcon.colcon_core.shell:Creating package script '/home/autopilot03/Desktop/f1tenth_test0804/f1tenth_project_repo/install/camera_driver/share/camera_driver/package.bash'
[4.392s] INFO:colcon.colcon_core.shell:Creating package script '/home/autopilot03/Desktop/f1tenth_test0804/f1tenth_project_repo/install/camera_driver/share/camera_driver/package.zsh'
[4.393s] Level 1:colcon.colcon_core.environment:create_file_with_runtime_dependencies(/home/autopilot03/Desktop/f1tenth_test0804/f1tenth_project_repo/install/camera_driver/share/colcon-core/packages/camera_driver)
[4.394s] INFO:colcon.colcon_ros.task.ament_cmake.build:Building ROS package in '/home/autopilot03/Desktop/f1tenth_test0804/f1tenth_project_repo/src/bev_processor' with build type 'ament_cmake'
[4.395s] INFO:colcon.colcon_cmake.task.cmake.build:Building CMake package in '/home/autopilot03/Desktop/f1tenth_test0804/f1tenth_project_repo/src/bev_processor'
[4.396s] INFO:colcon.colcon_core.shell:Skip shell extension 'powershell' for command environment: Not usable outside of PowerShell
[4.396s] DEBUG:colcon.colcon_core.shell:Skip shell extension 'dsv' for command environment
[4.422s] DEBUG:colcon.colcon_core.event_handler.log_command:Invoking command in '/home/autopilot03/Desktop/f1tenth_test0804/f1tenth_project_repo/build/bev_processor': CMAKE_PREFIX_PATH=/home/autopilot03/Desktop/f1tenth_test0804/f1tenth_project_repo/install/camera_driver:/home/autopilot03/Desktop/f1tenth_test0804/f1tenth_project_repo/install/bev_processor:/opt/ros/humble LD_LIBRARY_PATH=/home/autopilot03/Desktop/f1tenth_test0804/f1tenth_project_repo/install/camera_driver/lib:/home/autopilot03/Desktop/f1tenth_test0804/f1tenth_project_repo/install/bev_processor/lib:/opt/ros/humble/opt/rviz_ogre_vendor/lib:/opt/ros/humble/lib/aarch64-linux-gnu:/opt/ros/humble/lib:/usr/local/cuda/lib64 /usr/bin/cmake /home/autopilot03/Desktop/f1tenth_test0804/f1tenth_project_repo/src/bev_processor -DCMAKE_BUILD_TYPE=Release -DCMAKE_CUDA_COMPILER=/usr/local/cuda/bin/nvcc -DCMAKE_INSTALL_PREFIX=/home/autopilot03/Desktop/f1tenth_test0804/f1tenth_project_repo/install/bev_processor
[11.910s] DEBUG:colcon.colcon_core.event_handler.log_command:Invoked command in '/home/autopilot03/Desktop/f1tenth_test0804/f1tenth_project_repo/build/bev_processor' returned '0': CMAKE_PREFIX_PATH=/home/autopilot03/Desktop/f1tenth_test0804/f1tenth_project_repo/install/camera_driver:/home/autopilot03/Desktop/f1tenth_test0804/f1tenth_project_repo/install/bev_processor:/opt/ros/humble LD_LIBRARY_PATH=/home/autopilot03/Desktop/f1tenth_test0804/f1tenth_project_repo/install/camera_driver/lib:/home/autopilot03/Desktop/f1tenth_test0804/f1tenth_project_repo/install/bev_processor/lib:/opt/ros/humble/opt/rviz_ogre_vendor/lib:/opt/ros/humble/lib/aarch64-linux-gnu:/opt/ros/humble/lib:/usr/local/cuda/lib64 /usr/bin/cmake /home/autopilot03/Desktop/f1tenth_test0804/f1tenth_project_repo/src/bev_processor -DCMAKE_BUILD_TYPE=Release -DCMAKE_CUDA_COMPILER=/usr/local/cuda/bin/nvcc -DCMAKE_INSTALL_PREFIX=/home/autopilot03/Desktop/f1tenth_test0804/f1tenth_project_repo/install/bev_processor
[11.916s] DEBUG:colcon.colcon_core.event_handler.log_command:Invoking command in '/home/autopilot03/Desktop/f1tenth_test0804/f1tenth_project_repo/build/bev_processor': CMAKE_PREFIX_PATH=/home/autopilot03/Desktop/f1tenth_test0804/f1tenth_project_repo/install/camera_driver:/home/autopilot03/Desktop/f1tenth_test0804/f1tenth_project_repo/install/bev_processor:/opt/ros/humble LD_LIBRARY_PATH=/home/autopilot03/Desktop/f1tenth_test0804/f1tenth_project_repo/install/camera_driver/lib:/home/autopilot03/Desktop/f1tenth_test0804/f1tenth_project_repo/install/bev_processor/lib:/opt/ros/humble/opt/rviz_ogre_vendor/lib:/opt/ros/humble/lib/aarch64-linux-gnu:/opt/ros/humble/lib:/usr/local/cuda/lib64 /usr/bin/cmake --build /home/autopilot03/Desktop/f1tenth_test0804/f1tenth_project_repo/build/bev_processor -- -j6 -l6
[54.489s] DEBUG:colcon.colcon_core.event_handler.log_command:Invoked command in '/home/autopilot03/Desktop/f1tenth_test0804/f1tenth_project_repo/build/bev_processor' returned '0': CMAKE_PREFIX_PATH=/home/autopilot03/Desktop/f1tenth_test0804/f1tenth_project_repo/install/camera_driver:/home/autopilot03/Desktop/f1tenth_test0804/f1tenth_project_repo/install/bev_processor:/opt/ros/humble LD_LIBRARY_PATH=/home/autopilot03/Desktop/f1tenth_test0804/f1tenth_project_repo/install/camera_driver/lib:/home/autopilot03/Desktop/f1tenth_test0804/f1tenth_project_repo/install/bev_processor/lib:/opt/ros/humble/opt/rviz_ogre_vendor/lib:/opt/ros/humble/lib/aarch64-linux-gnu:/opt/ros/humble/lib:/usr/local/cuda/lib64 /usr/bin/cmake --build /home/autopilot03/Desktop/f1tenth_test0804/f1tenth_project_repo/build/bev_processor -- -j6 -l6
[54.494s] DEBUG:colcon.colcon_core.event_handler.log_command:Invoking command in '/home/autopilot03/Desktop/f1tenth_test0804/f1tenth_project_repo/build/bev_processor': CMAKE_PREFIX_PATH=/home/autopilot03/Desktop/f1tenth_test0804/f1tenth_project_repo/install/camera_driver:/home/autopilot03/Desktop/f1tenth_test0804/f1tenth_project_repo/install/bev_processor:/opt/ros/humble LD_LIBRARY_PATH=/home/autopilot03/Desktop/f1tenth_test0804/f1tenth_project_repo/install/camera_driver/lib:/home/autopilot03/Desktop/f1tenth_test0804/f1tenth_project_repo/install/bev_processor/lib:/opt/ros/humble/opt/rviz_ogre_vendor/lib:/opt/ros/humble/lib/aarch64-linux-gnu:/opt/ros/humble/lib:/usr/local/cuda/lib64 /usr/bin/cmake --install /home/autopilot03/Desktop/f1tenth_test0804/f1tenth_project_repo/build/bev_processor
[54.525s] Level 1:colcon.colcon_core.environment:create_environment_scripts_only(bev_processor)
[54.526s] Level 1:colcon.colcon_core.environment:checking '/home/autopilot03/Desktop/f1tenth_test0804/f1tenth_project_repo/install/bev_processor' for CMake module files
[54.528s] Level 1:colcon.colcon_core.environment:checking '/home/autopilot03/Desktop/f1tenth_test0804/f1tenth_project_repo/install/bev_processor' for CMake config files
[54.532s] DEBUG:colcon.colcon_core.event_handler.log_command:Invoked command in '/home/autopilot03/Desktop/f1tenth_test0804/f1tenth_project_repo/build/bev_processor' returned '0': CMAKE_PREFIX_PATH=/home/autopilot03/Desktop/f1tenth_test0804/f1tenth_project_repo/install/camera_driver:/home/autopilot03/Desktop/f1tenth_test0804/f1tenth_project_repo/install/bev_processor:/opt/ros/humble LD_LIBRARY_PATH=/home/autopilot03/Desktop/f1tenth_test0804/f1tenth_project_repo/install/camera_driver/lib:/home/autopilot03/Desktop/f1tenth_test0804/f1tenth_project_repo/install/bev_processor/lib:/opt/ros/humble/opt/rviz_ogre_vendor/lib:/opt/ros/humble/lib/aarch64-linux-gnu:/opt/ros/humble/lib:/usr/local/cuda/lib64 /usr/bin/cmake --install /home/autopilot03/Desktop/f1tenth_test0804/f1tenth_project_repo/build/bev_processor
[54.532s] Level 1:colcon.colcon_core.shell:create_environment_hook('bev_processor', 'cmake_prefix_path')
[54.533s] INFO:colcon.colcon_core.shell:Creating environment hook '/home/autopilot03/Desktop/f1tenth_test0804/f1tenth_project_repo/install/bev_processor/share/bev_processor/hook/cmake_prefix_path.ps1'
[54.534s] INFO:colcon.colcon_core.shell:Creating environment descriptor '/home/autopilot03/Desktop/f1tenth_test0804/f1tenth_project_repo/install/bev_processor/share/bev_processor/hook/cmake_prefix_path.dsv'
[54.535s] INFO:colcon.colcon_core.shell:Creating environment hook '/home/autopilot03/Desktop/f1tenth_test0804/f1tenth_project_repo/install/bev_processor/share/bev_processor/hook/cmake_prefix_path.sh'
[54.537s] Level 1:colcon.colcon_core.environment:checking '/home/autopilot03/Desktop/f1tenth_test0804/f1tenth_project_repo/install/bev_processor/lib'
[54.538s] Level 1:colcon.colcon_core.shell:create_environment_hook('bev_processor', 'ld_library_path_lib')
[54.539s] INFO:colcon.colcon_core.shell:Creating environment hook '/home/autopilot03/Desktop/f1tenth_test0804/f1tenth_project_repo/install/bev_processor/share/bev_processor/hook/ld_library_path_lib.ps1'
[54.541s] INFO:colcon.colcon_core.shell:Creating environment descriptor '/home/autopilot03/Desktop/f1tenth_test0804/f1tenth_project_repo/install/bev_processor/share/bev_processor/hook/ld_library_path_lib.dsv'
[54.543s] INFO:colcon.colcon_core.shell:Creating environment hook '/home/autopilot03/Desktop/f1tenth_test0804/f1tenth_project_repo/install/bev_processor/share/bev_processor/hook/ld_library_path_lib.sh'
[54.547s] Level 1:colcon.colcon_core.environment:checking '/home/autopilot03/Desktop/f1tenth_test0804/f1tenth_project_repo/install/bev_processor/bin'
[54.548s] Level 1:colcon.colcon_core.environment:checking '/home/autopilot03/Desktop/f1tenth_test0804/f1tenth_project_repo/install/bev_processor/lib/pkgconfig/bev_processor.pc'
[54.549s] Level 1:colcon.colcon_core.environment:checking '/home/autopilot03/Desktop/f1tenth_test0804/f1tenth_project_repo/install/bev_processor/lib/python3.10/site-packages'
[54.550s] Level 1:colcon.colcon_core.environment:checking '/home/autopilot03/Desktop/f1tenth_test0804/f1tenth_project_repo/install/bev_processor/bin'
[54.551s] INFO:colcon.colcon_core.shell:Creating package script '/home/autopilot03/Desktop/f1tenth_test0804/f1tenth_project_repo/install/bev_processor/share/bev_processor/package.ps1'
[54.554s] INFO:colcon.colcon_core.shell:Creating package descriptor '/home/autopilot03/Desktop/f1tenth_test0804/f1tenth_project_repo/install/bev_processor/share/bev_processor/package.dsv'
[54.556s] INFO:colcon.colcon_core.shell:Creating package script '/home/autopilot03/Desktop/f1tenth_test0804/f1tenth_project_repo/install/bev_processor/share/bev_processor/package.sh'
[54.557s] INFO:colcon.colcon_core.shell:Creating package script '/home/autopilot03/Desktop/f1tenth_test0804/f1tenth_project_repo/install/bev_processor/share/bev_processor/package.bash'
[54.558s] INFO:colcon.colcon_core.shell:Creating package script '/home/autopilot03/Desktop/f1tenth_test0804/f1tenth_project_repo/install/bev_processor/share/bev_processor/package.zsh'
[54.559s] Level 1:colcon.colcon_core.environment:create_file_with_runtime_dependencies(/home/autopilot03/Desktop/f1tenth_test0804/f1tenth_project_repo/install/bev_processor/share/colcon-core/packages/bev_processor)
[54.561s] Level 1:colcon.colcon_core.environment:create_environment_scripts_only(bev_processor)
[54.562s] Level 1:colcon.colcon_core.environment:checking '/home/autopilot03/Desktop/f1tenth_test0804/f1tenth_project_repo/install/bev_processor' for CMake module files
[54.563s] Level 1:colcon.colcon_core.environment:checking '/home/autopilot03/Desktop/f1tenth_test0804/f1tenth_project_repo/install/bev_processor' for CMake config files
[54.564s] Level 1:colcon.colcon_core.shell:create_environment_hook('bev_processor', 'cmake_prefix_path')
[54.565s] INFO:colcon.colcon_core.shell:Creating environment hook '/home/autopilot03/Desktop/f1tenth_test0804/f1tenth_project_repo/install/bev_processor/share/bev_processor/hook/cmake_prefix_path.ps1'
[54.566s] INFO:colcon.colcon_core.shell:Creating environment descriptor '/home/autopilot03/Desktop/f1tenth_test0804/f1tenth_project_repo/install/bev_processor/share/bev_processor/hook/cmake_prefix_path.dsv'
[54.567s] INFO:colcon.colcon_core.shell:Creating environment hook '/home/autopilot03/Desktop/f1tenth_test0804/f1tenth_project_repo/install/bev_processor/share/bev_processor/hook/cmake_prefix_path.sh'
[54.568s] Level 1:colcon.colcon_core.environment:checking '/home/autopilot03/Desktop/f1tenth_test0804/f1tenth_project_repo/install/bev_processor/lib'
[54.569s] Level 1:colcon.colcon_core.shell:create_environment_hook('bev_processor', 'ld_library_path_lib')
[54.569s] INFO:colcon.colcon_core.shell:Creating environment hook '/home/autopilot03/Desktop/f1tenth_test0804/f1tenth_project_repo/install/bev_processor/share/bev_processor/hook/ld_library_path_lib.ps1'
[54.570s] INFO:colcon.colcon_core.shell:Creating environment descriptor '/home/autopilot03/Desktop/f1tenth_test0804/f1tenth_project_repo/install/bev_processor/share/bev_processor/hook/ld_library_path_lib.dsv'
[54.571s] INFO:colcon.colcon_core.shell:Creating environment hook '/home/autopilot03/Desktop/f1tenth_test0804/f1tenth_project_repo/install/bev_processor/share/bev_processor/hook/ld_library_path_lib.sh'
[54.572s] Level 1:colcon.colcon_core.environment:checking '/home/autopilot03/Desktop/f1tenth_test0804/f1tenth_project_repo/install/bev_processor/bin'
[54.572s] Level 1:colcon.colcon_core.environment:checking '/home/autopilot03/Desktop/f1tenth_test0804/f1tenth_project_repo/install/bev_processor/lib/pkgconfig/bev_processor.pc'
[54.573s] Level 1:colcon.colcon_core.environment:checking '/home/autopilot03/Desktop/f1tenth_test0804/f1tenth_project_repo/install/bev_processor/lib/python3.10/site-packages'
[54.574s] Level 1:colcon.colcon_core.environment:checking '/home/autopilot03/Desktop/f1tenth_test0804/f1tenth_project_repo/install/bev_processor/bin'
[54.575s] INFO:colcon.colcon_core.shell:Creating package script '/home/autopilot03/Desktop/f1tenth_test0804/f1tenth_project_repo/install/bev_processor/share/bev_processor/package.ps1'
[54.577s] INFO:colcon.colcon_core.shell:Creating package descriptor '/home/autopilot03/Desktop/f1tenth_test0804/f1tenth_project_repo/install/bev_processor/share/bev_processor/package.dsv'
[54.578s] INFO:colcon.colcon_core.shell:Creating package script '/home/autopilot03/Desktop/f1tenth_test0804/f1tenth_project_repo/install/bev_processor/share/bev_processor/package.sh'
[54.579s] INFO:colcon.colcon_core.shell:Creating package script '/home/autopilot03/Desktop/f1tenth_test0804/f1tenth_project_repo/install/bev_processor/share/bev_processor/package.bash'
[54.580s] INFO:colcon.colcon_core.shell:Creating package script '/home/autopilot03/Desktop/f1tenth_test0804/f1tenth_project_repo/install/bev_processor/share/bev_processor/package.zsh'
[54.581s] Level 1:colcon.colcon_core.environment:create_file_with_runtime_dependencies(/home/autopilot03/Desktop/f1tenth_test0804/f1tenth_project_repo/install/bev_processor/share/colcon-core/packages/bev_processor)
[54.582s] DEBUG:colcon.colcon_parallel_executor.executor.parallel:closing loop
[54.583s] DEBUG:colcon.colcon_parallel_executor.executor.parallel:loop closed
[54.583s] DEBUG:colcon.colcon_parallel_executor.executor.parallel:run_until_complete finished with '0'
[54.584s] DEBUG:colcon.colcon_core.event_reactor:joining thread
[54.603s] INFO:colcon.colcon_core.plugin_system:Skipping extension 'colcon_notification.desktop_notification.terminal_notifier': Not used on non-Darwin systems
[54.604s] INFO:colcon.colcon_core.plugin_system:Skipping extension 'colcon_notification.desktop_notification.win32': Not used on non-Windows systems
[54.604s] INFO:colcon.colcon_notification.desktop_notification:Sending desktop notification using 'notify2'
[54.653s] DEBUG:colcon.colcon_core.event_reactor:joined thread
[54.654s] INFO:colcon.colcon_core.shell:Creating prefix script '/home/autopilot03/Desktop/f1tenth_test0804/f1tenth_project_repo/install/local_setup.ps1'
[54.657s] INFO:colcon.colcon_core.shell:Creating prefix util module '/home/autopilot03/Desktop/f1tenth_test0804/f1tenth_project_repo/install/_local_setup_util_ps1.py'
[54.660s] INFO:colcon.colcon_core.shell:Creating prefix chain script '/home/autopilot03/Desktop/f1tenth_test0804/f1tenth_project_repo/install/setup.ps1'
[54.663s] INFO:colcon.colcon_core.shell:Creating prefix script '/home/autopilot03/Desktop/f1tenth_test0804/f1tenth_project_repo/install/local_setup.sh'
[54.665s] INFO:colcon.colcon_core.shell:Creating prefix util module '/home/autopilot03/Desktop/f1tenth_test0804/f1tenth_project_repo/install/_local_setup_util_sh.py'
[54.669s] INFO:colcon.colcon_core.shell:Creating prefix chain script '/home/autopilot03/Desktop/f1tenth_test0804/f1tenth_project_repo/install/setup.sh'
[54.672s] INFO:colcon.colcon_core.shell:Creating prefix script '/home/autopilot03/Desktop/f1tenth_test0804/f1tenth_project_repo/install/local_setup.bash'
[54.673s] INFO:colcon.colcon_core.shell:Creating prefix chain script '/home/autopilot03/Desktop/f1tenth_test0804/f1tenth_project_repo/install/setup.bash'
[54.676s] INFO:colcon.colcon_core.shell:Creating prefix script '/home/autopilot03/Desktop/f1tenth_test0804/f1tenth_project_repo/install/local_setup.zsh'
[54.677s] INFO:colcon.colcon_core.shell:Creating prefix chain script '/home/autopilot03/Desktop/f1tenth_test0804/f1tenth_project_repo/install/setup.zsh'
