[0.018s] Invoking command in '/home/autopilot03/Desktop/f1tenth_test0804/f1tenth_project_repo/build/camera_driver': CMAKE_PREFIX_PATH=/opt/ros/humble /usr/bin/cmake /home/autopilot03/Desktop/f1tenth_test0804/f1tenth_project_repo/src/camera_driver -DCMAKE_BUILD_TYPE=Release -DCMAKE_CUDA_COMPILER=/usr/local/cuda/bin/nvcc -DCMAKE_INSTALL_PREFIX=/home/autopilot03/Desktop/f1tenth_test0804/f1tenth_project_repo/install/camera_driver
[0.137s] -- The C compiler identification is GNU 11.4.0
[0.264s] -- The CXX compiler identification is GNU 11.4.0
[0.283s] -- Detecting C compiler ABI info
[0.440s] -- Detecting C compiler ABI info - done
[0.465s] -- Check for working C compiler: /usr/bin/cc - skipped
[0.465s] -- Detecting C compile features
[0.465s] -- Detecting C compile features - done
[0.475s] -- Detecting CXX compiler ABI info
[0.645s] -- Detecting CXX compiler ABI info - done
[0.668s] -- Check for working CXX compiler: /usr/bin/c++ - skipped
[0.668s] -- Detecting CXX compile features
[0.669s] -- Detecting CXX compile features - done
[0.674s] -- Found ament_cmake: 1.3.14 (/opt/ros/humble/share/ament_cmake/cmake)
[1.029s] -- Found Python3: /usr/bin/python3 (found version "3.10.12") found components: Interpreter 
[1.253s] -- Found rclcpp: 16.0.19 (/opt/ros/humble/share/rclcpp/cmake)
[1.340s] -- Found rosidl_generator_c: 3.1.8 (/opt/ros/humble/share/rosidl_generator_c/cmake)
[1.350s] -- Found rosidl_adapter: 3.1.8 (/opt/ros/humble/share/rosidl_adapter/cmake)
[1.367s] -- Found rosidl_generator_cpp: 3.1.8 (/opt/ros/humble/share/rosidl_generator_cpp/cmake)
[1.391s] -- Using all available rosidl_typesupport_c: rosidl_typesupport_fastrtps_c;rosidl_typesupport_introspection_c
[1.423s] -- Using all available rosidl_typesupport_cpp: rosidl_typesupport_fastrtps_cpp;rosidl_typesupport_introspection_cpp
[1.510s] -- Found rmw_implementation_cmake: 6.1.2 (/opt/ros/humble/share/rmw_implementation_cmake/cmake)
[1.515s] -- Found rmw_fastrtps_cpp: 6.2.10 (/opt/ros/humble/share/rmw_fastrtps_cpp/cmake)
[1.693s] -- Found OpenSSL: /usr/lib/aarch64-linux-gnu/libcrypto.so (found version "3.0.2")  
[1.753s] -- Found FastRTPS: /opt/ros/humble/include  
[1.839s] -- Using RMW implementation 'rmw_fastrtps_cpp' as default
[1.856s] -- Looking for pthread.h
[2.012s] -- Looking for pthread.h - found
[2.013s] -- Performing Test CMAKE_HAVE_LIBC_PTHREAD
[2.195s] -- Performing Test CMAKE_HAVE_LIBC_PTHREAD - Success
[2.198s] -- Found Threads: TRUE  
[2.355s] -- Found rclcpp_components: 16.0.19 (/opt/ros/humble/share/rclcpp_components/cmake)
[2.414s] -- Found sensor_msgs: 4.9.1 (/opt/ros/humble/share/sensor_msgs/cmake)
[2.502s] -- Found OpenCV: /usr (found suitable version "4.8.0", minimum required is "4") found components: core highgui imgproc 
[2.544s] -- Performing Test arch_native_supported
[2.714s] -- Performing Test arch_native_supported - Success
[2.901s] -- Configuring done
[2.960s] -- Generating done
[2.963s] [33mCMake Warning:
[2.963s]   Manually-specified variables were not used by the project:
[2.964s] 
[2.964s]     CMAKE_CUDA_COMPILER
[2.964s] 
[2.965s] [0m
[2.976s] -- Build files have been written to: /home/autopilot03/Desktop/f1tenth_test0804/f1tenth_project_repo/build/camera_driver
[3.010s] Invoked command in '/home/autopilot03/Desktop/f1tenth_test0804/f1tenth_project_repo/build/camera_driver' returned '0': CMAKE_PREFIX_PATH=/opt/ros/humble /usr/bin/cmake /home/autopilot03/Desktop/f1tenth_test0804/f1tenth_project_repo/src/camera_driver -DCMAKE_BUILD_TYPE=Release -DCMAKE_CUDA_COMPILER=/usr/local/cuda/bin/nvcc -DCMAKE_INSTALL_PREFIX=/home/autopilot03/Desktop/f1tenth_test0804/f1tenth_project_repo/install/camera_driver
[3.016s] Invoking command in '/home/autopilot03/Desktop/f1tenth_test0804/f1tenth_project_repo/build/camera_driver': CMAKE_PREFIX_PATH=/opt/ros/humble /usr/bin/cmake --build /home/autopilot03/Desktop/f1tenth_test0804/f1tenth_project_repo/build/camera_driver -- -j6 -l6
[3.133s] [ 12%] [32mBuilding CXX object CMakeFiles/camera_imu_stabilizer.dir/src/imu_image_stabilizer.cpp.o[0m
[7.809s] [ 25%] [32m[1mLinking CXX static library libcamera_imu_stabilizer.a[0m
[7.875s] [ 25%] Built target camera_imu_stabilizer
[7.920s] [ 37%] [32mBuilding CXX object CMakeFiles/imu_image_stabilizer_test.dir/test/imu_image_stabilizer_test.cpp.o[0m
[7.930s] [ 50%] [32mBuilding CXX object CMakeFiles/camera_driver_component.dir/src/camera_driver_node.cpp.o[0m
[10.912s] [ 62%] [32m[1mLinking CXX executable imu_image_stabilizer_test[0m
[11.104s] [ 62%] Built target imu_image_stabilizer_test
[52.761s] In file included from [01m[K/usr/local/include/depthai/utility/Serialization.hpp:6[m[K,
[52.761s]                  from [01m[K/usr/local/include/depthai/common/Point3f.hpp:7[m[K,
[52.762s]                  from [01m[K/usr/local/include/depthai/common/Extrinsics.hpp:9[m[K,
[52.762s]                  from [01m[K/usr/local/include/depthai/common/CameraInfo.hpp:4[m[K,
[52.762s]                  from [01m[K/usr/local/include/depthai/common/EepromData.hpp:7[m[K,
[52.763s]                  from [01m[K/usr/local/include/depthai/device/CalibrationHandler.hpp:11[m[K,
[52.763s]                  from [01m[K/usr/local/include/depthai/depthai.hpp:11[m[K,
[52.763s]                  from [01m[K/home/autopilot03/Desktop/f1tenth_test0804/f1tenth_project_repo/src/camera_driver/src/camera_driver_node.cpp:24[m[K:
[52.763s] /usr/local/include/nlohmann/json.hpp: In instantiation of ‘[01m[Kconstexpr decltype (declval<const basic_json_t&>().get_impl<ValueType>(nlohmann::json_abi_v3_12_0::detail::priority_tag<4>{})) nlohmann::json_abi_v3_12_0::basic_json<ObjectType, ArrayType, StringType, BooleanType, NumberIntegerType, NumberUnsignedType, NumberFloatType, AllocatorType, JSONSerializer, BinaryType, CustomBaseClass>::get() const [with ValueTypeCV = std::pair<float, float>; ValueType = std::pair<float, float>; ObjectType = std::map; ArrayType = std::vector; StringType = std::__cxx11::basic_string<char>; BooleanType = bool; NumberIntegerType = long int; NumberUnsignedType = long unsigned int; NumberFloatType = double; AllocatorType = std::allocator; JSONSerializer = nlohmann::json_abi_v3_12_0::adl_serializer; BinaryType = std::vector<unsigned char, std::allocator<unsigned char> >; CustomBaseClass = void; decltype (declval<const basic_json_t&>().get_impl<ValueType>(nlohmann::json_abi_v3_12_0::detail::priority_tag<4>{})) = std::pair<float, float>; nlohmann::json_abi_v3_12_0::basic_json<ObjectType, ArrayType, StringType, BooleanType, NumberIntegerType, NumberUnsignedType, NumberFloatType, AllocatorType, JSONSerializer, BinaryType, CustomBaseClass>::basic_json_t = nlohmann::json_abi_v3_12_0::basic_json<>][m[K’:
[52.764s] [01m[K/usr/local/include/depthai/common/variant.hpp:16:66:[m[K   required from ‘[01m[Kvoid dai::internal::VariantSwitch<N>::operator()(int, const json&, Variant&) const [with Variant = std::variant<float, std::pair<float, float>, std::vector<float, std::allocator<float> > >; long unsigned int N = 1; json = nlohmann::json_abi_v3_12_0::basic_json<>][m[K’
[52.764s] [01m[K/usr/local/include/depthai/common/variant.hpp:18:35:[m[K   required from ‘[01m[Kvoid dai::internal::VariantSwitch<N>::operator()(int, const json&, Variant&) const [with Variant = std::variant<float, std::pair<float, float>, std::vector<float, std::allocator<float> > >; long unsigned int N = 2; json = nlohmann::json_abi_v3_12_0::basic_json<>][m[K’
[52.764s] [01m[K/usr/local/include/depthai/common/variant.hpp:50:62:[m[K   required from ‘[01m[Kstatic void nlohmann::json_abi_v3_12_0::adl_serializer<std::variant<_Types ...> >::from_json(const json&, std::variant<_Types ...>&) [with Args = {float, std::pair<float, float>, std::vector<float, std::allocator<float> >}; nlohmann::json_abi_v3_12_0::json = nlohmann::json_abi_v3_12_0::basic_json<>][m[K’
[52.765s] [01m[K/usr/local/include/nlohmann/json.hpp:1637:45:[m[K   required from ‘[01m[KValueType nlohmann::json_abi_v3_12_0::basic_json<ObjectType, ArrayType, StringType, BooleanType, NumberIntegerType, NumberUnsignedType, NumberFloatType, AllocatorType, JSONSerializer, BinaryType, CustomBaseClass>::get_impl(nlohmann::json_abi_v3_12_0::detail::priority_tag<0>) const [with ValueType = std::variant<float, std::pair<float, float>, std::vector<float, std::allocator<float> > >; typename std::enable_if<(nlohmann::json_abi_v3_12_0::detail::is_default_constructible<ValueType>::value && nlohmann::json_abi_v3_12_0::detail::has_from_json<nlohmann::json_abi_v3_12_0::basic_json<ObjectType, ArrayType, StringType, BooleanType, NumberIntegerType, NumberUnsignedType, NumberFloatType, AllocatorType, JSONSerializer, BinaryType, CustomBaseClass>, ValueType>::value), int>::type <anonymous> = 0; ObjectType = std::map; ArrayType = std::vector; StringType = std::__cxx11::basic_string<char>; BooleanType = bool; NumberIntegerType = long int; NumberUnsignedType = long unsigned int; NumberFloatType = double; AllocatorType = std::allocator; JSONSerializer = nlohmann::json_abi_v3_12_0::adl_serializer; BinaryType = std::vector<unsigned char, std::allocator<unsigned char> >; CustomBaseClass = void][m[K’
[52.765s] [01m[K/usr/local/include/nlohmann/json.hpp:1780:35:[m[K   [ skipping 2 instantiation contexts, use -ftemplate-backtrace-limit=0 to disable ]
[52.765s] [01m[K/usr/local/include/nlohmann/json.hpp:1828:45:[m[K   required from ‘[01m[KValueType& nlohmann::json_abi_v3_12_0::basic_json<ObjectType, ArrayType, StringType, BooleanType, NumberIntegerType, NumberUnsignedType, NumberFloatType, AllocatorType, JSONSerializer, BinaryType, CustomBaseClass>::get_to(ValueType&) const [with ValueType = std::optional<std::variant<float, std::pair<float, float>, std::vector<float, std::allocator<float> > > >; typename std::enable_if<((! nlohmann::json_abi_v3_12_0::detail::is_basic_json<BasicJsonType>::value) && nlohmann::json_abi_v3_12_0::detail::has_from_json<nlohmann::json_abi_v3_12_0::basic_json<ObjectType, ArrayType, StringType, BooleanType, NumberIntegerType, NumberUnsignedType, NumberFloatType, AllocatorType, JSONSerializer, BinaryType, CustomBaseClass>, ValueType>::value), int>::type <anonymous> = 0; ObjectType = std::map; ArrayType = std::vector; StringType = std::__cxx11::basic_string<char>; BooleanType = bool; NumberIntegerType = long int; NumberUnsignedType = long unsigned int; NumberFloatType = double; AllocatorType = std::allocator; JSONSerializer = nlohmann::json_abi_v3_12_0::adl_serializer; BinaryType = std::vector<unsigned char, std::allocator<unsigned char> >; CustomBaseClass = void][m[K’
[52.765s] [01m[K/usr/local/include/depthai/capabilities/CapabilityRange.hpp:33:5:[m[K   required from ‘[01m[Kvoid dai::from_json(const json&, dai::CapabilityRange<float>&)[m[K’
[52.766s] [01m[K/usr/local/include/nlohmann/detail/conversions/from_json.hpp:558:25:[m[K   required from ‘[01m[Kdecltype (nlohmann::json_abi_v3_12_0::detail::from_json(j, forward<T>(val))) nlohmann::json_abi_v3_12_0::detail::from_json_fn::operator()(const BasicJsonType&, T&&) const [with BasicJsonType = nlohmann::json_abi_v3_12_0::basic_json<>; T = dai::CapabilityRange<float>&; decltype (nlohmann::json_abi_v3_12_0::detail::from_json(j, forward<T>(val))) = void][m[K’
[52.766s] [01m[K/usr/local/include/nlohmann/adl_serializer.hpp:31:30:[m[K   required from ‘[01m[Kstatic decltype ((nlohmann::json_abi_v3_12_0::from_json(forward<BasicJsonType>(j), val), void())) nlohmann::json_abi_v3_12_0::adl_serializer<T, SFINAE>::from_json(BasicJsonType&&, TargetType&) [with BasicJsonType = const nlohmann::json_abi_v3_12_0::basic_json<>&; TargetType = dai::CapabilityRange<float>; ValueType = dai::CapabilityRange<float>; <template-parameter-1-2> = void; decltype ((nlohmann::json_abi_v3_12_0::from_json(forward<BasicJsonType>(j), val), void())) = void][m[K’
[52.766s] [01m[K/usr/local/include/nlohmann/json.hpp:1828:45:[m[K   required from ‘[01m[KValueType& nlohmann::json_abi_v3_12_0::basic_json<ObjectType, ArrayType, StringType, BooleanType, NumberIntegerType, NumberUnsignedType, NumberFloatType, AllocatorType, JSONSerializer, BinaryType, CustomBaseClass>::get_to(ValueType&) const [with ValueType = dai::CapabilityRange<float>; typename std::enable_if<((! nlohmann::json_abi_v3_12_0::detail::is_basic_json<BasicJsonType>::value) && nlohmann::json_abi_v3_12_0::detail::has_from_json<nlohmann::json_abi_v3_12_0::basic_json<ObjectType, ArrayType, StringType, BooleanType, NumberIntegerType, NumberUnsignedType, NumberFloatType, AllocatorType, JSONSerializer, BinaryType, CustomBaseClass>, ValueType>::value), int>::type <anonymous> = 0; ObjectType = std::map; ArrayType = std::vector; StringType = std::__cxx11::basic_string<char>; BooleanType = bool; NumberIntegerType = long int; NumberUnsignedType = long unsigned int; NumberFloatType = double; AllocatorType = std::allocator; JSONSerializer = nlohmann::json_abi_v3_12_0::adl_serializer; BinaryType = std::vector<unsigned char, std::allocator<unsigned char> >; CustomBaseClass = void][m[K’
[52.767s] [01m[K/usr/local/include/depthai/capabilities/ImgFrameCapability.hpp:55:5:[m[K   required from here
[52.767s] [01m[K/usr/local/include/nlohmann/json.hpp:1771:10:[m[K [01;36m[Knote: [m[Kparameter passing for argument of type ‘[01m[Kstd::pair<float, float>[m[K’ when C++17 is enabled changed to match C++14 ]8;;https://gcc.gnu.org/gcc-10/changes.html#empty_basein GCC 10.1]8;;
[52.767s]  1771 |     auto [01;36m[Kget[m[K() const noexcept(
[52.767s]       |          [01;36m[K^~~[m[K
[77.391s] [ 75%] [32m[1mLinking CXX shared library libcamera_driver_component.so[0m
[78.079s] [ 75%] Built target camera_driver_component
[78.127s] [ 87%] [32mBuilding CXX object CMakeFiles/camera_driver_node.dir/src/main.cpp.o[0m
[85.909s] [100%] [32m[1mLinking CXX executable camera_driver_node[0m
[86.726s] [100%] Built target camera_driver_node
[86.762s] Invoked command in '/home/autopilot03/Desktop/f1tenth_test0804/f1tenth_project_repo/build/camera_driver' returned '0': CMAKE_PREFIX_PATH=/opt/ros/humble /usr/bin/cmake --build /home/autopilot03/Desktop/f1tenth_test0804/f1tenth_project_repo/build/camera_driver -- -j6 -l6
[86.782s] Invoking command in '/home/autopilot03/Desktop/f1tenth_test0804/f1tenth_project_repo/build/camera_driver': CMAKE_PREFIX_PATH=/opt/ros/humble /usr/bin/cmake --install /home/autopilot03/Desktop/f1tenth_test0804/f1tenth_project_repo/build/camera_driver
[86.802s] -- Install configuration: "Release"
[86.803s] -- Installing: /home/autopilot03/Desktop/f1tenth_test0804/f1tenth_project_repo/install/camera_driver/include
[86.803s] -- Installing: /home/autopilot03/Desktop/f1tenth_test0804/f1tenth_project_repo/install/camera_driver/include/camera_driver
[86.803s] -- Installing: /home/autopilot03/Desktop/f1tenth_test0804/f1tenth_project_repo/install/camera_driver/include/camera_driver/imu_image_stabilizer.hpp
[86.804s] -- Installing: /home/autopilot03/Desktop/f1tenth_test0804/f1tenth_project_repo/install/camera_driver/include/camera_driver/visibility_control.hpp
[86.804s] -- Installing: /home/autopilot03/Desktop/f1tenth_test0804/f1tenth_project_repo/install/camera_driver/include/camera_driver/camera_driver_node.hpp
[86.804s] -- Installing: /home/autopilot03/Desktop/f1tenth_test0804/f1tenth_project_repo/install/camera_driver/share/camera_driver/config
[86.805s] -- Installing: /home/autopilot03/Desktop/f1tenth_test0804/f1tenth_project_repo/install/camera_driver/share/camera_driver/config/camera_config.yaml
[86.805s] -- Installing: /home/autopilot03/Desktop/f1tenth_test0804/f1tenth_project_repo/install/camera_driver/share/camera_driver/launch
[86.805s] -- Installing: /home/autopilot03/Desktop/f1tenth_test0804/f1tenth_project_repo/install/camera_driver/share/camera_driver/launch/camera_driver.launch.py
[86.805s] -- Installing: /home/autopilot03/Desktop/f1tenth_test0804/f1tenth_project_repo/install/camera_driver/lib/libcamera_imu_stabilizer.a
[86.806s] -- Installing: /home/autopilot03/Desktop/f1tenth_test0804/f1tenth_project_repo/install/camera_driver/lib/libcamera_driver_component.so
[86.807s] -- Set runtime path of "/home/autopilot03/Desktop/f1tenth_test0804/f1tenth_project_repo/install/camera_driver/lib/libcamera_driver_component.so" to ""
[86.807s] -- Installing: /home/autopilot03/Desktop/f1tenth_test0804/f1tenth_project_repo/install/camera_driver/lib/camera_driver/camera_driver_node
[86.807s] -- Set runtime path of "/home/autopilot03/Desktop/f1tenth_test0804/f1tenth_project_repo/install/camera_driver/lib/camera_driver/camera_driver_node" to ""
[86.808s] -- Installing: /home/autopilot03/Desktop/f1tenth_test0804/f1tenth_project_repo/install/camera_driver/share/camera_driver/environment/library_path.sh
[86.808s] -- Installing: /home/autopilot03/Desktop/f1tenth_test0804/f1tenth_project_repo/install/camera_driver/share/camera_driver/environment/library_path.dsv
[86.808s] -- Installing: /home/autopilot03/Desktop/f1tenth_test0804/f1tenth_project_repo/install/camera_driver/share/ament_index/resource_index/package_run_dependencies/camera_driver
[86.809s] -- Installing: /home/autopilot03/Desktop/f1tenth_test0804/f1tenth_project_repo/install/camera_driver/share/ament_index/resource_index/parent_prefix_path/camera_driver
[86.809s] -- Installing: /home/autopilot03/Desktop/f1tenth_test0804/f1tenth_project_repo/install/camera_driver/share/camera_driver/environment/ament_prefix_path.sh
[86.809s] -- Installing: /home/autopilot03/Desktop/f1tenth_test0804/f1tenth_project_repo/install/camera_driver/share/camera_driver/environment/ament_prefix_path.dsv
[86.810s] -- Installing: /home/autopilot03/Desktop/f1tenth_test0804/f1tenth_project_repo/install/camera_driver/share/camera_driver/environment/path.sh
[86.810s] -- Installing: /home/autopilot03/Desktop/f1tenth_test0804/f1tenth_project_repo/install/camera_driver/share/camera_driver/environment/path.dsv
[86.810s] -- Installing: /home/autopilot03/Desktop/f1tenth_test0804/f1tenth_project_repo/install/camera_driver/share/camera_driver/local_setup.bash
[86.811s] -- Installing: /home/autopilot03/Desktop/f1tenth_test0804/f1tenth_project_repo/install/camera_driver/share/camera_driver/local_setup.sh
[86.811s] -- Installing: /home/autopilot03/Desktop/f1tenth_test0804/f1tenth_project_repo/install/camera_driver/share/camera_driver/local_setup.zsh
[86.812s] -- Installing: /home/autopilot03/Desktop/f1tenth_test0804/f1tenth_project_repo/install/camera_driver/share/camera_driver/local_setup.dsv
[86.812s] -- Installing: /home/autopilot03/Desktop/f1tenth_test0804/f1tenth_project_repo/install/camera_driver/share/camera_driver/package.dsv
[86.812s] -- Installing: /home/autopilot03/Desktop/f1tenth_test0804/f1tenth_project_repo/install/camera_driver/share/ament_index/resource_index/packages/camera_driver
[86.813s] -- Installing: /home/autopilot03/Desktop/f1tenth_test0804/f1tenth_project_repo/install/camera_driver/share/ament_index/resource_index/rclcpp_components/camera_driver
[86.813s] -- Installing: /home/autopilot03/Desktop/f1tenth_test0804/f1tenth_project_repo/install/camera_driver/share/camera_driver/cmake/export_camera_driverExport.cmake
[86.813s] -- Installing: /home/autopilot03/Desktop/f1tenth_test0804/f1tenth_project_repo/install/camera_driver/share/camera_driver/cmake/export_camera_driverExport-release.cmake
[86.814s] -- Installing: /home/autopilot03/Desktop/f1tenth_test0804/f1tenth_project_repo/install/camera_driver/share/camera_driver/cmake/ament_cmake_export_targets-extras.cmake
[86.814s] -- Installing: /home/autopilot03/Desktop/f1tenth_test0804/f1tenth_project_repo/install/camera_driver/share/camera_driver/cmake/ament_cmake_export_dependencies-extras.cmake
[86.814s] -- Installing: /home/autopilot03/Desktop/f1tenth_test0804/f1tenth_project_repo/install/camera_driver/share/camera_driver/cmake/camera_driverConfig.cmake
[86.815s] -- Installing: /home/autopilot03/Desktop/f1tenth_test0804/f1tenth_project_repo/install/camera_driver/share/camera_driver/cmake/camera_driverConfig-version.cmake
[86.815s] -- Installing: /home/autopilot03/Desktop/f1tenth_test0804/f1tenth_project_repo/install/camera_driver/share/camera_driver/package.xml
[86.822s] Invoked command in '/home/autopilot03/Desktop/f1tenth_test0804/f1tenth_project_repo/build/camera_driver' returned '0': CMAKE_PREFIX_PATH=/opt/ros/humble /usr/bin/cmake --install /home/autopilot03/Desktop/f1tenth_test0804/f1tenth_project_repo/build/camera_driver
