[0.019s] Invoking command in '/home/autopilot03/Desktop/f1tenth_test0806/f1tenth_project_repo/build/camera_driver': CMAKE_PREFIX_PATH=/opt/ros/humble /usr/bin/cmake /home/autopilot03/Desktop/f1tenth_test0806/f1tenth_project_repo/src/camera_driver -DCMAKE_BUILD_TYPE=Release -DCMAKE_CUDA_COMPILER=/usr/local/cuda/bin/nvcc -DCMAKE_INSTALL_PREFIX=/home/autopilot03/Desktop/f1tenth_test0806/f1tenth_project_repo/install/camera_driver
[0.147s] -- The C compiler identification is GNU 11.4.0
[0.266s] -- The CXX compiler identification is GNU 11.4.0
[0.287s] -- Detecting C compiler ABI info
[0.448s] -- Detecting C compiler ABI info - done
[0.473s] -- Check for working C compiler: /usr/bin/cc - skipped
[0.474s] -- Detecting C compile features
[0.475s] -- Detecting C compile features - done
[0.485s] -- Detecting CXX compiler ABI info
[0.654s] -- Detecting CXX compiler ABI info - done
[0.680s] -- Check for working CXX compiler: /usr/bin/c++ - skipped
[0.681s] -- Detecting CXX compile features
[0.682s] -- Detecting CXX compile features - done
[0.689s] -- Found ament_cmake: 1.3.14 (/opt/ros/humble/share/ament_cmake/cmake)
[1.059s] -- Found Python3: /usr/bin/python3 (found version "3.10.12") found components: Interpreter 
[1.276s] -- Found rclcpp: 16.0.19 (/opt/ros/humble/share/rclcpp/cmake)
[1.369s] -- Found rosidl_generator_c: 3.1.8 (/opt/ros/humble/share/rosidl_generator_c/cmake)
[1.377s] -- Found rosidl_adapter: 3.1.8 (/opt/ros/humble/share/rosidl_adapter/cmake)
[1.393s] -- Found rosidl_generator_cpp: 3.1.8 (/opt/ros/humble/share/rosidl_generator_cpp/cmake)
[1.417s] -- Using all available rosidl_typesupport_c: rosidl_typesupport_fastrtps_c;rosidl_typesupport_introspection_c
[1.450s] -- Using all available rosidl_typesupport_cpp: rosidl_typesupport_fastrtps_cpp;rosidl_typesupport_introspection_cpp
[1.534s] -- Found rmw_implementation_cmake: 6.1.2 (/opt/ros/humble/share/rmw_implementation_cmake/cmake)
[1.539s] -- Found rmw_fastrtps_cpp: 6.2.10 (/opt/ros/humble/share/rmw_fastrtps_cpp/cmake)
[1.707s] -- Found OpenSSL: /usr/lib/aarch64-linux-gnu/libcrypto.so (found version "3.0.2")  
[1.771s] -- Found FastRTPS: /opt/ros/humble/include  
[1.859s] -- Using RMW implementation 'rmw_fastrtps_cpp' as default
[1.875s] -- Looking for pthread.h
[2.025s] -- Looking for pthread.h - found
[2.026s] -- Performing Test CMAKE_HAVE_LIBC_PTHREAD
[2.201s] -- Performing Test CMAKE_HAVE_LIBC_PTHREAD - Success
[2.205s] -- Found Threads: TRUE  
[2.343s] -- Found rclcpp_components: 16.0.19 (/opt/ros/humble/share/rclcpp_components/cmake)
[2.400s] -- Found sensor_msgs: 4.9.1 (/opt/ros/humble/share/sensor_msgs/cmake)
[2.478s] -- Found OpenCV: /usr (found suitable version "4.8.0", minimum required is "4") found components: core highgui imgproc 
[2.508s] -- Performing Test arch_native_supported
[2.666s] -- Performing Test arch_native_supported - Success
[2.872s] -- Configuring done
[2.932s] -- Generating done
[2.937s] [33mCMake Warning:
[2.937s]   Manually-specified variables were not used by the project:
[2.938s] 
[2.938s]     CMAKE_CUDA_COMPILER
[2.938s] 
[2.938s] [0m
[2.953s] -- Build files have been written to: /home/autopilot03/Desktop/f1tenth_test0806/f1tenth_project_repo/build/camera_driver
[2.984s] Invoked command in '/home/autopilot03/Desktop/f1tenth_test0806/f1tenth_project_repo/build/camera_driver' returned '0': CMAKE_PREFIX_PATH=/opt/ros/humble /usr/bin/cmake /home/autopilot03/Desktop/f1tenth_test0806/f1tenth_project_repo/src/camera_driver -DCMAKE_BUILD_TYPE=Release -DCMAKE_CUDA_COMPILER=/usr/local/cuda/bin/nvcc -DCMAKE_INSTALL_PREFIX=/home/autopilot03/Desktop/f1tenth_test0806/f1tenth_project_repo/install/camera_driver
[2.989s] Invoking command in '/home/autopilot03/Desktop/f1tenth_test0806/f1tenth_project_repo/build/camera_driver': CMAKE_PREFIX_PATH=/opt/ros/humble /usr/bin/cmake --build /home/autopilot03/Desktop/f1tenth_test0806/f1tenth_project_repo/build/camera_driver -- -j6 -l6
[3.080s] [35m[1mConsolidate compiler generated dependencies of target camera_imu_stabilizer[0m
[3.108s] [ 25%] Built target camera_imu_stabilizer
[3.129s] [35m[1mConsolidate compiler generated dependencies of target imu_image_stabilizer_test[0m
[3.130s] [35m[1mConsolidate compiler generated dependencies of target camera_driver_component[0m
[3.163s] [ 50%] Built target imu_image_stabilizer_test
[3.181s] [ 75%] Built target camera_driver_component
[3.203s] [35m[1mConsolidate compiler generated dependencies of target camera_driver_node[0m
[3.240s] [100%] Built target camera_driver_node
[3.268s] Invoked command in '/home/autopilot03/Desktop/f1tenth_test0806/f1tenth_project_repo/build/camera_driver' returned '0': CMAKE_PREFIX_PATH=/opt/ros/humble /usr/bin/cmake --build /home/autopilot03/Desktop/f1tenth_test0806/f1tenth_project_repo/build/camera_driver -- -j6 -l6
[3.291s] Invoking command in '/home/autopilot03/Desktop/f1tenth_test0806/f1tenth_project_repo/build/camera_driver': CMAKE_PREFIX_PATH=/opt/ros/humble /usr/bin/cmake --install /home/autopilot03/Desktop/f1tenth_test0806/f1tenth_project_repo/build/camera_driver
[3.307s] -- Install configuration: "Release"
[3.308s] -- Up-to-date: /home/autopilot03/Desktop/f1tenth_test0806/f1tenth_project_repo/install/camera_driver/include
[3.308s] -- Up-to-date: /home/autopilot03/Desktop/f1tenth_test0806/f1tenth_project_repo/install/camera_driver/include/camera_driver
[3.308s] -- Up-to-date: /home/autopilot03/Desktop/f1tenth_test0806/f1tenth_project_repo/install/camera_driver/include/camera_driver/imu_image_stabilizer.hpp
[3.308s] -- Up-to-date: /home/autopilot03/Desktop/f1tenth_test0806/f1tenth_project_repo/install/camera_driver/include/camera_driver/visibility_control.hpp
[3.308s] -- Up-to-date: /home/autopilot03/Desktop/f1tenth_test0806/f1tenth_project_repo/install/camera_driver/include/camera_driver/camera_driver_node.hpp
[3.309s] -- Up-to-date: /home/autopilot03/Desktop/f1tenth_test0806/f1tenth_project_repo/install/camera_driver/share/camera_driver/config
[3.309s] -- Up-to-date: /home/autopilot03/Desktop/f1tenth_test0806/f1tenth_project_repo/install/camera_driver/share/camera_driver/config/camera_config.yaml
[3.309s] -- Up-to-date: /home/autopilot03/Desktop/f1tenth_test0806/f1tenth_project_repo/install/camera_driver/share/camera_driver/launch
[3.309s] -- Up-to-date: /home/autopilot03/Desktop/f1tenth_test0806/f1tenth_project_repo/install/camera_driver/share/camera_driver/launch/camera_driver.launch.py
[3.309s] -- Up-to-date: /home/autopilot03/Desktop/f1tenth_test0806/f1tenth_project_repo/install/camera_driver/lib/libcamera_imu_stabilizer.a
[3.309s] -- Up-to-date: /home/autopilot03/Desktop/f1tenth_test0806/f1tenth_project_repo/install/camera_driver/lib/libcamera_driver_component.so
[3.310s] -- Up-to-date: /home/autopilot03/Desktop/f1tenth_test0806/f1tenth_project_repo/install/camera_driver/lib/camera_driver/camera_driver_node
[3.310s] -- Up-to-date: /home/autopilot03/Desktop/f1tenth_test0806/f1tenth_project_repo/install/camera_driver/share/camera_driver/environment/library_path.sh
[3.310s] -- Installing: /home/autopilot03/Desktop/f1tenth_test0806/f1tenth_project_repo/install/camera_driver/share/camera_driver/environment/library_path.dsv
[3.310s] -- Up-to-date: /home/autopilot03/Desktop/f1tenth_test0806/f1tenth_project_repo/install/camera_driver/share/ament_index/resource_index/package_run_dependencies/camera_driver
[3.310s] -- Up-to-date: /home/autopilot03/Desktop/f1tenth_test0806/f1tenth_project_repo/install/camera_driver/share/ament_index/resource_index/parent_prefix_path/camera_driver
[3.310s] -- Up-to-date: /home/autopilot03/Desktop/f1tenth_test0806/f1tenth_project_repo/install/camera_driver/share/camera_driver/environment/ament_prefix_path.sh
[3.310s] -- Installing: /home/autopilot03/Desktop/f1tenth_test0806/f1tenth_project_repo/install/camera_driver/share/camera_driver/environment/ament_prefix_path.dsv
[3.311s] -- Up-to-date: /home/autopilot03/Desktop/f1tenth_test0806/f1tenth_project_repo/install/camera_driver/share/camera_driver/environment/path.sh
[3.311s] -- Installing: /home/autopilot03/Desktop/f1tenth_test0806/f1tenth_project_repo/install/camera_driver/share/camera_driver/environment/path.dsv
[3.311s] -- Up-to-date: /home/autopilot03/Desktop/f1tenth_test0806/f1tenth_project_repo/install/camera_driver/share/camera_driver/local_setup.bash
[3.311s] -- Up-to-date: /home/autopilot03/Desktop/f1tenth_test0806/f1tenth_project_repo/install/camera_driver/share/camera_driver/local_setup.sh
[3.311s] -- Up-to-date: /home/autopilot03/Desktop/f1tenth_test0806/f1tenth_project_repo/install/camera_driver/share/camera_driver/local_setup.zsh
[3.312s] -- Installing: /home/autopilot03/Desktop/f1tenth_test0806/f1tenth_project_repo/install/camera_driver/share/camera_driver/local_setup.dsv
[3.312s] -- Installing: /home/autopilot03/Desktop/f1tenth_test0806/f1tenth_project_repo/install/camera_driver/share/camera_driver/package.dsv
[3.312s] -- Up-to-date: /home/autopilot03/Desktop/f1tenth_test0806/f1tenth_project_repo/install/camera_driver/share/ament_index/resource_index/packages/camera_driver
[3.312s] -- Up-to-date: /home/autopilot03/Desktop/f1tenth_test0806/f1tenth_project_repo/install/camera_driver/share/ament_index/resource_index/rclcpp_components/camera_driver
[3.312s] -- Up-to-date: /home/autopilot03/Desktop/f1tenth_test0806/f1tenth_project_repo/install/camera_driver/share/camera_driver/cmake/export_camera_driverExport.cmake
[3.313s] -- Up-to-date: /home/autopilot03/Desktop/f1tenth_test0806/f1tenth_project_repo/install/camera_driver/share/camera_driver/cmake/export_camera_driverExport-release.cmake
[3.313s] -- Up-to-date: /home/autopilot03/Desktop/f1tenth_test0806/f1tenth_project_repo/install/camera_driver/share/camera_driver/cmake/ament_cmake_export_targets-extras.cmake
[3.313s] -- Up-to-date: /home/autopilot03/Desktop/f1tenth_test0806/f1tenth_project_repo/install/camera_driver/share/camera_driver/cmake/ament_cmake_export_dependencies-extras.cmake
[3.313s] -- Up-to-date: /home/autopilot03/Desktop/f1tenth_test0806/f1tenth_project_repo/install/camera_driver/share/camera_driver/cmake/camera_driverConfig.cmake
[3.313s] -- Up-to-date: /home/autopilot03/Desktop/f1tenth_test0806/f1tenth_project_repo/install/camera_driver/share/camera_driver/cmake/camera_driverConfig-version.cmake
[3.313s] -- Up-to-date: /home/autopilot03/Desktop/f1tenth_test0806/f1tenth_project_repo/install/camera_driver/share/camera_driver/package.xml
[3.317s] Invoked command in '/home/autopilot03/Desktop/f1tenth_test0806/f1tenth_project_repo/build/camera_driver' returned '0': CMAKE_PREFIX_PATH=/opt/ros/humble /usr/bin/cmake --install /home/autopilot03/Desktop/f1tenth_test0806/f1tenth_project_repo/build/camera_driver
