[3.196s] Invoking command in '/home/autopilot03/Desktop/f1tenth_test0804/f1tenth_project_repo/build/manual_control': AMENT_PREFIX_PATH=/home/autopilot03/Desktop/f1tenth_test0804/f1tenth_project_repo/install/vehicle_config:${AMENT_PREFIX_PATH} PYTHONPATH=/home/autopilot03/Desktop/f1tenth_test0804/f1tenth_project_repo/build/manual_control/prefix_override:/usr/lib/python3/dist-packages/colcon_core/task/python/colcon_distutils_commands:/home/autopilot03/Desktop/f1tenth_test0804/f1tenth_project_repo/install/manual_control/lib/python3.10/site-packages:/home/autopilot03/Desktop/f1tenth_test0804/f1tenth_project_repo/build/vehicle_config:/home/autopilot03/Desktop/f1tenth_test0804/f1tenth_project_repo/install/vehicle_config/lib/python3.10/site-packages:${PYTHONPATH} /usr/bin/python3 -W ignore:setup.py install is deprecated -W ignore:easy_install command is deprecated setup.py develop --editable --build-directory /home/autopilot03/Desktop/f1tenth_test0804/f1tenth_project_repo/build/manual_control/build --no-deps symlink_data
[3.998s] running develop
[4.467s] running egg_info
[4.467s] creating manual_control.egg-info
[4.467s] writing manual_control.egg-info/PKG-INFO
[4.468s] writing dependency_links to manual_control.egg-info/dependency_links.txt
[4.468s] writing entry points to manual_control.egg-info/entry_points.txt
[4.468s] writing requirements to manual_control.egg-info/requires.txt
[4.469s] writing top-level names to manual_control.egg-info/top_level.txt
[4.469s] writing manifest file 'manual_control.egg-info/SOURCES.txt'
[4.475s] reading manifest file 'manual_control.egg-info/SOURCES.txt'
[4.477s] writing manifest file 'manual_control.egg-info/SOURCES.txt'
[4.483s] running build_ext
[4.483s] Creating /home/autopilot03/Desktop/f1tenth_test0804/f1tenth_project_repo/install/manual_control/lib/python3.10/site-packages/manual-control.egg-link (link to .)
[4.485s] Installing actuator_commander_node script to /home/autopilot03/Desktop/f1tenth_test0804/f1tenth_project_repo/install/manual_control/lib/manual_control
[4.485s] Installing joy_params_converter_node script to /home/autopilot03/Desktop/f1tenth_test0804/f1tenth_project_repo/install/manual_control/lib/manual_control
[4.486s] 
[4.486s] Installed /home/autopilot03/Desktop/f1tenth_test0804/f1tenth_project_repo/build/manual_control
[4.486s] running symlink_data
[4.487s] creating /home/autopilot03/Desktop/f1tenth_test0804/f1tenth_project_repo/install/manual_control/share/ament_index
[4.487s] creating /home/autopilot03/Desktop/f1tenth_test0804/f1tenth_project_repo/install/manual_control/share/ament_index/resource_index
[4.487s] creating /home/autopilot03/Desktop/f1tenth_test0804/f1tenth_project_repo/install/manual_control/share/ament_index/resource_index/packages
[4.487s] symbolically linking /home/autopilot03/Desktop/f1tenth_test0804/f1tenth_project_repo/build/manual_control/resource/manual_control -> /home/autopilot03/Desktop/f1tenth_test0804/f1tenth_project_repo/install/manual_control/share/ament_index/resource_index/packages
[4.487s] symbolically linking /home/autopilot03/Desktop/f1tenth_test0804/f1tenth_project_repo/build/manual_control/package.xml -> /home/autopilot03/Desktop/f1tenth_test0804/f1tenth_project_repo/install/manual_control/share/manual_control
[4.598s] Invoked command in '/home/autopilot03/Desktop/f1tenth_test0804/f1tenth_project_repo/build/manual_control' returned '0': AMENT_PREFIX_PATH=/home/autopilot03/Desktop/f1tenth_test0804/f1tenth_project_repo/install/vehicle_config:${AMENT_PREFIX_PATH} PYTHONPATH=/home/autopilot03/Desktop/f1tenth_test0804/f1tenth_project_repo/build/manual_control/prefix_override:/usr/lib/python3/dist-packages/colcon_core/task/python/colcon_distutils_commands:/home/autopilot03/Desktop/f1tenth_test0804/f1tenth_project_repo/install/manual_control/lib/python3.10/site-packages:/home/autopilot03/Desktop/f1tenth_test0804/f1tenth_project_repo/build/vehicle_config:/home/autopilot03/Desktop/f1tenth_test0804/f1tenth_project_repo/install/vehicle_config/lib/python3.10/site-packages:${PYTHONPATH} /usr/bin/python3 -W ignore:setup.py install is deprecated -W ignore:easy_install command is deprecated setup.py develop --editable --build-directory /home/autopilot03/Desktop/f1tenth_test0804/f1tenth_project_repo/build/manual_control/build --no-deps symlink_data
