[0.024s] Invoking command in '/home/autopilot03/Desktop/f1tenth_test0804/f1tenth_project_repo/build/bev_processor': CMAKE_PREFIX_PATH=/home/autopilot03/Desktop/f1tenth_test0804/f1tenth_project_repo/install/camera_driver:/home/autopilot03/Desktop/f1tenth_test0804/f1tenth_project_repo/install/bev_processor:/opt/ros/humble LD_LIBRARY_PATH=/home/autopilot03/Desktop/f1tenth_test0804/f1tenth_project_repo/install/camera_driver/lib:/home/autopilot03/Desktop/f1tenth_test0804/f1tenth_project_repo/install/bev_processor/lib:/opt/ros/humble/opt/rviz_ogre_vendor/lib:/opt/ros/humble/lib/aarch64-linux-gnu:/opt/ros/humble/lib:/usr/local/cuda/lib64 /usr/bin/cmake /home/autopilot03/Desktop/f1tenth_test0804/f1tenth_project_repo/src/bev_processor -DCMAKE_BUILD_TYPE=Release -DCMAKE_CUDA_COMPILER=/usr/local/cuda/bin/nvcc -DCMAKE_INSTALL_PREFIX=/home/autopilot03/Desktop/f1tenth_test0804/f1tenth_project_repo/install/bev_processor
[0.170s] -- The CXX compiler identification is GNU 11.4.0
[2.504s] -- The CUDA compiler identification is NVIDIA 12.6.68
[2.520s] -- Detecting CXX compiler ABI info
[2.687s] -- Detecting CXX compiler ABI info - done
[2.710s] -- Check for working CXX compiler: /usr/bin/c++ - skipped
[2.711s] -- Detecting CXX compile features
[2.713s] -- Detecting CXX compile features - done
[2.723s] -- Detecting CUDA compiler ABI info
[4.967s] -- Detecting CUDA compiler ABI info - done
[5.042s] -- Check for working CUDA compiler: /usr/local/cuda/bin/nvcc - skipped
[5.043s] -- Detecting CUDA compile features
[5.043s] -- Detecting CUDA compile features - done
[5.047s] -- Found ament_cmake: 1.3.14 (/opt/ros/humble/share/ament_cmake/cmake)
[5.392s] -- Found Python3: /usr/bin/python3 (found version "3.10.12") found components: Interpreter 
[5.639s] -- Found CUDAToolkit: /usr/local/cuda/include (found version "12.6.68") 
[5.666s] -- Looking for C++ include pthread.h
[5.845s] -- Looking for C++ include pthread.h - found
[5.845s] -- Performing Test CMAKE_HAVE_LIBC_PTHREAD
[6.040s] -- Performing Test CMAKE_HAVE_LIBC_PTHREAD - Success
[6.043s] -- Found Threads: TRUE  
[6.166s] -- Found OpenCV: /usr (found suitable version "4.8.0", minimum required is "4") found components: core highgui imgproc 
[6.169s] -- Found rclcpp: 16.0.19 (/opt/ros/humble/share/rclcpp/cmake)
[6.239s] -- Found rosidl_generator_c: 3.1.8 (/opt/ros/humble/share/rosidl_generator_c/cmake)
[6.248s] -- Found rosidl_adapter: 3.1.8 (/opt/ros/humble/share/rosidl_adapter/cmake)
[6.265s] -- Found rosidl_generator_cpp: 3.1.8 (/opt/ros/humble/share/rosidl_generator_cpp/cmake)
[6.289s] -- Using all available rosidl_typesupport_c: rosidl_typesupport_fastrtps_c;rosidl_typesupport_introspection_c
[6.323s] -- Using all available rosidl_typesupport_cpp: rosidl_typesupport_fastrtps_cpp;rosidl_typesupport_introspection_cpp
[6.409s] -- Found rmw_implementation_cmake: 6.1.2 (/opt/ros/humble/share/rmw_implementation_cmake/cmake)
[6.414s] -- Found rmw_fastrtps_cpp: 6.2.10 (/opt/ros/humble/share/rmw_fastrtps_cpp/cmake)
[6.595s] -- Found OpenSSL: /usr/lib/aarch64-linux-gnu/libcrypto.so (found version "3.0.2")  
[6.653s] -- Found FastRTPS: /opt/ros/humble/include  
[6.747s] -- Using RMW implementation 'rmw_fastrtps_cpp' as default
[6.874s] -- Found rclcpp_components: 16.0.19 (/opt/ros/humble/share/rclcpp_components/cmake)
[6.931s] -- Found sensor_msgs: 4.9.1 (/opt/ros/humble/share/sensor_msgs/cmake)
[7.027s] -- Performing Test arch_native_supported
[7.189s] -- Performing Test arch_native_supported - Success
[7.381s] -- Configuring done
[7.458s] -- Generating done
[7.479s] -- Build files have been written to: /home/autopilot03/Desktop/f1tenth_test0804/f1tenth_project_repo/build/bev_processor
[7.512s] Invoked command in '/home/autopilot03/Desktop/f1tenth_test0804/f1tenth_project_repo/build/bev_processor' returned '0': CMAKE_PREFIX_PATH=/home/autopilot03/Desktop/f1tenth_test0804/f1tenth_project_repo/install/camera_driver:/home/autopilot03/Desktop/f1tenth_test0804/f1tenth_project_repo/install/bev_processor:/opt/ros/humble LD_LIBRARY_PATH=/home/autopilot03/Desktop/f1tenth_test0804/f1tenth_project_repo/install/camera_driver/lib:/home/autopilot03/Desktop/f1tenth_test0804/f1tenth_project_repo/install/bev_processor/lib:/opt/ros/humble/opt/rviz_ogre_vendor/lib:/opt/ros/humble/lib/aarch64-linux-gnu:/opt/ros/humble/lib:/usr/local/cuda/lib64 /usr/bin/cmake /home/autopilot03/Desktop/f1tenth_test0804/f1tenth_project_repo/src/bev_processor -DCMAKE_BUILD_TYPE=Release -DCMAKE_CUDA_COMPILER=/usr/local/cuda/bin/nvcc -DCMAKE_INSTALL_PREFIX=/home/autopilot03/Desktop/f1tenth_test0804/f1tenth_project_repo/install/bev_processor
[7.517s] Invoking command in '/home/autopilot03/Desktop/f1tenth_test0804/f1tenth_project_repo/build/bev_processor': CMAKE_PREFIX_PATH=/home/autopilot03/Desktop/f1tenth_test0804/f1tenth_project_repo/install/camera_driver:/home/autopilot03/Desktop/f1tenth_test0804/f1tenth_project_repo/install/bev_processor:/opt/ros/humble LD_LIBRARY_PATH=/home/autopilot03/Desktop/f1tenth_test0804/f1tenth_project_repo/install/camera_driver/lib:/home/autopilot03/Desktop/f1tenth_test0804/f1tenth_project_repo/install/bev_processor/lib:/opt/ros/humble/opt/rviz_ogre_vendor/lib:/opt/ros/humble/lib/aarch64-linux-gnu:/opt/ros/humble/lib:/usr/local/cuda/lib64 /usr/bin/cmake --build /home/autopilot03/Desktop/f1tenth_test0804/f1tenth_project_repo/build/bev_processor -- -j6 -l6
[7.602s] [35m[1mConsolidate compiler generated dependencies of target bev_lane_reconstructor[0m
[7.603s] [35m[1mConsolidate compiler generated dependencies of target bev_geometry[0m
[7.604s] [35m[1mConsolidate compiler generated dependencies of target bev_startup_attitude[0m
[7.605s] [35m[1mConsolidate compiler generated dependencies of target bev_cuda[0m
[7.609s] [35m[1mConsolidate compiler generated dependencies of target bev_ground_plane[0m
[7.642s] [  9%] Built target bev_startup_attitude
[7.645s] [ 18%] Built target bev_geometry
[7.646s] [ 31%] [32mBuilding CXX object CMakeFiles/bev_lane_reconstructor.dir/src/bev_lane_reconstructor.cpp.o[0m
[7.646s] [ 31%] Built target bev_ground_plane
[7.650s] [ 40%] Built target bev_cuda
[7.667s] [35m[1mConsolidate compiler generated dependencies of target bev_geometry_test[0m
[7.668s] [35m[1mConsolidate compiler generated dependencies of target ground_plane_estimator_test[0m
[7.669s] [35m[1mConsolidate compiler generated dependencies of target startup_attitude_test[0m
[7.671s] [35m[1mConsolidate compiler generated dependencies of target bev_startup_measurement[0m
[7.700s] [ 59%] Built target startup_attitude_test
[7.700s] [ 59%] Built target ground_plane_estimator_test
[7.702s] [ 68%] Built target bev_geometry_test
[7.714s] [ 77%] Built target bev_startup_measurement
[12.380s] [ 81%] [32m[1mLinking CXX static library libbev_lane_reconstructor.a[0m
[12.456s] [ 81%] Built target bev_lane_reconstructor
[12.481s] [35m[1mConsolidate compiler generated dependencies of target bev_lane_reconstructor_test[0m
[12.482s] [35m[1mConsolidate compiler generated dependencies of target bev_processor_component[0m
[12.510s] [ 86%] [32mBuilding CXX object CMakeFiles/bev_lane_reconstructor_test.dir/test/bev_lane_reconstructor_test.cpp.o[0m
[12.520s] [ 90%] [32mBuilding CXX object CMakeFiles/bev_processor_component.dir/src/bev_processor_node.cpp.o[0m
[16.358s] [ 95%] [32m[1mLinking CXX executable bev_lane_reconstructor_test[0m
[16.558s] [ 95%] Built target bev_lane_reconstructor_test
[49.492s] [100%] [32m[1mLinking CXX shared library libbev_processor_component.so[0m
[50.065s] [100%] Built target bev_processor_component
[50.090s] Invoked command in '/home/autopilot03/Desktop/f1tenth_test0804/f1tenth_project_repo/build/bev_processor' returned '0': CMAKE_PREFIX_PATH=/home/autopilot03/Desktop/f1tenth_test0804/f1tenth_project_repo/install/camera_driver:/home/autopilot03/Desktop/f1tenth_test0804/f1tenth_project_repo/install/bev_processor:/opt/ros/humble LD_LIBRARY_PATH=/home/autopilot03/Desktop/f1tenth_test0804/f1tenth_project_repo/install/camera_driver/lib:/home/autopilot03/Desktop/f1tenth_test0804/f1tenth_project_repo/install/bev_processor/lib:/opt/ros/humble/opt/rviz_ogre_vendor/lib:/opt/ros/humble/lib/aarch64-linux-gnu:/opt/ros/humble/lib:/usr/local/cuda/lib64 /usr/bin/cmake --build /home/autopilot03/Desktop/f1tenth_test0804/f1tenth_project_repo/build/bev_processor -- -j6 -l6
[50.095s] Invoking command in '/home/autopilot03/Desktop/f1tenth_test0804/f1tenth_project_repo/build/bev_processor': CMAKE_PREFIX_PATH=/home/autopilot03/Desktop/f1tenth_test0804/f1tenth_project_repo/install/camera_driver:/home/autopilot03/Desktop/f1tenth_test0804/f1tenth_project_repo/install/bev_processor:/opt/ros/humble LD_LIBRARY_PATH=/home/autopilot03/Desktop/f1tenth_test0804/f1tenth_project_repo/install/camera_driver/lib:/home/autopilot03/Desktop/f1tenth_test0804/f1tenth_project_repo/install/bev_processor/lib:/opt/ros/humble/opt/rviz_ogre_vendor/lib:/opt/ros/humble/lib/aarch64-linux-gnu:/opt/ros/humble/lib:/usr/local/cuda/lib64 /usr/bin/cmake --install /home/autopilot03/Desktop/f1tenth_test0804/f1tenth_project_repo/build/bev_processor
[50.112s] -- Install configuration: "Release"
[50.112s] -- Up-to-date: /home/autopilot03/Desktop/f1tenth_test0804/f1tenth_project_repo/install/bev_processor/lib/libbev_geometry.a
[50.112s] -- Installing: /home/autopilot03/Desktop/f1tenth_test0804/f1tenth_project_repo/install/bev_processor/lib/libbev_lane_reconstructor.a
[50.113s] -- Up-to-date: /home/autopilot03/Desktop/f1tenth_test0804/f1tenth_project_repo/install/bev_processor/lib/libbev_ground_plane.a
[50.113s] -- Up-to-date: /home/autopilot03/Desktop/f1tenth_test0804/f1tenth_project_repo/install/bev_processor/lib/libbev_startup_attitude.a
[50.113s] -- Up-to-date: /home/autopilot03/Desktop/f1tenth_test0804/f1tenth_project_repo/install/bev_processor/lib/libbev_startup_measurement.a
[50.114s] -- Installing: /home/autopilot03/Desktop/f1tenth_test0804/f1tenth_project_repo/install/bev_processor/lib/libbev_processor_component.so
[50.118s] -- Set runtime path of "/home/autopilot03/Desktop/f1tenth_test0804/f1tenth_project_repo/install/bev_processor/lib/libbev_processor_component.so" to ""
[50.118s] -- Up-to-date: /home/autopilot03/Desktop/f1tenth_test0804/f1tenth_project_repo/install/bev_processor/include
[50.118s] -- Up-to-date: /home/autopilot03/Desktop/f1tenth_test0804/f1tenth_project_repo/install/bev_processor/include/bev_processor
[50.119s] -- Up-to-date: /home/autopilot03/Desktop/f1tenth_test0804/f1tenth_project_repo/install/bev_processor/include/bev_processor/bev_geometry.hpp
[50.119s] -- Installing: /home/autopilot03/Desktop/f1tenth_test0804/f1tenth_project_repo/install/bev_processor/include/bev_processor/bev_lane_reconstructor.hpp
[50.120s] -- Up-to-date: /home/autopilot03/Desktop/f1tenth_test0804/f1tenth_project_repo/install/bev_processor/include/bev_processor/ground_plane_estimator.hpp
[50.120s] -- Up-to-date: /home/autopilot03/Desktop/f1tenth_test0804/f1tenth_project_repo/install/bev_processor/include/bev_processor/startup_attitude.hpp
[50.120s] -- Up-to-date: /home/autopilot03/Desktop/f1tenth_test0804/f1tenth_project_repo/install/bev_processor/include/bev_processor/cuda_bev_processor.hpp
[50.121s] -- Up-to-date: /home/autopilot03/Desktop/f1tenth_test0804/f1tenth_project_repo/install/bev_processor/include/bev_processor/oak_startup_measurement.hpp
[50.121s] -- Up-to-date: /home/autopilot03/Desktop/f1tenth_test0804/f1tenth_project_repo/install/bev_processor/share/bev_processor/config
[50.121s] -- Installing: /home/autopilot03/Desktop/f1tenth_test0804/f1tenth_project_repo/install/bev_processor/share/bev_processor/config/bev_config.yaml
[50.122s] -- Up-to-date: /home/autopilot03/Desktop/f1tenth_test0804/f1tenth_project_repo/install/bev_processor/share/bev_processor/launch
[50.122s] -- Installing: /home/autopilot03/Desktop/f1tenth_test0804/f1tenth_project_repo/install/bev_processor/share/bev_processor/launch/bev_processor.launch.py
[50.122s] -- Up-to-date: /home/autopilot03/Desktop/f1tenth_test0804/f1tenth_project_repo/install/bev_processor/share/ament_index/resource_index/package_run_dependencies/bev_processor
[50.123s] -- Installing: /home/autopilot03/Desktop/f1tenth_test0804/f1tenth_project_repo/install/bev_processor/share/ament_index/resource_index/parent_prefix_path/bev_processor
[50.123s] -- Up-to-date: /home/autopilot03/Desktop/f1tenth_test0804/f1tenth_project_repo/install/bev_processor/share/bev_processor/environment/ament_prefix_path.sh
[50.123s] -- Installing: /home/autopilot03/Desktop/f1tenth_test0804/f1tenth_project_repo/install/bev_processor/share/bev_processor/environment/ament_prefix_path.dsv
[50.123s] -- Up-to-date: /home/autopilot03/Desktop/f1tenth_test0804/f1tenth_project_repo/install/bev_processor/share/bev_processor/environment/path.sh
[50.123s] -- Installing: /home/autopilot03/Desktop/f1tenth_test0804/f1tenth_project_repo/install/bev_processor/share/bev_processor/environment/path.dsv
[50.124s] -- Up-to-date: /home/autopilot03/Desktop/f1tenth_test0804/f1tenth_project_repo/install/bev_processor/share/bev_processor/local_setup.bash
[50.124s] -- Up-to-date: /home/autopilot03/Desktop/f1tenth_test0804/f1tenth_project_repo/install/bev_processor/share/bev_processor/local_setup.sh
[50.125s] -- Up-to-date: /home/autopilot03/Desktop/f1tenth_test0804/f1tenth_project_repo/install/bev_processor/share/bev_processor/local_setup.zsh
[50.126s] -- Installing: /home/autopilot03/Desktop/f1tenth_test0804/f1tenth_project_repo/install/bev_processor/share/bev_processor/local_setup.dsv
[50.127s] -- Installing: /home/autopilot03/Desktop/f1tenth_test0804/f1tenth_project_repo/install/bev_processor/share/bev_processor/package.dsv
[50.131s] -- Up-to-date: /home/autopilot03/Desktop/f1tenth_test0804/f1tenth_project_repo/install/bev_processor/share/ament_index/resource_index/packages/bev_processor
[50.131s] -- Up-to-date: /home/autopilot03/Desktop/f1tenth_test0804/f1tenth_project_repo/install/bev_processor/share/ament_index/resource_index/rclcpp_components/bev_processor
[50.132s] -- Up-to-date: /home/autopilot03/Desktop/f1tenth_test0804/f1tenth_project_repo/install/bev_processor/share/bev_processor/cmake/ament_cmake_export_include_directories-extras.cmake
[50.132s] -- Up-to-date: /home/autopilot03/Desktop/f1tenth_test0804/f1tenth_project_repo/install/bev_processor/share/bev_processor/cmake/ament_cmake_export_dependencies-extras.cmake
[50.132s] -- Up-to-date: /home/autopilot03/Desktop/f1tenth_test0804/f1tenth_project_repo/install/bev_processor/share/bev_processor/cmake/bev_processorConfig.cmake
[50.132s] -- Up-to-date: /home/autopilot03/Desktop/f1tenth_test0804/f1tenth_project_repo/install/bev_processor/share/bev_processor/cmake/bev_processorConfig-version.cmake
[50.132s] -- Up-to-date: /home/autopilot03/Desktop/f1tenth_test0804/f1tenth_project_repo/install/bev_processor/share/bev_processor/package.xml
[50.133s] Invoked command in '/home/autopilot03/Desktop/f1tenth_test0804/f1tenth_project_repo/build/bev_processor' returned '0': CMAKE_PREFIX_PATH=/home/autopilot03/Desktop/f1tenth_test0804/f1tenth_project_repo/install/camera_driver:/home/autopilot03/Desktop/f1tenth_test0804/f1tenth_project_repo/install/bev_processor:/opt/ros/humble LD_LIBRARY_PATH=/home/autopilot03/Desktop/f1tenth_test0804/f1tenth_project_repo/install/camera_driver/lib:/home/autopilot03/Desktop/f1tenth_test0804/f1tenth_project_repo/install/bev_processor/lib:/opt/ros/humble/opt/rviz_ogre_vendor/lib:/opt/ros/humble/lib/aarch64-linux-gnu:/opt/ros/humble/lib:/usr/local/cuda/lib64 /usr/bin/cmake --install /home/autopilot03/Desktop/f1tenth_test0804/f1tenth_project_repo/build/bev_processor
