running develop
running egg_info
creating vehicle_config.egg-info
writing vehicle_config.egg-info/PKG-INFO
writing dependency_links to vehicle_config.egg-info/dependency_links.txt
writing requirements to vehicle_config.egg-info/requires.txt
writing top-level names to vehicle_config.egg-info/top_level.txt
writing manifest file 'vehicle_config.egg-info/SOURCES.txt'
reading manifest file 'vehicle_config.egg-info/SOURCES.txt'
writing manifest file 'vehicle_config.egg-info/SOURCES.txt'
running build_ext
Creating /home/autopilot03/Desktop/f1tenth_test0804/f1tenth_project_repo/install/vehicle_config/lib/python3.10/site-packages/vehicle-config.egg-link (link to .)

Installed /home/autopilot03/Desktop/f1tenth_test0804/f1tenth_project_repo/build/vehicle_config
running symlink_data
creating /home/autopilot03/Desktop/f1tenth_test0804/f1tenth_project_repo/install/vehicle_config/share/ament_index
creating /home/autopilot03/Desktop/f1tenth_test0804/f1tenth_project_repo/install/vehicle_config/share/ament_index/resource_index
creating /home/autopilot03/Desktop/f1tenth_test0804/f1tenth_project_repo/install/vehicle_config/share/ament_index/resource_index/packages
symbolically linking /home/autopilot03/Desktop/f1tenth_test0804/f1tenth_project_repo/build/vehicle_config/resource/vehicle_config -> /home/autopilot03/Desktop/f1tenth_test0804/f1tenth_project_repo/install/vehicle_config/share/ament_index/resource_index/packages
symbolically linking /home/autopilot03/Desktop/f1tenth_test0804/f1tenth_project_repo/build/vehicle_config/package.xml -> /home/autopilot03/Desktop/f1tenth_test0804/f1tenth_project_repo/install/vehicle_config/share/vehicle_config
creating /home/autopilot03/Desktop/f1tenth_test0804/f1tenth_project_repo/install/vehicle_config/share/vehicle_config/config
symbolically linking /home/autopilot03/Desktop/f1tenth_test0804/f1tenth_project_repo/build/vehicle_config/config/auto_vesc_config.yaml -> /home/autopilot03/Desktop/f1tenth_test0804/f1tenth_project_repo/install/vehicle_config/share/vehicle_config/config
symbolically linking /home/autopilot03/Desktop/f1tenth_test0804/f1tenth_project_repo/build/vehicle_config/config/joy.yaml -> /home/autopilot03/Desktop/f1tenth_test0804/f1tenth_project_repo/install/vehicle_config/share/vehicle_config/config
symbolically linking /home/autopilot03/Desktop/f1tenth_test0804/f1tenth_project_repo/build/vehicle_config/config/manual_vesc_config.yaml -> /home/autopilot03/Desktop/f1tenth_test0804/f1tenth_project_repo/install/vehicle_config/share/vehicle_config/config
symbolically linking /home/autopilot03/Desktop/f1tenth_test0804/f1tenth_project_repo/build/vehicle_config/config/controller_keymap.yaml -> /home/autopilot03/Desktop/f1tenth_test0804/f1tenth_project_repo/install/vehicle_config/share/vehicle_config/config
symbolically linking /home/autopilot03/Desktop/f1tenth_test0804/f1tenth_project_repo/build/vehicle_config/config/vesc_config.yaml -> /home/autopilot03/Desktop/f1tenth_test0804/f1tenth_project_repo/install/vehicle_config/share/vehicle_config/config
