[0.020s] Invoking command in '/home/autopilot03/Desktop/f1tenth_test0806/f1tenth_project_repo/build/bev_processor': AMENT_PREFIX_PATH=/home/autopilot03/Desktop/f1tenth_test0806/f1tenth_project_repo/install/camera_driver:${AMENT_PREFIX_PATH} CMAKE_PREFIX_PATH=/home/autopilot03/Desktop/f1tenth_test0806/f1tenth_project_repo/install/camera_driver:/opt/ros/humble LD_LIBRARY_PATH=/home/autopilot03/Desktop/f1tenth_test0806/f1tenth_project_repo/install/camera_driver/lib:/opt/ros/humble/opt/rviz_ogre_vendor/lib:/opt/ros/humble/lib/aarch64-linux-gnu:/opt/ros/humble/lib:/usr/local/cuda/lib64 /usr/bin/cmake /home/autopilot03/Desktop/f1tenth_test0806/f1tenth_project_repo/src/bev_processor -DCMAKE_BUILD_TYPE=Release -DCMAKE_CUDA_COMPILER=/usr/local/cuda/bin/nvcc -DCMAKE_INSTALL_PREFIX=/home/autopilot03/Desktop/f1tenth_test0806/f1tenth_project_repo/install/bev_processor
[0.163s] -- The CXX compiler identification is GNU 11.4.0
[2.499s] -- The CUDA compiler identification is NVIDIA 12.6.68
[2.515s] -- Detecting CXX compiler ABI info
[2.682s] -- Detecting CXX compiler ABI info - done
[2.707s] -- Check for working CXX compiler: /usr/bin/c++ - skipped
[2.708s] -- Detecting CXX compile features
[2.710s] -- Detecting CXX compile features - done
[2.720s] -- Detecting CUDA compiler ABI info
[4.948s] -- Detecting CUDA compiler ABI info - done
[5.022s] -- Check for working CUDA compiler: /usr/local/cuda/bin/nvcc - skipped
[5.022s] -- Detecting CUDA compile features
[5.022s] -- Detecting CUDA compile features - done
[5.026s] -- Found ament_cmake: 1.3.14 (/opt/ros/humble/share/ament_cmake/cmake)
[5.371s] -- Found Python3: /usr/bin/python3 (found version "3.10.12") found components: Interpreter 
[5.596s] -- Found CUDAToolkit: /usr/local/cuda/include (found version "12.6.68") 
[5.623s] -- Looking for C++ include pthread.h
[5.800s] -- Looking for C++ include pthread.h - found
[5.800s] -- Performing Test CMAKE_HAVE_LIBC_PTHREAD
[5.985s] -- Performing Test CMAKE_HAVE_LIBC_PTHREAD - Success
[5.990s] -- Found Threads: TRUE  
[6.095s] -- Found OpenCV: /usr (found suitable version "4.8.0", minimum required is "4") found components: core highgui imgproc 
[6.097s] -- Found rclcpp: 16.0.19 (/opt/ros/humble/share/rclcpp/cmake)
[6.163s] -- Found rosidl_generator_c: 3.1.8 (/opt/ros/humble/share/rosidl_generator_c/cmake)
[6.173s] -- Found rosidl_adapter: 3.1.8 (/opt/ros/humble/share/rosidl_adapter/cmake)
[6.192s] -- Found rosidl_generator_cpp: 3.1.8 (/opt/ros/humble/share/rosidl_generator_cpp/cmake)
[6.217s] -- Using all available rosidl_typesupport_c: rosidl_typesupport_fastrtps_c;rosidl_typesupport_introspection_c
[6.248s] -- Using all available rosidl_typesupport_cpp: rosidl_typesupport_fastrtps_cpp;rosidl_typesupport_introspection_cpp
[6.337s] -- Found rmw_implementation_cmake: 6.1.2 (/opt/ros/humble/share/rmw_implementation_cmake/cmake)
[6.342s] -- Found rmw_fastrtps_cpp: 6.2.10 (/opt/ros/humble/share/rmw_fastrtps_cpp/cmake)
[6.509s] -- Found OpenSSL: /usr/lib/aarch64-linux-gnu/libcrypto.so (found version "3.0.2")  
[6.558s] -- Found FastRTPS: /opt/ros/humble/include  
[6.645s] -- Using RMW implementation 'rmw_fastrtps_cpp' as default
[6.768s] -- Found rclcpp_components: 16.0.19 (/opt/ros/humble/share/rclcpp_components/cmake)
[6.825s] -- Found sensor_msgs: 4.9.1 (/opt/ros/humble/share/sensor_msgs/cmake)
[6.919s] -- Performing Test arch_native_supported
[7.079s] -- Performing Test arch_native_supported - Success
[7.260s] -- Configuring done
[7.331s] -- Generating done
[7.352s] -- Build files have been written to: /home/autopilot03/Desktop/f1tenth_test0806/f1tenth_project_repo/build/bev_processor
[7.380s] Invoked command in '/home/autopilot03/Desktop/f1tenth_test0806/f1tenth_project_repo/build/bev_processor' returned '0': AMENT_PREFIX_PATH=/home/autopilot03/Desktop/f1tenth_test0806/f1tenth_project_repo/install/camera_driver:${AMENT_PREFIX_PATH} CMAKE_PREFIX_PATH=/home/autopilot03/Desktop/f1tenth_test0806/f1tenth_project_repo/install/camera_driver:/opt/ros/humble LD_LIBRARY_PATH=/home/autopilot03/Desktop/f1tenth_test0806/f1tenth_project_repo/install/camera_driver/lib:/opt/ros/humble/opt/rviz_ogre_vendor/lib:/opt/ros/humble/lib/aarch64-linux-gnu:/opt/ros/humble/lib:/usr/local/cuda/lib64 /usr/bin/cmake /home/autopilot03/Desktop/f1tenth_test0806/f1tenth_project_repo/src/bev_processor -DCMAKE_BUILD_TYPE=Release -DCMAKE_CUDA_COMPILER=/usr/local/cuda/bin/nvcc -DCMAKE_INSTALL_PREFIX=/home/autopilot03/Desktop/f1tenth_test0806/f1tenth_project_repo/install/bev_processor
[7.386s] Invoking command in '/home/autopilot03/Desktop/f1tenth_test0806/f1tenth_project_repo/build/bev_processor': AMENT_PREFIX_PATH=/home/autopilot03/Desktop/f1tenth_test0806/f1tenth_project_repo/install/camera_driver:${AMENT_PREFIX_PATH} CMAKE_PREFIX_PATH=/home/autopilot03/Desktop/f1tenth_test0806/f1tenth_project_repo/install/camera_driver:/opt/ros/humble LD_LIBRARY_PATH=/home/autopilot03/Desktop/f1tenth_test0806/f1tenth_project_repo/install/camera_driver/lib:/opt/ros/humble/opt/rviz_ogre_vendor/lib:/opt/ros/humble/lib/aarch64-linux-gnu:/opt/ros/humble/lib:/usr/local/cuda/lib64 /usr/bin/cmake --build /home/autopilot03/Desktop/f1tenth_test0806/f1tenth_project_repo/build/bev_processor -- -j6 -l6
[7.472s] [35m[1mConsolidate compiler generated dependencies of target bev_cuda[0m
[7.473s] [35m[1mConsolidate compiler generated dependencies of target bev_geometry[0m
[7.474s] [35m[1mConsolidate compiler generated dependencies of target bev_lane_reconstructor[0m
[7.474s] [35m[1mConsolidate compiler generated dependencies of target bev_startup_attitude[0m
[7.476s] [35m[1mConsolidate compiler generated dependencies of target bev_ground_plane[0m
[7.507s] [ 18%] Built target bev_lane_reconstructor
[7.508s] [ 18%] Built target bev_startup_attitude
[7.508s] [ 27%] Built target bev_cuda
[7.511s] [ 36%] Built target bev_ground_plane
[7.511s] [ 45%] Built target bev_geometry
[7.530s] [35m[1mConsolidate compiler generated dependencies of target bev_lane_reconstructor_test[0m
[7.530s] [35m[1mConsolidate compiler generated dependencies of target startup_attitude_test[0m
[7.532s] [35m[1mConsolidate compiler generated dependencies of target bev_geometry_test[0m
[7.532s] [35m[1mConsolidate compiler generated dependencies of target ground_plane_estimator_test[0m
[7.534s] [35m[1mConsolidate compiler generated dependencies of target bev_startup_measurement[0m
[7.559s] [ 54%] Built target bev_lane_reconstructor_test
[7.560s] [ 63%] Built target startup_attitude_test
[7.560s] [ 72%] Built target bev_geometry_test
[7.562s] [ 81%] Built target ground_plane_estimator_test
[7.575s] [ 90%] Built target bev_startup_measurement
[7.604s] [35m[1mConsolidate compiler generated dependencies of target bev_processor_component[0m
[7.644s] [100%] Built target bev_processor_component
[7.668s] Invoked command in '/home/autopilot03/Desktop/f1tenth_test0806/f1tenth_project_repo/build/bev_processor' returned '0': AMENT_PREFIX_PATH=/home/autopilot03/Desktop/f1tenth_test0806/f1tenth_project_repo/install/camera_driver:${AMENT_PREFIX_PATH} CMAKE_PREFIX_PATH=/home/autopilot03/Desktop/f1tenth_test0806/f1tenth_project_repo/install/camera_driver:/opt/ros/humble LD_LIBRARY_PATH=/home/autopilot03/Desktop/f1tenth_test0806/f1tenth_project_repo/install/camera_driver/lib:/opt/ros/humble/opt/rviz_ogre_vendor/lib:/opt/ros/humble/lib/aarch64-linux-gnu:/opt/ros/humble/lib:/usr/local/cuda/lib64 /usr/bin/cmake --build /home/autopilot03/Desktop/f1tenth_test0806/f1tenth_project_repo/build/bev_processor -- -j6 -l6
[7.672s] Invoking command in '/home/autopilot03/Desktop/f1tenth_test0806/f1tenth_project_repo/build/bev_processor': AMENT_PREFIX_PATH=/home/autopilot03/Desktop/f1tenth_test0806/f1tenth_project_repo/install/camera_driver:${AMENT_PREFIX_PATH} CMAKE_PREFIX_PATH=/home/autopilot03/Desktop/f1tenth_test0806/f1tenth_project_repo/install/camera_driver:/opt/ros/humble LD_LIBRARY_PATH=/home/autopilot03/Desktop/f1tenth_test0806/f1tenth_project_repo/install/camera_driver/lib:/opt/ros/humble/opt/rviz_ogre_vendor/lib:/opt/ros/humble/lib/aarch64-linux-gnu:/opt/ros/humble/lib:/usr/local/cuda/lib64 /usr/bin/cmake --install /home/autopilot03/Desktop/f1tenth_test0806/f1tenth_project_repo/build/bev_processor
[7.693s] -- Install configuration: "Release"
[7.693s] -- Up-to-date: /home/autopilot03/Desktop/f1tenth_test0806/f1tenth_project_repo/install/bev_processor/lib/libbev_geometry.a
[7.694s] -- Up-to-date: /home/autopilot03/Desktop/f1tenth_test0806/f1tenth_project_repo/install/bev_processor/lib/libbev_lane_reconstructor.a
[7.694s] -- Up-to-date: /home/autopilot03/Desktop/f1tenth_test0806/f1tenth_project_repo/install/bev_processor/lib/libbev_ground_plane.a
[7.694s] -- Up-to-date: /home/autopilot03/Desktop/f1tenth_test0806/f1tenth_project_repo/install/bev_processor/lib/libbev_startup_attitude.a
[7.694s] -- Up-to-date: /home/autopilot03/Desktop/f1tenth_test0806/f1tenth_project_repo/install/bev_processor/lib/libbev_startup_measurement.a
[7.695s] -- Up-to-date: /home/autopilot03/Desktop/f1tenth_test0806/f1tenth_project_repo/install/bev_processor/lib/libbev_processor_component.so
[7.695s] -- Up-to-date: /home/autopilot03/Desktop/f1tenth_test0806/f1tenth_project_repo/install/bev_processor/include
[7.695s] -- Up-to-date: /home/autopilot03/Desktop/f1tenth_test0806/f1tenth_project_repo/install/bev_processor/include/bev_processor
[7.695s] -- Up-to-date: /home/autopilot03/Desktop/f1tenth_test0806/f1tenth_project_repo/install/bev_processor/include/bev_processor/bev_geometry.hpp
[7.695s] -- Up-to-date: /home/autopilot03/Desktop/f1tenth_test0806/f1tenth_project_repo/install/bev_processor/include/bev_processor/bev_lane_reconstructor.hpp
[7.695s] -- Up-to-date: /home/autopilot03/Desktop/f1tenth_test0806/f1tenth_project_repo/install/bev_processor/include/bev_processor/ground_plane_estimator.hpp
[7.696s] -- Up-to-date: /home/autopilot03/Desktop/f1tenth_test0806/f1tenth_project_repo/install/bev_processor/include/bev_processor/startup_attitude.hpp
[7.696s] -- Up-to-date: /home/autopilot03/Desktop/f1tenth_test0806/f1tenth_project_repo/install/bev_processor/include/bev_processor/cuda_bev_processor.hpp
[7.696s] -- Up-to-date: /home/autopilot03/Desktop/f1tenth_test0806/f1tenth_project_repo/install/bev_processor/include/bev_processor/oak_startup_measurement.hpp
[7.696s] -- Up-to-date: /home/autopilot03/Desktop/f1tenth_test0806/f1tenth_project_repo/install/bev_processor/share/bev_processor/config
[7.697s] -- Installing: /home/autopilot03/Desktop/f1tenth_test0806/f1tenth_project_repo/install/bev_processor/share/bev_processor/config/bev_config.yaml
[7.697s] -- Up-to-date: /home/autopilot03/Desktop/f1tenth_test0806/f1tenth_project_repo/install/bev_processor/share/bev_processor/launch
[7.697s] -- Up-to-date: /home/autopilot03/Desktop/f1tenth_test0806/f1tenth_project_repo/install/bev_processor/share/bev_processor/launch/bev_processor.launch.py
[7.698s] -- Up-to-date: /home/autopilot03/Desktop/f1tenth_test0806/f1tenth_project_repo/install/bev_processor/share/ament_index/resource_index/package_run_dependencies/bev_processor
[7.698s] -- Up-to-date: /home/autopilot03/Desktop/f1tenth_test0806/f1tenth_project_repo/install/bev_processor/share/ament_index/resource_index/parent_prefix_path/bev_processor
[7.698s] -- Up-to-date: /home/autopilot03/Desktop/f1tenth_test0806/f1tenth_project_repo/install/bev_processor/share/bev_processor/environment/ament_prefix_path.sh
[7.699s] -- Installing: /home/autopilot03/Desktop/f1tenth_test0806/f1tenth_project_repo/install/bev_processor/share/bev_processor/environment/ament_prefix_path.dsv
[7.699s] -- Up-to-date: /home/autopilot03/Desktop/f1tenth_test0806/f1tenth_project_repo/install/bev_processor/share/bev_processor/environment/path.sh
[7.699s] -- Installing: /home/autopilot03/Desktop/f1tenth_test0806/f1tenth_project_repo/install/bev_processor/share/bev_processor/environment/path.dsv
[7.699s] -- Up-to-date: /home/autopilot03/Desktop/f1tenth_test0806/f1tenth_project_repo/install/bev_processor/share/bev_processor/local_setup.bash
[7.700s] -- Up-to-date: /home/autopilot03/Desktop/f1tenth_test0806/f1tenth_project_repo/install/bev_processor/share/bev_processor/local_setup.sh
[7.700s] -- Up-to-date: /home/autopilot03/Desktop/f1tenth_test0806/f1tenth_project_repo/install/bev_processor/share/bev_processor/local_setup.zsh
[7.700s] -- Installing: /home/autopilot03/Desktop/f1tenth_test0806/f1tenth_project_repo/install/bev_processor/share/bev_processor/local_setup.dsv
[7.700s] -- Installing: /home/autopilot03/Desktop/f1tenth_test0806/f1tenth_project_repo/install/bev_processor/share/bev_processor/package.dsv
[7.700s] -- Up-to-date: /home/autopilot03/Desktop/f1tenth_test0806/f1tenth_project_repo/install/bev_processor/share/ament_index/resource_index/packages/bev_processor
[7.700s] -- Up-to-date: /home/autopilot03/Desktop/f1tenth_test0806/f1tenth_project_repo/install/bev_processor/share/ament_index/resource_index/rclcpp_components/bev_processor
[7.700s] -- Up-to-date: /home/autopilot03/Desktop/f1tenth_test0806/f1tenth_project_repo/install/bev_processor/share/bev_processor/cmake/ament_cmake_export_include_directories-extras.cmake
[7.701s] -- Up-to-date: /home/autopilot03/Desktop/f1tenth_test0806/f1tenth_project_repo/install/bev_processor/share/bev_processor/cmake/ament_cmake_export_dependencies-extras.cmake
[7.701s] -- Up-to-date: /home/autopilot03/Desktop/f1tenth_test0806/f1tenth_project_repo/install/bev_processor/share/bev_processor/cmake/bev_processorConfig.cmake
[7.701s] -- Up-to-date: /home/autopilot03/Desktop/f1tenth_test0806/f1tenth_project_repo/install/bev_processor/share/bev_processor/cmake/bev_processorConfig-version.cmake
[7.701s] -- Up-to-date: /home/autopilot03/Desktop/f1tenth_test0806/f1tenth_project_repo/install/bev_processor/share/bev_processor/package.xml
[7.705s] Invoked command in '/home/autopilot03/Desktop/f1tenth_test0806/f1tenth_project_repo/build/bev_processor' returned '0': AMENT_PREFIX_PATH=/home/autopilot03/Desktop/f1tenth_test0806/f1tenth_project_repo/install/camera_driver:${AMENT_PREFIX_PATH} CMAKE_PREFIX_PATH=/home/autopilot03/Desktop/f1tenth_test0806/f1tenth_project_repo/install/camera_driver:/opt/ros/humble LD_LIBRARY_PATH=/home/autopilot03/Desktop/f1tenth_test0806/f1tenth_project_repo/install/camera_driver/lib:/opt/ros/humble/opt/rviz_ogre_vendor/lib:/opt/ros/humble/lib/aarch64-linux-gnu:/opt/ros/humble/lib:/usr/local/cuda/lib64 /usr/bin/cmake --install /home/autopilot03/Desktop/f1tenth_test0806/f1tenth_project_repo/build/bev_processor
