[0.269s] DEBUG:colcon:Command line arguments: ['/usr/bin/colcon', 'build', '--packages-select', 'camera_driver', 'bev_processor', '--cmake-clean-cache', '--cmake-args', '-DCMAKE_BUILD_TYPE=Release', '-DCMAKE_CUDA_COMPILER=/usr/local/cuda/bin/nvcc', '--event-handlers', 'console_direct+']
[0.269s] DEBUG:colcon:Parsed command line arguments: Namespace(log_base=None, log_level=None, verb_name='build', build_base='build', install_base='install', merge_install=False, symlink_install=False, test_result_base=None, continue_on_error=False, executor='parallel', parallel_workers=6, event_handlers=['console_direct+'], ignore_user_meta=False, metas=['./colcon.meta'], base_paths=['.'], packages_ignore=None, packages_ignore_regex=None, paths=None, packages_up_to=None, packages_up_to_regex=None, packages_above=None, packages_above_and_dependencies=None, packages_above_depth=None, packages_select_by_dep=None, packages_skip_by_dep=None, packages_skip_up_to=None, packages_select_build_failed=False, packages_skip_build_finished=False, packages_select_test_failures=False, packages_skip_test_passed=False, packages_select=['camera_driver', 'bev_processor'], packages_skip=None, packages_select_regex=None, packages_skip_regex=None, packages_start=None, packages_end=None, allow_overriding=[], cmake_args=['-DCMAKE_BUILD_TYPE=Release', '-DCMAKE_CUDA_COMPILER=/usr/local/cuda/bin/nvcc'], cmake_target=None, cmake_target_skip_unavailable=False, cmake_clean_cache=True, cmake_clean_first=False, cmake_force_configure=False, ament_cmake_args=None, catkin_cmake_args=None, catkin_skip_building_tests=False, mixin_files=None, mixin=None, verb_parser=<colcon_mixin.mixin.mixin_argument.MixinArgumentDecorator object at 0xffff8e819bd0>, verb_extension=<colcon_core.verb.build.BuildVerb object at 0xffff8e9dae00>, main=<bound method BuildVerb.main of <colcon_core.verb.build.BuildVerb object at 0xffff8e9dae00>>, mixin_verb=('build',))
[0.668s] Level 1:colcon.colcon_core.package_discovery:discover_packages(colcon_meta) check parameters
[0.668s] Level 1:colcon.colcon_core.package_discovery:discover_packages(recursive) check parameters
[0.668s] Level 1:colcon.colcon_core.package_discovery:discover_packages(ignore) check parameters
[0.668s] Level 1:colcon.colcon_core.package_discovery:discover_packages(path) check parameters
[0.669s] Level 1:colcon.colcon_core.package_discovery:discover_packages(colcon_meta) discover
[0.669s] Level 1:colcon.colcon_core.package_discovery:discover_packages(recursive) discover
[0.669s] INFO:colcon.colcon_core.package_discovery:Crawling recursively for packages in '/home/autopilot03/Desktop/f1tenth_test0804/f1tenth_project_repo'
[0.669s] Level 1:colcon.colcon_core.package_identification:_identify(.) by extensions ['ignore', 'ignore_ament_install']
[0.669s] Level 1:colcon.colcon_core.package_identification:_identify(.) by extension 'ignore'
[0.670s] Level 1:colcon.colcon_core.package_identification:_identify(.) by extension 'ignore_ament_install'
[0.670s] Level 1:colcon.colcon_core.package_identification:_identify(.) by extensions ['colcon_pkg']
[0.670s] Level 1:colcon.colcon_core.package_identification:_identify(.) by extension 'colcon_pkg'
[0.670s] Level 1:colcon.colcon_core.package_identification:_identify(.) by extensions ['colcon_meta']
[0.670s] Level 1:colcon.colcon_core.package_identification:_identify(.) by extension 'colcon_meta'
[0.670s] Level 1:colcon.colcon_core.package_identification:_identify(.) by extensions ['ros']
[0.670s] Level 1:colcon.colcon_core.package_identification:_identify(.) by extension 'ros'
[0.697s] Level 1:colcon.colcon_core.package_identification:_identify(.) by extensions ['cmake', 'python']
[0.697s] Level 1:colcon.colcon_core.package_identification:_identify(.) by extension 'cmake'
[0.697s] Level 1:colcon.colcon_core.package_identification:_identify(.) by extension 'python'
[0.697s] Level 1:colcon.colcon_core.package_identification:_identify(.) by extensions ['python_setup_py']
[0.697s] Level 1:colcon.colcon_core.package_identification:_identify(.) by extension 'python_setup_py'
[0.698s] Level 1:colcon.colcon_core.package_identification:_identify(build) by extensions ['ignore', 'ignore_ament_install']
[0.698s] Level 1:colcon.colcon_core.package_identification:_identify(build) by extension 'ignore'
[0.698s] Level 1:colcon.colcon_core.package_identification:_identify(build) ignored
[0.698s] Level 1:colcon.colcon_core.package_identification:_identify(install) by extensions ['ignore', 'ignore_ament_install']
[0.698s] Level 1:colcon.colcon_core.package_identification:_identify(install) by extension 'ignore'
[0.698s] Level 1:colcon.colcon_core.package_identification:_identify(install) ignored
[0.699s] Level 1:colcon.colcon_core.package_identification:_identify(log) by extensions ['ignore', 'ignore_ament_install']
[0.699s] Level 1:colcon.colcon_core.package_identification:_identify(log) by extension 'ignore'
[0.699s] Level 1:colcon.colcon_core.package_identification:_identify(log) ignored
[0.699s] Level 1:colcon.colcon_core.package_identification:_identify(src) by extensions ['ignore', 'ignore_ament_install']
[0.699s] Level 1:colcon.colcon_core.package_identification:_identify(src) by extension 'ignore'
[0.700s] Level 1:colcon.colcon_core.package_identification:_identify(src) by extension 'ignore_ament_install'
[0.700s] Level 1:colcon.colcon_core.package_identification:_identify(src) by extensions ['colcon_pkg']
[0.700s] Level 1:colcon.colcon_core.package_identification:_identify(src) by extension 'colcon_pkg'
[0.700s] Level 1:colcon.colcon_core.package_identification:_identify(src) by extensions ['colcon_meta']
[0.700s] Level 1:colcon.colcon_core.package_identification:_identify(src) by extension 'colcon_meta'
[0.700s] Level 1:colcon.colcon_core.package_identification:_identify(src) by extensions ['ros']
[0.700s] Level 1:colcon.colcon_core.package_identification:_identify(src) by extension 'ros'
[0.700s] Level 1:colcon.colcon_core.package_identification:_identify(src) by extensions ['cmake', 'python']
[0.701s] Level 1:colcon.colcon_core.package_identification:_identify(src) by extension 'cmake'
[0.701s] Level 1:colcon.colcon_core.package_identification:_identify(src) by extension 'python'
[0.701s] Level 1:colcon.colcon_core.package_identification:_identify(src) by extensions ['python_setup_py']
[0.701s] Level 1:colcon.colcon_core.package_identification:_identify(src) by extension 'python_setup_py'
[0.701s] Level 1:colcon.colcon_core.package_identification:_identify(src/auto_control) by extensions ['ignore', 'ignore_ament_install']
[0.701s] Level 1:colcon.colcon_core.package_identification:_identify(src/auto_control) by extension 'ignore'
[0.701s] Level 1:colcon.colcon_core.package_identification:_identify(src/auto_control) by extension 'ignore_ament_install'
[0.701s] Level 1:colcon.colcon_core.package_identification:_identify(src/auto_control) by extensions ['colcon_pkg']
[0.702s] Level 1:colcon.colcon_core.package_identification:_identify(src/auto_control) by extension 'colcon_pkg'
[0.702s] Level 1:colcon.colcon_core.package_identification:_identify(src/auto_control) by extensions ['colcon_meta']
[0.702s] Level 1:colcon.colcon_core.package_identification:_identify(src/auto_control) by extension 'colcon_meta'
[0.702s] Level 1:colcon.colcon_core.package_identification:_identify(src/auto_control) by extensions ['ros']
[0.702s] Level 1:colcon.colcon_core.package_identification:_identify(src/auto_control) by extension 'ros'
[0.707s] DEBUG:colcon.colcon_core.package_identification:Package 'src/auto_control' with type 'ros.ament_python' and name 'auto_control'
[0.708s] Level 1:colcon.colcon_core.package_identification:_identify(src/bev_processor) by extensions ['ignore', 'ignore_ament_install']
[0.708s] Level 1:colcon.colcon_core.package_identification:_identify(src/bev_processor) by extension 'ignore'
[0.708s] Level 1:colcon.colcon_core.package_identification:_identify(src/bev_processor) by extension 'ignore_ament_install'
[0.708s] Level 1:colcon.colcon_core.package_identification:_identify(src/bev_processor) by extensions ['colcon_pkg']
[0.708s] Level 1:colcon.colcon_core.package_identification:_identify(src/bev_processor) by extension 'colcon_pkg'
[0.708s] Level 1:colcon.colcon_core.package_identification:_identify(src/bev_processor) by extensions ['colcon_meta']
[0.709s] Level 1:colcon.colcon_core.package_identification:_identify(src/bev_processor) by extension 'colcon_meta'
[0.709s] Level 1:colcon.colcon_core.package_identification:_identify(src/bev_processor) by extensions ['ros']
[0.709s] Level 1:colcon.colcon_core.package_identification:_identify(src/bev_processor) by extension 'ros'
[0.711s] DEBUG:colcon.colcon_core.package_identification:Package 'src/bev_processor' with type 'ros.ament_cmake' and name 'bev_processor'
[0.712s] Level 1:colcon.colcon_core.package_identification:_identify(src/camera_driver) by extensions ['ignore', 'ignore_ament_install']
[0.712s] Level 1:colcon.colcon_core.package_identification:_identify(src/camera_driver) by extension 'ignore'
[0.712s] Level 1:colcon.colcon_core.package_identification:_identify(src/camera_driver) by extension 'ignore_ament_install'
[0.712s] Level 1:colcon.colcon_core.package_identification:_identify(src/camera_driver) by extensions ['colcon_pkg']
[0.712s] Level 1:colcon.colcon_core.package_identification:_identify(src/camera_driver) by extension 'colcon_pkg'
[0.713s] Level 1:colcon.colcon_core.package_identification:_identify(src/camera_driver) by extensions ['colcon_meta']
[0.713s] Level 1:colcon.colcon_core.package_identification:_identify(src/camera_driver) by extension 'colcon_meta'
[0.713s] Level 1:colcon.colcon_core.package_identification:_identify(src/camera_driver) by extensions ['ros']
[0.713s] Level 1:colcon.colcon_core.package_identification:_identify(src/camera_driver) by extension 'ros'
[0.715s] DEBUG:colcon.colcon_core.package_identification:Package 'src/camera_driver' with type 'ros.ament_cmake' and name 'camera_driver'
[0.716s] Level 1:colcon.colcon_core.package_identification:_identify(src/camera_height_estimator) by extensions ['ignore', 'ignore_ament_install']
[0.716s] Level 1:colcon.colcon_core.package_identification:_identify(src/camera_height_estimator) by extension 'ignore'
[0.716s] Level 1:colcon.colcon_core.package_identification:_identify(src/camera_height_estimator) by extension 'ignore_ament_install'
[0.716s] Level 1:colcon.colcon_core.package_identification:_identify(src/camera_height_estimator) by extensions ['colcon_pkg']
[0.717s] Level 1:colcon.colcon_core.package_identification:_identify(src/camera_height_estimator) by extension 'colcon_pkg'
[0.717s] Level 1:colcon.colcon_core.package_identification:_identify(src/camera_height_estimator) by extensions ['colcon_meta']
[0.717s] Level 1:colcon.colcon_core.package_identification:_identify(src/camera_height_estimator) by extension 'colcon_meta'
[0.717s] Level 1:colcon.colcon_core.package_identification:_identify(src/camera_height_estimator) by extensions ['ros']
[0.717s] Level 1:colcon.colcon_core.package_identification:_identify(src/camera_height_estimator) by extension 'ros'
[0.719s] DEBUG:colcon.colcon_core.package_identification:Package 'src/camera_height_estimator' with type 'ros.ament_cmake' and name 'camera_height_estimator'
[0.719s] Level 1:colcon.colcon_core.package_identification:_identify(src/docs) by extensions ['ignore', 'ignore_ament_install']
[0.720s] Level 1:colcon.colcon_core.package_identification:_identify(src/docs) by extension 'ignore'
[0.720s] Level 1:colcon.colcon_core.package_identification:_identify(src/docs) by extension 'ignore_ament_install'
[0.720s] Level 1:colcon.colcon_core.package_identification:_identify(src/docs) by extensions ['colcon_pkg']
[0.720s] Level 1:colcon.colcon_core.package_identification:_identify(src/docs) by extension 'colcon_pkg'
[0.720s] Level 1:colcon.colcon_core.package_identification:_identify(src/docs) by extensions ['colcon_meta']
[0.720s] Level 1:colcon.colcon_core.package_identification:_identify(src/docs) by extension 'colcon_meta'
[0.721s] Level 1:colcon.colcon_core.package_identification:_identify(src/docs) by extensions ['ros']
[0.721s] Level 1:colcon.colcon_core.package_identification:_identify(src/docs) by extension 'ros'
[0.721s] Level 1:colcon.colcon_core.package_identification:_identify(src/docs) by extensions ['cmake', 'python']
[0.721s] Level 1:colcon.colcon_core.package_identification:_identify(src/docs) by extension 'cmake'
[0.721s] Level 1:colcon.colcon_core.package_identification:_identify(src/docs) by extension 'python'
[0.721s] Level 1:colcon.colcon_core.package_identification:_identify(src/docs) by extensions ['python_setup_py']
[0.721s] Level 1:colcon.colcon_core.package_identification:_identify(src/docs) by extension 'python_setup_py'
[0.721s] Level 1:colcon.colcon_core.package_identification:_identify(src/joy_initializer) by extensions ['ignore', 'ignore_ament_install']
[0.722s] Level 1:colcon.colcon_core.package_identification:_identify(src/joy_initializer) by extension 'ignore'
[0.722s] Level 1:colcon.colcon_core.package_identification:_identify(src/joy_initializer) by extension 'ignore_ament_install'
[0.722s] Level 1:colcon.colcon_core.package_identification:_identify(src/joy_initializer) by extensions ['colcon_pkg']
[0.722s] Level 1:colcon.colcon_core.package_identification:_identify(src/joy_initializer) by extension 'colcon_pkg'
[0.722s] Level 1:colcon.colcon_core.package_identification:_identify(src/joy_initializer) by extensions ['colcon_meta']
[0.722s] Level 1:colcon.colcon_core.package_identification:_identify(src/joy_initializer) by extension 'colcon_meta'
[0.722s] Level 1:colcon.colcon_core.package_identification:_identify(src/joy_initializer) by extensions ['ros']
[0.722s] Level 1:colcon.colcon_core.package_identification:_identify(src/joy_initializer) by extension 'ros'
[0.724s] DEBUG:colcon.colcon_core.package_identification:Package 'src/joy_initializer' with type 'ros.ament_python' and name 'joy_initializer'
[0.724s] Level 1:colcon.colcon_core.package_identification:_identify(src/manual_control) by extensions ['ignore', 'ignore_ament_install']
[0.724s] Level 1:colcon.colcon_core.package_identification:_identify(src/manual_control) by extension 'ignore'
[0.724s] Level 1:colcon.colcon_core.package_identification:_identify(src/manual_control) by extension 'ignore_ament_install'
[0.724s] Level 1:colcon.colcon_core.package_identification:_identify(src/manual_control) by extensions ['colcon_pkg']
[0.725s] Level 1:colcon.colcon_core.package_identification:_identify(src/manual_control) by extension 'colcon_pkg'
[0.725s] Level 1:colcon.colcon_core.package_identification:_identify(src/manual_control) by extensions ['colcon_meta']
[0.725s] Level 1:colcon.colcon_core.package_identification:_identify(src/manual_control) by extension 'colcon_meta'
[0.725s] Level 1:colcon.colcon_core.package_identification:_identify(src/manual_control) by extensions ['ros']
[0.725s] Level 1:colcon.colcon_core.package_identification:_identify(src/manual_control) by extension 'ros'
[0.726s] DEBUG:colcon.colcon_core.package_identification:Package 'src/manual_control' with type 'ros.ament_python' and name 'manual_control'
[0.726s] Level 1:colcon.colcon_core.package_identification:_identify(src/vehicle_config) by extensions ['ignore', 'ignore_ament_install']
[0.727s] Level 1:colcon.colcon_core.package_identification:_identify(src/vehicle_config) by extension 'ignore'
[0.727s] Level 1:colcon.colcon_core.package_identification:_identify(src/vehicle_config) by extension 'ignore_ament_install'
[0.727s] Level 1:colcon.colcon_core.package_identification:_identify(src/vehicle_config) by extensions ['colcon_pkg']
[0.727s] Level 1:colcon.colcon_core.package_identification:_identify(src/vehicle_config) by extension 'colcon_pkg'
[0.727s] Level 1:colcon.colcon_core.package_identification:_identify(src/vehicle_config) by extensions ['colcon_meta']
[0.727s] Level 1:colcon.colcon_core.package_identification:_identify(src/vehicle_config) by extension 'colcon_meta'
[0.727s] Level 1:colcon.colcon_core.package_identification:_identify(src/vehicle_config) by extensions ['ros']
[0.727s] Level 1:colcon.colcon_core.package_identification:_identify(src/vehicle_config) by extension 'ros'
[0.728s] DEBUG:colcon.colcon_core.package_identification:Package 'src/vehicle_config' with type 'ros.ament_python' and name 'vehicle_config'
[0.729s] Level 1:colcon.colcon_core.package_identification:_identify(src/vehicle_interfaces) by extensions ['ignore', 'ignore_ament_install']
[0.729s] Level 1:colcon.colcon_core.package_identification:_identify(src/vehicle_interfaces) by extension 'ignore'
[0.729s] Level 1:colcon.colcon_core.package_identification:_identify(src/vehicle_interfaces) by extension 'ignore_ament_install'
[0.729s] Level 1:colcon.colcon_core.package_identification:_identify(src/vehicle_interfaces) by extensions ['colcon_pkg']
[0.729s] Level 1:colcon.colcon_core.package_identification:_identify(src/vehicle_interfaces) by extension 'colcon_pkg'
[0.729s] Level 1:colcon.colcon_core.package_identification:_identify(src/vehicle_interfaces) by extensions ['colcon_meta']
[0.729s] Level 1:colcon.colcon_core.package_identification:_identify(src/vehicle_interfaces) by extension 'colcon_meta'
[0.729s] Level 1:colcon.colcon_core.package_identification:_identify(src/vehicle_interfaces) by extensions ['ros']
[0.729s] Level 1:colcon.colcon_core.package_identification:_identify(src/vehicle_interfaces) by extension 'ros'
[0.730s] DEBUG:colcon.colcon_core.package_identification:Failed to parse potential ROS package manifest in'src/vehicle_interfaces': Error(s) in package 'src/vehicle_interfaces/package.xml':
The manifest contains invalid XML:
no element found: line 1, column 0
[0.730s] Level 1:colcon.colcon_core.package_identification:_identify(src/vehicle_interfaces) by extensions ['cmake', 'python']
[0.730s] Level 1:colcon.colcon_core.package_identification:_identify(src/vehicle_interfaces) by extension 'cmake'
[0.733s] Level 1:colcon.colcon_core.package_identification:_identify(src/vehicle_interfaces) by extension 'python'
[0.733s] DEBUG:colcon.colcon_core.package_identification:Package 'src/vehicle_interfaces' with type 'cmake' and name 'vehicle_interfaces'
[0.733s] Level 1:colcon.colcon_core.package_identification:_identify(src/vehicle_launcher) by extensions ['ignore', 'ignore_ament_install']
[0.733s] Level 1:colcon.colcon_core.package_identification:_identify(src/vehicle_launcher) by extension 'ignore'
[0.733s] Level 1:colcon.colcon_core.package_identification:_identify(src/vehicle_launcher) by extension 'ignore_ament_install'
[0.733s] Level 1:colcon.colcon_core.package_identification:_identify(src/vehicle_launcher) by extensions ['colcon_pkg']
[0.734s] Level 1:colcon.colcon_core.package_identification:_identify(src/vehicle_launcher) by extension 'colcon_pkg'
[0.734s] Level 1:colcon.colcon_core.package_identification:_identify(src/vehicle_launcher) by extensions ['colcon_meta']
[0.734s] Level 1:colcon.colcon_core.package_identification:_identify(src/vehicle_launcher) by extension 'colcon_meta'
[0.734s] Level 1:colcon.colcon_core.package_identification:_identify(src/vehicle_launcher) by extensions ['ros']
[0.734s] Level 1:colcon.colcon_core.package_identification:_identify(src/vehicle_launcher) by extension 'ros'
[0.735s] DEBUG:colcon.colcon_core.package_identification:Package 'src/vehicle_launcher' with type 'ros.ament_python' and name 'vehicle_launcher'
[0.735s] Level 1:colcon.colcon_core.package_identification:_identify(src/vehicle_test_drive) by extensions ['ignore', 'ignore_ament_install']
[0.736s] Level 1:colcon.colcon_core.package_identification:_identify(src/vehicle_test_drive) by extension 'ignore'
[0.736s] Level 1:colcon.colcon_core.package_identification:_identify(src/vehicle_test_drive) by extension 'ignore_ament_install'
[0.736s] Level 1:colcon.colcon_core.package_identification:_identify(src/vehicle_test_drive) by extensions ['colcon_pkg']
[0.736s] Level 1:colcon.colcon_core.package_identification:_identify(src/vehicle_test_drive) by extension 'colcon_pkg'
[0.736s] Level 1:colcon.colcon_core.package_identification:_identify(src/vehicle_test_drive) by extensions ['colcon_meta']
[0.736s] Level 1:colcon.colcon_core.package_identification:_identify(src/vehicle_test_drive) by extension 'colcon_meta'
[0.736s] Level 1:colcon.colcon_core.package_identification:_identify(src/vehicle_test_drive) by extensions ['ros']
[0.736s] Level 1:colcon.colcon_core.package_identification:_identify(src/vehicle_test_drive) by extension 'ros'
[0.738s] DEBUG:colcon.colcon_core.package_identification:Package 'src/vehicle_test_drive' with type 'ros.ament_python' and name 'vehicle_test_drive'
[0.738s] Level 1:colcon.colcon_core.package_identification:_identify(src/vesc_initializer) by extensions ['ignore', 'ignore_ament_install']
[0.738s] Level 1:colcon.colcon_core.package_identification:_identify(src/vesc_initializer) by extension 'ignore'
[0.738s] Level 1:colcon.colcon_core.package_identification:_identify(src/vesc_initializer) by extension 'ignore_ament_install'
[0.738s] Level 1:colcon.colcon_core.package_identification:_identify(src/vesc_initializer) by extensions ['colcon_pkg']
[0.739s] Level 1:colcon.colcon_core.package_identification:_identify(src/vesc_initializer) by extension 'colcon_pkg'
[0.739s] Level 1:colcon.colcon_core.package_identification:_identify(src/vesc_initializer) by extensions ['colcon_meta']
[0.739s] Level 1:colcon.colcon_core.package_identification:_identify(src/vesc_initializer) by extension 'colcon_meta'
[0.739s] Level 1:colcon.colcon_core.package_identification:_identify(src/vesc_initializer) by extensions ['ros']
[0.739s] Level 1:colcon.colcon_core.package_identification:_identify(src/vesc_initializer) by extension 'ros'
[0.740s] DEBUG:colcon.colcon_core.package_identification:Package 'src/vesc_initializer' with type 'ros.ament_python' and name 'vesc_initializer'
[0.740s] Level 1:colcon.colcon_core.package_discovery:discover_packages(recursive) using defaults
[0.740s] Level 1:colcon.colcon_core.package_discovery:discover_packages(ignore) discover
[0.740s] Level 1:colcon.colcon_core.package_discovery:discover_packages(ignore) using defaults
[0.740s] Level 1:colcon.colcon_core.package_discovery:discover_packages(path) discover
[0.740s] Level 1:colcon.colcon_core.package_discovery:discover_packages(path) using defaults
[0.822s] INFO:colcon.colcon_core.package_selection:Skipping not selected package 'auto_control' in 'src/auto_control'
[0.822s] INFO:colcon.colcon_core.package_selection:Skipping not selected package 'camera_height_estimator' in 'src/camera_height_estimator'
[0.822s] INFO:colcon.colcon_core.package_selection:Skipping not selected package 'joy_initializer' in 'src/joy_initializer'
[0.822s] INFO:colcon.colcon_core.package_selection:Skipping not selected package 'vehicle_config' in 'src/vehicle_config'
[0.822s] INFO:colcon.colcon_core.package_selection:Skipping not selected package 'vehicle_interfaces' in 'src/vehicle_interfaces'
[0.823s] INFO:colcon.colcon_core.package_selection:Skipping not selected package 'vesc_initializer' in 'src/vesc_initializer'
[0.823s] INFO:colcon.colcon_core.package_selection:Skipping not selected package 'manual_control' in 'src/manual_control'
[0.823s] INFO:colcon.colcon_core.package_selection:Skipping not selected package 'vehicle_test_drive' in 'src/vehicle_test_drive'
[0.823s] INFO:colcon.colcon_core.package_selection:Skipping not selected package 'vehicle_launcher' in 'src/vehicle_launcher'
[0.824s] Level 1:colcon.colcon_core.package_discovery:discover_packages(prefix_path) check parameters
[0.824s] Level 1:colcon.colcon_core.package_discovery:discover_packages(prefix_path) discover
[0.829s] DEBUG:colcon.colcon_installed_package_information.package_discovery:Found 275 installed packages in /opt/ros/humble
[0.832s] Level 1:colcon.colcon_core.package_discovery:discover_packages(prefix_path) using defaults
[0.923s] Level 5:colcon.colcon_core.verb:set package 'camera_driver' build argument 'cmake_args' from command line to '['-DCMAKE_BUILD_TYPE=Release', '-DCMAKE_CUDA_COMPILER=/usr/local/cuda/bin/nvcc']'
[0.923s] Level 5:colcon.colcon_core.verb:set package 'camera_driver' build argument 'cmake_target' from command line to 'None'
[0.923s] Level 5:colcon.colcon_core.verb:set package 'camera_driver' build argument 'cmake_target_skip_unavailable' from command line to 'False'
[0.923s] Level 5:colcon.colcon_core.verb:set package 'camera_driver' build argument 'cmake_clean_cache' from command line to 'True'
[0.923s] Level 5:colcon.colcon_core.verb:set package 'camera_driver' build argument 'cmake_clean_first' from command line to 'False'
[0.923s] Level 5:colcon.colcon_core.verb:set package 'camera_driver' build argument 'cmake_force_configure' from command line to 'False'
[0.923s] Level 5:colcon.colcon_core.verb:set package 'camera_driver' build argument 'ament_cmake_args' from command line to 'None'
[0.923s] Level 5:colcon.colcon_core.verb:set package 'camera_driver' build argument 'catkin_cmake_args' from command line to 'None'
[0.923s] Level 5:colcon.colcon_core.verb:set package 'camera_driver' build argument 'catkin_skip_building_tests' from command line to 'False'
[0.923s] DEBUG:colcon.colcon_core.verb:Building package 'camera_driver' with the following arguments: {'ament_cmake_args': None, 'build_base': '/home/autopilot03/Desktop/f1tenth_test0804/f1tenth_project_repo/build/camera_driver', 'catkin_cmake_args': None, 'catkin_skip_building_tests': False, 'cmake_args': ['-DCMAKE_BUILD_TYPE=Release', '-DCMAKE_CUDA_COMPILER=/usr/local/cuda/bin/nvcc'], 'cmake_clean_cache': True, 'cmake_clean_first': False, 'cmake_force_configure': False, 'cmake_target': None, 'cmake_target_skip_unavailable': False, 'install_base': '/home/autopilot03/Desktop/f1tenth_test0804/f1tenth_project_repo/install/camera_driver', 'merge_install': False, 'path': '/home/autopilot03/Desktop/f1tenth_test0804/f1tenth_project_repo/src/camera_driver', 'symlink_install': False, 'test_result_base': None}
[0.924s] Level 5:colcon.colcon_core.verb:set package 'bev_processor' build argument 'cmake_args' from command line to '['-DCMAKE_BUILD_TYPE=Release', '-DCMAKE_CUDA_COMPILER=/usr/local/cuda/bin/nvcc']'
[0.924s] Level 5:colcon.colcon_core.verb:set package 'bev_processor' build argument 'cmake_target' from command line to 'None'
[0.924s] Level 5:colcon.colcon_core.verb:set package 'bev_processor' build argument 'cmake_target_skip_unavailable' from command line to 'False'
[0.924s] Level 5:colcon.colcon_core.verb:set package 'bev_processor' build argument 'cmake_clean_cache' from command line to 'True'
[0.925s] Level 5:colcon.colcon_core.verb:set package 'bev_processor' build argument 'cmake_clean_first' from command line to 'False'
[0.925s] Level 5:colcon.colcon_core.verb:set package 'bev_processor' build argument 'cmake_force_configure' from command line to 'False'
[0.925s] Level 5:colcon.colcon_core.verb:set package 'bev_processor' build argument 'ament_cmake_args' from command line to 'None'
[0.925s] Level 5:colcon.colcon_core.verb:set package 'bev_processor' build argument 'catkin_cmake_args' from command line to 'None'
[0.925s] Level 5:colcon.colcon_core.verb:set package 'bev_processor' build argument 'catkin_skip_building_tests' from command line to 'False'
[0.925s] DEBUG:colcon.colcon_core.verb:Building package 'bev_processor' with the following arguments: {'ament_cmake_args': None, 'build_base': '/home/autopilot03/Desktop/f1tenth_test0804/f1tenth_project_repo/build/bev_processor', 'catkin_cmake_args': None, 'catkin_skip_building_tests': False, 'cmake_args': ['-DCMAKE_BUILD_TYPE=Release', '-DCMAKE_CUDA_COMPILER=/usr/local/cuda/bin/nvcc'], 'cmake_clean_cache': True, 'cmake_clean_first': False, 'cmake_force_configure': False, 'cmake_target': None, 'cmake_target_skip_unavailable': False, 'install_base': '/home/autopilot03/Desktop/f1tenth_test0804/f1tenth_project_repo/install/bev_processor', 'merge_install': False, 'path': '/home/autopilot03/Desktop/f1tenth_test0804/f1tenth_project_repo/src/bev_processor', 'symlink_install': False, 'test_result_base': None}
[0.925s] INFO:colcon.colcon_core.executor:Executing jobs using 'parallel' executor
[0.928s] DEBUG:colcon.colcon_parallel_executor.executor.parallel:run_until_complete
[0.928s] INFO:colcon.colcon_ros.task.ament_cmake.build:Building ROS package in '/home/autopilot03/Desktop/f1tenth_test0804/f1tenth_project_repo/src/camera_driver' with build type 'ament_cmake'
[0.929s] INFO:colcon.colcon_cmake.task.cmake.build:Building CMake package in '/home/autopilot03/Desktop/f1tenth_test0804/f1tenth_project_repo/src/camera_driver'
[0.934s] INFO:colcon.colcon_core.plugin_system:Skipping extension 'colcon_core.shell.bat': Not used on non-Windows systems
[0.934s] INFO:colcon.colcon_core.shell:Skip shell extension 'powershell' for command environment: Not usable outside of PowerShell
[0.934s] DEBUG:colcon.colcon_core.shell:Skip shell extension 'dsv' for command environment
[0.948s] DEBUG:colcon.colcon_core.event_handler.log_command:Invoking command in '/home/autopilot03/Desktop/f1tenth_test0804/f1tenth_project_repo/build/camera_driver': CMAKE_PREFIX_PATH=/opt/ros/humble /usr/bin/cmake /home/autopilot03/Desktop/f1tenth_test0804/f1tenth_project_repo/src/camera_driver -DCMAKE_BUILD_TYPE=Release -DCMAKE_CUDA_COMPILER=/usr/local/cuda/bin/nvcc -DCMAKE_INSTALL_PREFIX=/home/autopilot03/Desktop/f1tenth_test0804/f1tenth_project_repo/install/camera_driver
[3.940s] DEBUG:colcon.colcon_core.event_handler.log_command:Invoked command in '/home/autopilot03/Desktop/f1tenth_test0804/f1tenth_project_repo/build/camera_driver' returned '0': CMAKE_PREFIX_PATH=/opt/ros/humble /usr/bin/cmake /home/autopilot03/Desktop/f1tenth_test0804/f1tenth_project_repo/src/camera_driver -DCMAKE_BUILD_TYPE=Release -DCMAKE_CUDA_COMPILER=/usr/local/cuda/bin/nvcc -DCMAKE_INSTALL_PREFIX=/home/autopilot03/Desktop/f1tenth_test0804/f1tenth_project_repo/install/camera_driver
[3.947s] DEBUG:colcon.colcon_core.event_handler.log_command:Invoking command in '/home/autopilot03/Desktop/f1tenth_test0804/f1tenth_project_repo/build/camera_driver': CMAKE_PREFIX_PATH=/opt/ros/humble /usr/bin/cmake --build /home/autopilot03/Desktop/f1tenth_test0804/f1tenth_project_repo/build/camera_driver -- -j6 -l6
[87.692s] DEBUG:colcon.colcon_core.event_handler.log_command:Invoked command in '/home/autopilot03/Desktop/f1tenth_test0804/f1tenth_project_repo/build/camera_driver' returned '0': CMAKE_PREFIX_PATH=/opt/ros/humble /usr/bin/cmake --build /home/autopilot03/Desktop/f1tenth_test0804/f1tenth_project_repo/build/camera_driver -- -j6 -l6
[87.713s] DEBUG:colcon.colcon_core.event_handler.log_command:Invoking command in '/home/autopilot03/Desktop/f1tenth_test0804/f1tenth_project_repo/build/camera_driver': CMAKE_PREFIX_PATH=/opt/ros/humble /usr/bin/cmake --install /home/autopilot03/Desktop/f1tenth_test0804/f1tenth_project_repo/build/camera_driver
[87.750s] Level 1:colcon.colcon_core.environment:create_environment_scripts_only(camera_driver)
[87.752s] DEBUG:colcon.colcon_core.event_handler.log_command:Invoked command in '/home/autopilot03/Desktop/f1tenth_test0804/f1tenth_project_repo/build/camera_driver' returned '0': CMAKE_PREFIX_PATH=/opt/ros/humble /usr/bin/cmake --install /home/autopilot03/Desktop/f1tenth_test0804/f1tenth_project_repo/build/camera_driver
[87.761s] Level 1:colcon.colcon_core.environment:checking '/home/autopilot03/Desktop/f1tenth_test0804/f1tenth_project_repo/install/camera_driver' for CMake module files
[87.763s] Level 1:colcon.colcon_core.environment:checking '/home/autopilot03/Desktop/f1tenth_test0804/f1tenth_project_repo/install/camera_driver' for CMake config files
[87.764s] Level 1:colcon.colcon_core.shell:create_environment_hook('camera_driver', 'cmake_prefix_path')
[87.765s] INFO:colcon.colcon_core.shell:Creating environment hook '/home/autopilot03/Desktop/f1tenth_test0804/f1tenth_project_repo/install/camera_driver/share/camera_driver/hook/cmake_prefix_path.ps1'
[87.767s] INFO:colcon.colcon_core.shell:Creating environment descriptor '/home/autopilot03/Desktop/f1tenth_test0804/f1tenth_project_repo/install/camera_driver/share/camera_driver/hook/cmake_prefix_path.dsv'
[87.768s] INFO:colcon.colcon_core.shell:Creating environment hook '/home/autopilot03/Desktop/f1tenth_test0804/f1tenth_project_repo/install/camera_driver/share/camera_driver/hook/cmake_prefix_path.sh'
[87.773s] Level 1:colcon.colcon_core.environment:checking '/home/autopilot03/Desktop/f1tenth_test0804/f1tenth_project_repo/install/camera_driver/lib'
[87.773s] Level 1:colcon.colcon_core.shell:create_environment_hook('camera_driver', 'ld_library_path_lib')
[87.774s] INFO:colcon.colcon_core.shell:Creating environment hook '/home/autopilot03/Desktop/f1tenth_test0804/f1tenth_project_repo/install/camera_driver/share/camera_driver/hook/ld_library_path_lib.ps1'
[87.775s] INFO:colcon.colcon_core.shell:Creating environment descriptor '/home/autopilot03/Desktop/f1tenth_test0804/f1tenth_project_repo/install/camera_driver/share/camera_driver/hook/ld_library_path_lib.dsv'
[87.776s] INFO:colcon.colcon_core.shell:Creating environment hook '/home/autopilot03/Desktop/f1tenth_test0804/f1tenth_project_repo/install/camera_driver/share/camera_driver/hook/ld_library_path_lib.sh'
[87.777s] Level 1:colcon.colcon_core.environment:checking '/home/autopilot03/Desktop/f1tenth_test0804/f1tenth_project_repo/install/camera_driver/bin'
[87.778s] Level 1:colcon.colcon_core.environment:checking '/home/autopilot03/Desktop/f1tenth_test0804/f1tenth_project_repo/install/camera_driver/lib/pkgconfig/camera_driver.pc'
[87.778s] Level 1:colcon.colcon_core.environment:checking '/home/autopilot03/Desktop/f1tenth_test0804/f1tenth_project_repo/install/camera_driver/lib/python3.10/site-packages'
[87.779s] Level 1:colcon.colcon_core.environment:checking '/home/autopilot03/Desktop/f1tenth_test0804/f1tenth_project_repo/install/camera_driver/bin'
[87.780s] INFO:colcon.colcon_core.shell:Creating package script '/home/autopilot03/Desktop/f1tenth_test0804/f1tenth_project_repo/install/camera_driver/share/camera_driver/package.ps1'
[87.783s] INFO:colcon.colcon_core.shell:Creating package descriptor '/home/autopilot03/Desktop/f1tenth_test0804/f1tenth_project_repo/install/camera_driver/share/camera_driver/package.dsv'
[87.785s] INFO:colcon.colcon_core.shell:Creating package script '/home/autopilot03/Desktop/f1tenth_test0804/f1tenth_project_repo/install/camera_driver/share/camera_driver/package.sh'
[87.787s] INFO:colcon.colcon_core.shell:Creating package script '/home/autopilot03/Desktop/f1tenth_test0804/f1tenth_project_repo/install/camera_driver/share/camera_driver/package.bash'
[87.789s] INFO:colcon.colcon_core.shell:Creating package script '/home/autopilot03/Desktop/f1tenth_test0804/f1tenth_project_repo/install/camera_driver/share/camera_driver/package.zsh'
[87.792s] Level 1:colcon.colcon_core.environment:create_file_with_runtime_dependencies(/home/autopilot03/Desktop/f1tenth_test0804/f1tenth_project_repo/install/camera_driver/share/colcon-core/packages/camera_driver)
[87.794s] Level 1:colcon.colcon_core.environment:create_environment_scripts_only(camera_driver)
[87.795s] Level 1:colcon.colcon_core.environment:checking '/home/autopilot03/Desktop/f1tenth_test0804/f1tenth_project_repo/install/camera_driver' for CMake module files
[87.796s] Level 1:colcon.colcon_core.environment:checking '/home/autopilot03/Desktop/f1tenth_test0804/f1tenth_project_repo/install/camera_driver' for CMake config files
[87.797s] Level 1:colcon.colcon_core.shell:create_environment_hook('camera_driver', 'cmake_prefix_path')
[87.798s] INFO:colcon.colcon_core.shell:Creating environment hook '/home/autopilot03/Desktop/f1tenth_test0804/f1tenth_project_repo/install/camera_driver/share/camera_driver/hook/cmake_prefix_path.ps1'
[87.799s] INFO:colcon.colcon_core.shell:Creating environment descriptor '/home/autopilot03/Desktop/f1tenth_test0804/f1tenth_project_repo/install/camera_driver/share/camera_driver/hook/cmake_prefix_path.dsv'
[87.800s] INFO:colcon.colcon_core.shell:Creating environment hook '/home/autopilot03/Desktop/f1tenth_test0804/f1tenth_project_repo/install/camera_driver/share/camera_driver/hook/cmake_prefix_path.sh'
[87.801s] Level 1:colcon.colcon_core.environment:checking '/home/autopilot03/Desktop/f1tenth_test0804/f1tenth_project_repo/install/camera_driver/lib'
[87.802s] Level 1:colcon.colcon_core.shell:create_environment_hook('camera_driver', 'ld_library_path_lib')
[87.802s] INFO:colcon.colcon_core.shell:Creating environment hook '/home/autopilot03/Desktop/f1tenth_test0804/f1tenth_project_repo/install/camera_driver/share/camera_driver/hook/ld_library_path_lib.ps1'
[87.803s] INFO:colcon.colcon_core.shell:Creating environment descriptor '/home/autopilot03/Desktop/f1tenth_test0804/f1tenth_project_repo/install/camera_driver/share/camera_driver/hook/ld_library_path_lib.dsv'
[87.804s] INFO:colcon.colcon_core.shell:Creating environment hook '/home/autopilot03/Desktop/f1tenth_test0804/f1tenth_project_repo/install/camera_driver/share/camera_driver/hook/ld_library_path_lib.sh'
[87.805s] Level 1:colcon.colcon_core.environment:checking '/home/autopilot03/Desktop/f1tenth_test0804/f1tenth_project_repo/install/camera_driver/bin'
[87.805s] Level 1:colcon.colcon_core.environment:checking '/home/autopilot03/Desktop/f1tenth_test0804/f1tenth_project_repo/install/camera_driver/lib/pkgconfig/camera_driver.pc'
[87.806s] Level 1:colcon.colcon_core.environment:checking '/home/autopilot03/Desktop/f1tenth_test0804/f1tenth_project_repo/install/camera_driver/lib/python3.10/site-packages'
[87.807s] Level 1:colcon.colcon_core.environment:checking '/home/autopilot03/Desktop/f1tenth_test0804/f1tenth_project_repo/install/camera_driver/bin'
[87.808s] INFO:colcon.colcon_core.shell:Creating package script '/home/autopilot03/Desktop/f1tenth_test0804/f1tenth_project_repo/install/camera_driver/share/camera_driver/package.ps1'
[87.811s] INFO:colcon.colcon_core.shell:Creating package descriptor '/home/autopilot03/Desktop/f1tenth_test0804/f1tenth_project_repo/install/camera_driver/share/camera_driver/package.dsv'
[87.813s] INFO:colcon.colcon_core.shell:Creating package script '/home/autopilot03/Desktop/f1tenth_test0804/f1tenth_project_repo/install/camera_driver/share/camera_driver/package.sh'
[87.814s] INFO:colcon.colcon_core.shell:Creating package script '/home/autopilot03/Desktop/f1tenth_test0804/f1tenth_project_repo/install/camera_driver/share/camera_driver/package.bash'
[87.815s] INFO:colcon.colcon_core.shell:Creating package script '/home/autopilot03/Desktop/f1tenth_test0804/f1tenth_project_repo/install/camera_driver/share/camera_driver/package.zsh'
[87.816s] Level 1:colcon.colcon_core.environment:create_file_with_runtime_dependencies(/home/autopilot03/Desktop/f1tenth_test0804/f1tenth_project_repo/install/camera_driver/share/colcon-core/packages/camera_driver)
[87.817s] INFO:colcon.colcon_ros.task.ament_cmake.build:Building ROS package in '/home/autopilot03/Desktop/f1tenth_test0804/f1tenth_project_repo/src/bev_processor' with build type 'ament_cmake'
[87.818s] INFO:colcon.colcon_cmake.task.cmake.build:Building CMake package in '/home/autopilot03/Desktop/f1tenth_test0804/f1tenth_project_repo/src/bev_processor'
[87.818s] INFO:colcon.colcon_core.shell:Skip shell extension 'powershell' for command environment: Not usable outside of PowerShell
[87.818s] DEBUG:colcon.colcon_core.shell:Skip shell extension 'dsv' for command environment
[87.838s] DEBUG:colcon.colcon_core.event_handler.log_command:Invoking command in '/home/autopilot03/Desktop/f1tenth_test0804/f1tenth_project_repo/build/bev_processor': AMENT_PREFIX_PATH=/home/autopilot03/Desktop/f1tenth_test0804/f1tenth_project_repo/install/camera_driver:${AMENT_PREFIX_PATH} CMAKE_PREFIX_PATH=/home/autopilot03/Desktop/f1tenth_test0804/f1tenth_project_repo/install/camera_driver:/opt/ros/humble LD_LIBRARY_PATH=/home/autopilot03/Desktop/f1tenth_test0804/f1tenth_project_repo/install/camera_driver/lib:/opt/ros/humble/opt/rviz_ogre_vendor/lib:/opt/ros/humble/lib/aarch64-linux-gnu:/opt/ros/humble/lib:/usr/local/cuda/lib64 /usr/bin/cmake /home/autopilot03/Desktop/f1tenth_test0804/f1tenth_project_repo/src/bev_processor -DCMAKE_BUILD_TYPE=Release -DCMAKE_CUDA_COMPILER=/usr/local/cuda/bin/nvcc -DCMAKE_INSTALL_PREFIX=/home/autopilot03/Desktop/f1tenth_test0804/f1tenth_project_repo/install/bev_processor
[95.591s] DEBUG:colcon.colcon_core.event_handler.log_command:Invoked command in '/home/autopilot03/Desktop/f1tenth_test0804/f1tenth_project_repo/build/bev_processor' returned '0': AMENT_PREFIX_PATH=/home/autopilot03/Desktop/f1tenth_test0804/f1tenth_project_repo/install/camera_driver:${AMENT_PREFIX_PATH} CMAKE_PREFIX_PATH=/home/autopilot03/Desktop/f1tenth_test0804/f1tenth_project_repo/install/camera_driver:/opt/ros/humble LD_LIBRARY_PATH=/home/autopilot03/Desktop/f1tenth_test0804/f1tenth_project_repo/install/camera_driver/lib:/opt/ros/humble/opt/rviz_ogre_vendor/lib:/opt/ros/humble/lib/aarch64-linux-gnu:/opt/ros/humble/lib:/usr/local/cuda/lib64 /usr/bin/cmake /home/autopilot03/Desktop/f1tenth_test0804/f1tenth_project_repo/src/bev_processor -DCMAKE_BUILD_TYPE=Release -DCMAKE_CUDA_COMPILER=/usr/local/cuda/bin/nvcc -DCMAKE_INSTALL_PREFIX=/home/autopilot03/Desktop/f1tenth_test0804/f1tenth_project_repo/install/bev_processor
[95.594s] DEBUG:colcon.colcon_core.event_handler.log_command:Invoking command in '/home/autopilot03/Desktop/f1tenth_test0804/f1tenth_project_repo/build/bev_processor': AMENT_PREFIX_PATH=/home/autopilot03/Desktop/f1tenth_test0804/f1tenth_project_repo/install/camera_driver:${AMENT_PREFIX_PATH} CMAKE_PREFIX_PATH=/home/autopilot03/Desktop/f1tenth_test0804/f1tenth_project_repo/install/camera_driver:/opt/ros/humble LD_LIBRARY_PATH=/home/autopilot03/Desktop/f1tenth_test0804/f1tenth_project_repo/install/camera_driver/lib:/opt/ros/humble/opt/rviz_ogre_vendor/lib:/opt/ros/humble/lib/aarch64-linux-gnu:/opt/ros/humble/lib:/usr/local/cuda/lib64 /usr/bin/cmake --build /home/autopilot03/Desktop/f1tenth_test0804/f1tenth_project_repo/build/bev_processor -- -j6 -l6
[194.869s] DEBUG:colcon.colcon_core.event_handler.log_command:Invoked command in '/home/autopilot03/Desktop/f1tenth_test0804/f1tenth_project_repo/build/bev_processor' returned '0': AMENT_PREFIX_PATH=/home/autopilot03/Desktop/f1tenth_test0804/f1tenth_project_repo/install/camera_driver:${AMENT_PREFIX_PATH} CMAKE_PREFIX_PATH=/home/autopilot03/Desktop/f1tenth_test0804/f1tenth_project_repo/install/camera_driver:/opt/ros/humble LD_LIBRARY_PATH=/home/autopilot03/Desktop/f1tenth_test0804/f1tenth_project_repo/install/camera_driver/lib:/opt/ros/humble/opt/rviz_ogre_vendor/lib:/opt/ros/humble/lib/aarch64-linux-gnu:/opt/ros/humble/lib:/usr/local/cuda/lib64 /usr/bin/cmake --build /home/autopilot03/Desktop/f1tenth_test0804/f1tenth_project_repo/build/bev_processor -- -j6 -l6
[194.875s] DEBUG:colcon.colcon_core.event_handler.log_command:Invoking command in '/home/autopilot03/Desktop/f1tenth_test0804/f1tenth_project_repo/build/bev_processor': AMENT_PREFIX_PATH=/home/autopilot03/Desktop/f1tenth_test0804/f1tenth_project_repo/install/camera_driver:${AMENT_PREFIX_PATH} CMAKE_PREFIX_PATH=/home/autopilot03/Desktop/f1tenth_test0804/f1tenth_project_repo/install/camera_driver:/opt/ros/humble LD_LIBRARY_PATH=/home/autopilot03/Desktop/f1tenth_test0804/f1tenth_project_repo/install/camera_driver/lib:/opt/ros/humble/opt/rviz_ogre_vendor/lib:/opt/ros/humble/lib/aarch64-linux-gnu:/opt/ros/humble/lib:/usr/local/cuda/lib64 /usr/bin/cmake --install /home/autopilot03/Desktop/f1tenth_test0804/f1tenth_project_repo/build/bev_processor
[194.913s] Level 1:colcon.colcon_core.environment:create_environment_scripts_only(bev_processor)
[194.914s] Level 1:colcon.colcon_core.environment:checking '/home/autopilot03/Desktop/f1tenth_test0804/f1tenth_project_repo/install/bev_processor' for CMake module files
[194.915s] DEBUG:colcon.colcon_core.event_handler.log_command:Invoked command in '/home/autopilot03/Desktop/f1tenth_test0804/f1tenth_project_repo/build/bev_processor' returned '0': AMENT_PREFIX_PATH=/home/autopilot03/Desktop/f1tenth_test0804/f1tenth_project_repo/install/camera_driver:${AMENT_PREFIX_PATH} CMAKE_PREFIX_PATH=/home/autopilot03/Desktop/f1tenth_test0804/f1tenth_project_repo/install/camera_driver:/opt/ros/humble LD_LIBRARY_PATH=/home/autopilot03/Desktop/f1tenth_test0804/f1tenth_project_repo/install/camera_driver/lib:/opt/ros/humble/opt/rviz_ogre_vendor/lib:/opt/ros/humble/lib/aarch64-linux-gnu:/opt/ros/humble/lib:/usr/local/cuda/lib64 /usr/bin/cmake --install /home/autopilot03/Desktop/f1tenth_test0804/f1tenth_project_repo/build/bev_processor
[194.917s] Level 1:colcon.colcon_core.environment:checking '/home/autopilot03/Desktop/f1tenth_test0804/f1tenth_project_repo/install/bev_processor' for CMake config files
[194.917s] Level 1:colcon.colcon_core.shell:create_environment_hook('bev_processor', 'cmake_prefix_path')
[194.918s] INFO:colcon.colcon_core.shell:Creating environment hook '/home/autopilot03/Desktop/f1tenth_test0804/f1tenth_project_repo/install/bev_processor/share/bev_processor/hook/cmake_prefix_path.ps1'
[194.919s] INFO:colcon.colcon_core.shell:Creating environment descriptor '/home/autopilot03/Desktop/f1tenth_test0804/f1tenth_project_repo/install/bev_processor/share/bev_processor/hook/cmake_prefix_path.dsv'
[194.921s] INFO:colcon.colcon_core.shell:Creating environment hook '/home/autopilot03/Desktop/f1tenth_test0804/f1tenth_project_repo/install/bev_processor/share/bev_processor/hook/cmake_prefix_path.sh'
[194.923s] Level 1:colcon.colcon_core.environment:checking '/home/autopilot03/Desktop/f1tenth_test0804/f1tenth_project_repo/install/bev_processor/lib'
[194.923s] Level 1:colcon.colcon_core.shell:create_environment_hook('bev_processor', 'ld_library_path_lib')
[194.924s] INFO:colcon.colcon_core.shell:Creating environment hook '/home/autopilot03/Desktop/f1tenth_test0804/f1tenth_project_repo/install/bev_processor/share/bev_processor/hook/ld_library_path_lib.ps1'
[194.926s] INFO:colcon.colcon_core.shell:Creating environment descriptor '/home/autopilot03/Desktop/f1tenth_test0804/f1tenth_project_repo/install/bev_processor/share/bev_processor/hook/ld_library_path_lib.dsv'
[194.927s] INFO:colcon.colcon_core.shell:Creating environment hook '/home/autopilot03/Desktop/f1tenth_test0804/f1tenth_project_repo/install/bev_processor/share/bev_processor/hook/ld_library_path_lib.sh'
[194.928s] Level 1:colcon.colcon_core.environment:checking '/home/autopilot03/Desktop/f1tenth_test0804/f1tenth_project_repo/install/bev_processor/bin'
[194.929s] Level 1:colcon.colcon_core.environment:checking '/home/autopilot03/Desktop/f1tenth_test0804/f1tenth_project_repo/install/bev_processor/lib/pkgconfig/bev_processor.pc'
[194.932s] Level 1:colcon.colcon_core.environment:checking '/home/autopilot03/Desktop/f1tenth_test0804/f1tenth_project_repo/install/bev_processor/lib/python3.10/site-packages'
[194.933s] Level 1:colcon.colcon_core.environment:checking '/home/autopilot03/Desktop/f1tenth_test0804/f1tenth_project_repo/install/bev_processor/bin'
[194.934s] INFO:colcon.colcon_core.shell:Creating package script '/home/autopilot03/Desktop/f1tenth_test0804/f1tenth_project_repo/install/bev_processor/share/bev_processor/package.ps1'
[194.937s] INFO:colcon.colcon_core.shell:Creating package descriptor '/home/autopilot03/Desktop/f1tenth_test0804/f1tenth_project_repo/install/bev_processor/share/bev_processor/package.dsv'
[194.938s] INFO:colcon.colcon_core.shell:Creating package script '/home/autopilot03/Desktop/f1tenth_test0804/f1tenth_project_repo/install/bev_processor/share/bev_processor/package.sh'
[194.939s] INFO:colcon.colcon_core.shell:Creating package script '/home/autopilot03/Desktop/f1tenth_test0804/f1tenth_project_repo/install/bev_processor/share/bev_processor/package.bash'
[194.940s] INFO:colcon.colcon_core.shell:Creating package script '/home/autopilot03/Desktop/f1tenth_test0804/f1tenth_project_repo/install/bev_processor/share/bev_processor/package.zsh'
[194.941s] Level 1:colcon.colcon_core.environment:create_file_with_runtime_dependencies(/home/autopilot03/Desktop/f1tenth_test0804/f1tenth_project_repo/install/bev_processor/share/colcon-core/packages/bev_processor)
[194.943s] Level 1:colcon.colcon_core.environment:create_environment_scripts_only(bev_processor)
[194.944s] Level 1:colcon.colcon_core.environment:checking '/home/autopilot03/Desktop/f1tenth_test0804/f1tenth_project_repo/install/bev_processor' for CMake module files
[194.945s] Level 1:colcon.colcon_core.environment:checking '/home/autopilot03/Desktop/f1tenth_test0804/f1tenth_project_repo/install/bev_processor' for CMake config files
[194.946s] Level 1:colcon.colcon_core.shell:create_environment_hook('bev_processor', 'cmake_prefix_path')
[194.946s] INFO:colcon.colcon_core.shell:Creating environment hook '/home/autopilot03/Desktop/f1tenth_test0804/f1tenth_project_repo/install/bev_processor/share/bev_processor/hook/cmake_prefix_path.ps1'
[194.947s] INFO:colcon.colcon_core.shell:Creating environment descriptor '/home/autopilot03/Desktop/f1tenth_test0804/f1tenth_project_repo/install/bev_processor/share/bev_processor/hook/cmake_prefix_path.dsv'
[194.948s] INFO:colcon.colcon_core.shell:Creating environment hook '/home/autopilot03/Desktop/f1tenth_test0804/f1tenth_project_repo/install/bev_processor/share/bev_processor/hook/cmake_prefix_path.sh'
[194.950s] Level 1:colcon.colcon_core.environment:checking '/home/autopilot03/Desktop/f1tenth_test0804/f1tenth_project_repo/install/bev_processor/lib'
[194.950s] Level 1:colcon.colcon_core.shell:create_environment_hook('bev_processor', 'ld_library_path_lib')
[194.951s] INFO:colcon.colcon_core.shell:Creating environment hook '/home/autopilot03/Desktop/f1tenth_test0804/f1tenth_project_repo/install/bev_processor/share/bev_processor/hook/ld_library_path_lib.ps1'
[194.952s] INFO:colcon.colcon_core.shell:Creating environment descriptor '/home/autopilot03/Desktop/f1tenth_test0804/f1tenth_project_repo/install/bev_processor/share/bev_processor/hook/ld_library_path_lib.dsv'
[194.953s] INFO:colcon.colcon_core.shell:Creating environment hook '/home/autopilot03/Desktop/f1tenth_test0804/f1tenth_project_repo/install/bev_processor/share/bev_processor/hook/ld_library_path_lib.sh'
[194.954s] Level 1:colcon.colcon_core.environment:checking '/home/autopilot03/Desktop/f1tenth_test0804/f1tenth_project_repo/install/bev_processor/bin'
[194.954s] Level 1:colcon.colcon_core.environment:checking '/home/autopilot03/Desktop/f1tenth_test0804/f1tenth_project_repo/install/bev_processor/lib/pkgconfig/bev_processor.pc'
[194.954s] Level 1:colcon.colcon_core.environment:checking '/home/autopilot03/Desktop/f1tenth_test0804/f1tenth_project_repo/install/bev_processor/lib/python3.10/site-packages'
[194.955s] Level 1:colcon.colcon_core.environment:checking '/home/autopilot03/Desktop/f1tenth_test0804/f1tenth_project_repo/install/bev_processor/bin'
[194.956s] INFO:colcon.colcon_core.shell:Creating package script '/home/autopilot03/Desktop/f1tenth_test0804/f1tenth_project_repo/install/bev_processor/share/bev_processor/package.ps1'
[194.958s] INFO:colcon.colcon_core.shell:Creating package descriptor '/home/autopilot03/Desktop/f1tenth_test0804/f1tenth_project_repo/install/bev_processor/share/bev_processor/package.dsv'
[194.959s] INFO:colcon.colcon_core.shell:Creating package script '/home/autopilot03/Desktop/f1tenth_test0804/f1tenth_project_repo/install/bev_processor/share/bev_processor/package.sh'
[194.961s] INFO:colcon.colcon_core.shell:Creating package script '/home/autopilot03/Desktop/f1tenth_test0804/f1tenth_project_repo/install/bev_processor/share/bev_processor/package.bash'
[194.962s] INFO:colcon.colcon_core.shell:Creating package script '/home/autopilot03/Desktop/f1tenth_test0804/f1tenth_project_repo/install/bev_processor/share/bev_processor/package.zsh'
[194.964s] Level 1:colcon.colcon_core.environment:create_file_with_runtime_dependencies(/home/autopilot03/Desktop/f1tenth_test0804/f1tenth_project_repo/install/bev_processor/share/colcon-core/packages/bev_processor)
[194.965s] DEBUG:colcon.colcon_parallel_executor.executor.parallel:closing loop
[194.966s] DEBUG:colcon.colcon_parallel_executor.executor.parallel:loop closed
[194.966s] DEBUG:colcon.colcon_parallel_executor.executor.parallel:run_until_complete finished with '0'
[194.967s] DEBUG:colcon.colcon_core.event_reactor:joining thread
[194.981s] INFO:colcon.colcon_core.plugin_system:Skipping extension 'colcon_notification.desktop_notification.terminal_notifier': Not used on non-Darwin systems
[194.981s] INFO:colcon.colcon_core.plugin_system:Skipping extension 'colcon_notification.desktop_notification.win32': Not used on non-Windows systems
[194.981s] INFO:colcon.colcon_notification.desktop_notification:Sending desktop notification using 'notify2'
[195.025s] DEBUG:colcon.colcon_core.event_reactor:joined thread
[195.026s] INFO:colcon.colcon_core.shell:Creating prefix script '/home/autopilot03/Desktop/f1tenth_test0804/f1tenth_project_repo/install/local_setup.ps1'
[195.028s] INFO:colcon.colcon_core.shell:Creating prefix util module '/home/autopilot03/Desktop/f1tenth_test0804/f1tenth_project_repo/install/_local_setup_util_ps1.py'
[195.032s] INFO:colcon.colcon_core.shell:Creating prefix chain script '/home/autopilot03/Desktop/f1tenth_test0804/f1tenth_project_repo/install/setup.ps1'
[195.034s] INFO:colcon.colcon_core.shell:Creating prefix script '/home/autopilot03/Desktop/f1tenth_test0804/f1tenth_project_repo/install/local_setup.sh'
[195.035s] INFO:colcon.colcon_core.shell:Creating prefix util module '/home/autopilot03/Desktop/f1tenth_test0804/f1tenth_project_repo/install/_local_setup_util_sh.py'
[195.037s] INFO:colcon.colcon_core.shell:Creating prefix chain script '/home/autopilot03/Desktop/f1tenth_test0804/f1tenth_project_repo/install/setup.sh'
[195.039s] INFO:colcon.colcon_core.shell:Creating prefix script '/home/autopilot03/Desktop/f1tenth_test0804/f1tenth_project_repo/install/local_setup.bash'
[195.040s] INFO:colcon.colcon_core.shell:Creating prefix chain script '/home/autopilot03/Desktop/f1tenth_test0804/f1tenth_project_repo/install/setup.bash'
[195.043s] INFO:colcon.colcon_core.shell:Creating prefix script '/home/autopilot03/Desktop/f1tenth_test0804/f1tenth_project_repo/install/local_setup.zsh'
[195.044s] INFO:colcon.colcon_core.shell:Creating prefix chain script '/home/autopilot03/Desktop/f1tenth_test0804/f1tenth_project_repo/install/setup.zsh'
