running develop
running egg_info
creating joy_initializer.egg-info
writing joy_initializer.egg-info/PKG-INFO
writing dependency_links to joy_initializer.egg-info/dependency_links.txt
writing requirements to joy_initializer.egg-info/requires.txt
writing top-level names to joy_initializer.egg-info/top_level.txt
writing manifest file 'joy_initializer.egg-info/SOURCES.txt'
reading manifest file 'joy_initializer.egg-info/SOURCES.txt'
writing manifest file 'joy_initializer.egg-info/SOURCES.txt'
running build_ext
Creating /home/autopilot03/Desktop/f1tenth_test0804/f1tenth_project_repo/install/joy_initializer/lib/python3.10/site-packages/joy-initializer.egg-link (link to .)

Installed /home/autopilot03/Desktop/f1tenth_test0804/f1tenth_project_repo/build/joy_initializer
running symlink_data
creating /home/autopilot03/Desktop/f1tenth_test0804/f1tenth_project_repo/install/joy_initializer/share/ament_index
creating /home/autopilot03/Desktop/f1tenth_test0804/f1tenth_project_repo/install/joy_initializer/share/ament_index/resource_index
creating /home/autopilot03/Desktop/f1tenth_test0804/f1tenth_project_repo/install/joy_initializer/share/ament_index/resource_index/packages
symbolically linking /home/autopilot03/Desktop/f1tenth_test0804/f1tenth_project_repo/build/joy_initializer/resource/joy_initializer -> /home/autopilot03/Desktop/f1tenth_test0804/f1tenth_project_repo/install/joy_initializer/share/ament_index/resource_index/packages
symbolically linking /home/autopilot03/Desktop/f1tenth_test0804/f1tenth_project_repo/build/joy_initializer/package.xml -> /home/autopilot03/Desktop/f1tenth_test0804/f1tenth_project_repo/install/joy_initializer/share/joy_initializer
creating /home/autopilot03/Desktop/f1tenth_test0804/f1tenth_project_repo/install/joy_initializer/share/joy_initializer/launch
symbolically linking /home/autopilot03/Desktop/f1tenth_test0804/f1tenth_project_repo/build/joy_initializer/launch/joy.launch.py -> /home/autopilot03/Desktop/f1tenth_test0804/f1tenth_project_repo/install/joy_initializer/share/joy_initializer/launch
