[4.020s] Invoking command in '/home/autopilot03/Desktop/f1tenth_test0804/f1tenth_project_repo/build/joy_initializer': PYTHONPATH=/home/autopilot03/Desktop/f1tenth_test0804/f1tenth_project_repo/build/joy_initializer/prefix_override:/usr/lib/python3/dist-packages/colcon_core/task/python/colcon_distutils_commands:/home/autopilot03/Desktop/f1tenth_test0804/f1tenth_project_repo/install/joy_initializer/lib/python3.10/site-packages:${PYTHONPATH} /usr/bin/python3 -W ignore:setup.py install is deprecated -W ignore:easy_install command is deprecated setup.py develop --editable --build-directory /home/autopilot03/Desktop/f1tenth_test0804/f1tenth_project_repo/build/joy_initializer/build --no-deps symlink_data
[4.838s] running develop
[5.496s] running egg_info
[5.497s] creating joy_initializer.egg-info
[5.497s] writing joy_initializer.egg-info/PKG-INFO
[5.498s] writing dependency_links to joy_initializer.egg-info/dependency_links.txt
[5.498s] writing requirements to joy_initializer.egg-info/requires.txt
[5.499s] writing top-level names to joy_initializer.egg-info/top_level.txt
[5.499s] writing manifest file 'joy_initializer.egg-info/SOURCES.txt'
[5.501s] reading manifest file 'joy_initializer.egg-info/SOURCES.txt'
[5.503s] writing manifest file 'joy_initializer.egg-info/SOURCES.txt'
[5.507s] running build_ext
[5.510s] Creating /home/autopilot03/Desktop/f1tenth_test0804/f1tenth_project_repo/install/joy_initializer/lib/python3.10/site-packages/joy-initializer.egg-link (link to .)
[5.512s] 
[5.512s] Installed /home/autopilot03/Desktop/f1tenth_test0804/f1tenth_project_repo/build/joy_initializer
[5.513s] running symlink_data
[5.513s] creating /home/autopilot03/Desktop/f1tenth_test0804/f1tenth_project_repo/install/joy_initializer/share/ament_index
[5.513s] creating /home/autopilot03/Desktop/f1tenth_test0804/f1tenth_project_repo/install/joy_initializer/share/ament_index/resource_index
[5.514s] creating /home/autopilot03/Desktop/f1tenth_test0804/f1tenth_project_repo/install/joy_initializer/share/ament_index/resource_index/packages
[5.514s] symbolically linking /home/autopilot03/Desktop/f1tenth_test0804/f1tenth_project_repo/build/joy_initializer/resource/joy_initializer -> /home/autopilot03/Desktop/f1tenth_test0804/f1tenth_project_repo/install/joy_initializer/share/ament_index/resource_index/packages
[5.514s] symbolically linking /home/autopilot03/Desktop/f1tenth_test0804/f1tenth_project_repo/build/joy_initializer/package.xml -> /home/autopilot03/Desktop/f1tenth_test0804/f1tenth_project_repo/install/joy_initializer/share/joy_initializer
[5.514s] creating /home/autopilot03/Desktop/f1tenth_test0804/f1tenth_project_repo/install/joy_initializer/share/joy_initializer/launch
[5.515s] symbolically linking /home/autopilot03/Desktop/f1tenth_test0804/f1tenth_project_repo/build/joy_initializer/launch/joy.launch.py -> /home/autopilot03/Desktop/f1tenth_test0804/f1tenth_project_repo/install/joy_initializer/share/joy_initializer/launch
[5.653s] Invoked command in '/home/autopilot03/Desktop/f1tenth_test0804/f1tenth_project_repo/build/joy_initializer' returned '0': PYTHONPATH=/home/autopilot03/Desktop/f1tenth_test0804/f1tenth_project_repo/build/joy_initializer/prefix_override:/usr/lib/python3/dist-packages/colcon_core/task/python/colcon_distutils_commands:/home/autopilot03/Desktop/f1tenth_test0804/f1tenth_project_repo/install/joy_initializer/lib/python3.10/site-packages:${PYTHONPATH} /usr/bin/python3 -W ignore:setup.py install is deprecated -W ignore:easy_install command is deprecated setup.py develop --editable --build-directory /home/autopilot03/Desktop/f1tenth_test0804/f1tenth_project_repo/build/joy_initializer/build --no-deps symlink_data
