[0.281s] DEBUG:colcon:Command line arguments: ['/usr/bin/colcon', 'build', '--packages-select', 'camera_driver', 'bev_processor', '--cmake-clean-cache', '--cmake-args', '-DCMAKE_BUILD_TYPE=Release', '-DCMAKE_CUDA_COMPILER=/usr/local/cuda/bin/nvcc']
[0.281s] DEBUG:colcon:Parsed command line arguments: Namespace(log_base=None, log_level=None, verb_name='build', build_base='build', install_base='install', merge_install=False, symlink_install=False, test_result_base=None, continue_on_error=False, executor='parallel', parallel_workers=6, event_handlers=None, ignore_user_meta=False, metas=['./colcon.meta'], base_paths=['.'], packages_ignore=None, packages_ignore_regex=None, paths=None, packages_up_to=None, packages_up_to_regex=None, packages_above=None, packages_above_and_dependencies=None, packages_above_depth=None, packages_select_by_dep=None, packages_skip_by_dep=None, packages_skip_up_to=None, packages_select_build_failed=False, packages_skip_build_finished=False, packages_select_test_failures=False, packages_skip_test_passed=False, packages_select=['camera_driver', 'bev_processor'], packages_skip=None, packages_select_regex=None, packages_skip_regex=None, packages_start=None, packages_end=None, allow_overriding=[], cmake_args=['-DCMAKE_BUILD_TYPE=Release', '-DCMAKE_CUDA_COMPILER=/usr/local/cuda/bin/nvcc'], cmake_target=None, cmake_target_skip_unavailable=False, cmake_clean_cache=True, cmake_clean_first=False, cmake_force_configure=False, ament_cmake_args=None, catkin_cmake_args=None, catkin_skip_building_tests=False, mixin_files=None, mixin=None, verb_parser=<colcon_mixin.mixin.mixin_argument.MixinArgumentDecorator object at 0xffff9572c040>, verb_extension=<colcon_core.verb.build.BuildVerb object at 0xffff9590d240>, main=<bound method BuildVerb.main of <colcon_core.verb.build.BuildVerb object at 0xffff9590d240>>, mixin_verb=('build',))
[0.699s] Level 1:colcon.colcon_core.package_discovery:discover_packages(colcon_meta) check parameters
[0.699s] Level 1:colcon.colcon_core.package_discovery:discover_packages(recursive) check parameters
[0.699s] Level 1:colcon.colcon_core.package_discovery:discover_packages(ignore) check parameters
[0.699s] Level 1:colcon.colcon_core.package_discovery:discover_packages(path) check parameters
[0.699s] Level 1:colcon.colcon_core.package_discovery:discover_packages(colcon_meta) discover
[0.700s] Level 1:colcon.colcon_core.package_discovery:discover_packages(recursive) discover
[0.700s] INFO:colcon.colcon_core.package_discovery:Crawling recursively for packages in '/home/autopilot03/Desktop/f1tenth_test0806/f1tenth_project_repo'
[0.700s] Level 1:colcon.colcon_core.package_identification:_identify(.) by extensions ['ignore', 'ignore_ament_install']
[0.700s] Level 1:colcon.colcon_core.package_identification:_identify(.) by extension 'ignore'
[0.701s] Level 1:colcon.colcon_core.package_identification:_identify(.) by extension 'ignore_ament_install'
[0.701s] Level 1:colcon.colcon_core.package_identification:_identify(.) by extensions ['colcon_pkg']
[0.701s] Level 1:colcon.colcon_core.package_identification:_identify(.) by extension 'colcon_pkg'
[0.701s] Level 1:colcon.colcon_core.package_identification:_identify(.) by extensions ['colcon_meta']
[0.701s] Level 1:colcon.colcon_core.package_identification:_identify(.) by extension 'colcon_meta'
[0.701s] Level 1:colcon.colcon_core.package_identification:_identify(.) by extensions ['ros']
[0.701s] Level 1:colcon.colcon_core.package_identification:_identify(.) by extension 'ros'
[0.728s] Level 1:colcon.colcon_core.package_identification:_identify(.) by extensions ['cmake', 'python']
[0.728s] Level 1:colcon.colcon_core.package_identification:_identify(.) by extension 'cmake'
[0.729s] Level 1:colcon.colcon_core.package_identification:_identify(.) by extension 'python'
[0.729s] Level 1:colcon.colcon_core.package_identification:_identify(.) by extensions ['python_setup_py']
[0.729s] Level 1:colcon.colcon_core.package_identification:_identify(.) by extension 'python_setup_py'
[0.729s] Level 1:colcon.colcon_core.package_identification:_identify(build) by extensions ['ignore', 'ignore_ament_install']
[0.729s] Level 1:colcon.colcon_core.package_identification:_identify(build) by extension 'ignore'
[0.730s] Level 1:colcon.colcon_core.package_identification:_identify(build) ignored
[0.730s] Level 1:colcon.colcon_core.package_identification:_identify(install) by extensions ['ignore', 'ignore_ament_install']
[0.730s] Level 1:colcon.colcon_core.package_identification:_identify(install) by extension 'ignore'
[0.730s] Level 1:colcon.colcon_core.package_identification:_identify(install) ignored
[0.731s] Level 1:colcon.colcon_core.package_identification:_identify(log) by extensions ['ignore', 'ignore_ament_install']
[0.731s] Level 1:colcon.colcon_core.package_identification:_identify(log) by extension 'ignore'
[0.731s] Level 1:colcon.colcon_core.package_identification:_identify(log) ignored
[0.731s] Level 1:colcon.colcon_core.package_identification:_identify(src) by extensions ['ignore', 'ignore_ament_install']
[0.731s] Level 1:colcon.colcon_core.package_identification:_identify(src) by extension 'ignore'
[0.731s] Level 1:colcon.colcon_core.package_identification:_identify(src) by extension 'ignore_ament_install'
[0.732s] Level 1:colcon.colcon_core.package_identification:_identify(src) by extensions ['colcon_pkg']
[0.732s] Level 1:colcon.colcon_core.package_identification:_identify(src) by extension 'colcon_pkg'
[0.732s] Level 1:colcon.colcon_core.package_identification:_identify(src) by extensions ['colcon_meta']
[0.732s] Level 1:colcon.colcon_core.package_identification:_identify(src) by extension 'colcon_meta'
[0.732s] Level 1:colcon.colcon_core.package_identification:_identify(src) by extensions ['ros']
[0.732s] Level 1:colcon.colcon_core.package_identification:_identify(src) by extension 'ros'
[0.732s] Level 1:colcon.colcon_core.package_identification:_identify(src) by extensions ['cmake', 'python']
[0.732s] Level 1:colcon.colcon_core.package_identification:_identify(src) by extension 'cmake'
[0.732s] Level 1:colcon.colcon_core.package_identification:_identify(src) by extension 'python'
[0.732s] Level 1:colcon.colcon_core.package_identification:_identify(src) by extensions ['python_setup_py']
[0.732s] Level 1:colcon.colcon_core.package_identification:_identify(src) by extension 'python_setup_py'
[0.733s] Level 1:colcon.colcon_core.package_identification:_identify(src/auto_control) by extensions ['ignore', 'ignore_ament_install']
[0.733s] Level 1:colcon.colcon_core.package_identification:_identify(src/auto_control) by extension 'ignore'
[0.733s] Level 1:colcon.colcon_core.package_identification:_identify(src/auto_control) by extension 'ignore_ament_install'
[0.733s] Level 1:colcon.colcon_core.package_identification:_identify(src/auto_control) by extensions ['colcon_pkg']
[0.733s] Level 1:colcon.colcon_core.package_identification:_identify(src/auto_control) by extension 'colcon_pkg'
[0.733s] Level 1:colcon.colcon_core.package_identification:_identify(src/auto_control) by extensions ['colcon_meta']
[0.733s] Level 1:colcon.colcon_core.package_identification:_identify(src/auto_control) by extension 'colcon_meta'
[0.734s] Level 1:colcon.colcon_core.package_identification:_identify(src/auto_control) by extensions ['ros']
[0.734s] Level 1:colcon.colcon_core.package_identification:_identify(src/auto_control) by extension 'ros'
[0.739s] DEBUG:colcon.colcon_core.package_identification:Package 'src/auto_control' with type 'ros.ament_python' and name 'auto_control'
[0.739s] Level 1:colcon.colcon_core.package_identification:_identify(src/bev_processor) by extensions ['ignore', 'ignore_ament_install']
[0.740s] Level 1:colcon.colcon_core.package_identification:_identify(src/bev_processor) by extension 'ignore'
[0.740s] Level 1:colcon.colcon_core.package_identification:_identify(src/bev_processor) by extension 'ignore_ament_install'
[0.740s] Level 1:colcon.colcon_core.package_identification:_identify(src/bev_processor) by extensions ['colcon_pkg']
[0.740s] Level 1:colcon.colcon_core.package_identification:_identify(src/bev_processor) by extension 'colcon_pkg'
[0.740s] Level 1:colcon.colcon_core.package_identification:_identify(src/bev_processor) by extensions ['colcon_meta']
[0.740s] Level 1:colcon.colcon_core.package_identification:_identify(src/bev_processor) by extension 'colcon_meta'
[0.740s] Level 1:colcon.colcon_core.package_identification:_identify(src/bev_processor) by extensions ['ros']
[0.740s] Level 1:colcon.colcon_core.package_identification:_identify(src/bev_processor) by extension 'ros'
[0.743s] DEBUG:colcon.colcon_core.package_identification:Package 'src/bev_processor' with type 'ros.ament_cmake' and name 'bev_processor'
[0.743s] Level 1:colcon.colcon_core.package_identification:_identify(src/camera_driver) by extensions ['ignore', 'ignore_ament_install']
[0.743s] Level 1:colcon.colcon_core.package_identification:_identify(src/camera_driver) by extension 'ignore'
[0.743s] Level 1:colcon.colcon_core.package_identification:_identify(src/camera_driver) by extension 'ignore_ament_install'
[0.743s] Level 1:colcon.colcon_core.package_identification:_identify(src/camera_driver) by extensions ['colcon_pkg']
[0.743s] Level 1:colcon.colcon_core.package_identification:_identify(src/camera_driver) by extension 'colcon_pkg'
[0.744s] Level 1:colcon.colcon_core.package_identification:_identify(src/camera_driver) by extensions ['colcon_meta']
[0.744s] Level 1:colcon.colcon_core.package_identification:_identify(src/camera_driver) by extension 'colcon_meta'
[0.744s] Level 1:colcon.colcon_core.package_identification:_identify(src/camera_driver) by extensions ['ros']
[0.744s] Level 1:colcon.colcon_core.package_identification:_identify(src/camera_driver) by extension 'ros'
[0.746s] DEBUG:colcon.colcon_core.package_identification:Package 'src/camera_driver' with type 'ros.ament_cmake' and name 'camera_driver'
[0.746s] Level 1:colcon.colcon_core.package_identification:_identify(src/camera_height_estimator) by extensions ['ignore', 'ignore_ament_install']
[0.746s] Level 1:colcon.colcon_core.package_identification:_identify(src/camera_height_estimator) by extension 'ignore'
[0.746s] Level 1:colcon.colcon_core.package_identification:_identify(src/camera_height_estimator) by extension 'ignore_ament_install'
[0.746s] Level 1:colcon.colcon_core.package_identification:_identify(src/camera_height_estimator) by extensions ['colcon_pkg']
[0.746s] Level 1:colcon.colcon_core.package_identification:_identify(src/camera_height_estimator) by extension 'colcon_pkg'
[0.747s] Level 1:colcon.colcon_core.package_identification:_identify(src/camera_height_estimator) by extensions ['colcon_meta']
[0.747s] Level 1:colcon.colcon_core.package_identification:_identify(src/camera_height_estimator) by extension 'colcon_meta'
[0.747s] Level 1:colcon.colcon_core.package_identification:_identify(src/camera_height_estimator) by extensions ['ros']
[0.747s] Level 1:colcon.colcon_core.package_identification:_identify(src/camera_height_estimator) by extension 'ros'
[0.748s] DEBUG:colcon.colcon_core.package_identification:Package 'src/camera_height_estimator' with type 'ros.ament_cmake' and name 'camera_height_estimator'
[0.749s] Level 1:colcon.colcon_core.package_identification:_identify(src/docs) by extensions ['ignore', 'ignore_ament_install']
[0.749s] Level 1:colcon.colcon_core.package_identification:_identify(src/docs) by extension 'ignore'
[0.749s] Level 1:colcon.colcon_core.package_identification:_identify(src/docs) by extension 'ignore_ament_install'
[0.749s] Level 1:colcon.colcon_core.package_identification:_identify(src/docs) by extensions ['colcon_pkg']
[0.749s] Level 1:colcon.colcon_core.package_identification:_identify(src/docs) by extension 'colcon_pkg'
[0.749s] Level 1:colcon.colcon_core.package_identification:_identify(src/docs) by extensions ['colcon_meta']
[0.749s] Level 1:colcon.colcon_core.package_identification:_identify(src/docs) by extension 'colcon_meta'
[0.750s] Level 1:colcon.colcon_core.package_identification:_identify(src/docs) by extensions ['ros']
[0.750s] Level 1:colcon.colcon_core.package_identification:_identify(src/docs) by extension 'ros'
[0.750s] Level 1:colcon.colcon_core.package_identification:_identify(src/docs) by extensions ['cmake', 'python']
[0.750s] Level 1:colcon.colcon_core.package_identification:_identify(src/docs) by extension 'cmake'
[0.750s] Level 1:colcon.colcon_core.package_identification:_identify(src/docs) by extension 'python'
[0.750s] Level 1:colcon.colcon_core.package_identification:_identify(src/docs) by extensions ['python_setup_py']
[0.750s] Level 1:colcon.colcon_core.package_identification:_identify(src/docs) by extension 'python_setup_py'
[0.751s] Level 1:colcon.colcon_core.package_identification:_identify(src/joy_initializer) by extensions ['ignore', 'ignore_ament_install']
[0.751s] Level 1:colcon.colcon_core.package_identification:_identify(src/joy_initializer) by extension 'ignore'
[0.751s] Level 1:colcon.colcon_core.package_identification:_identify(src/joy_initializer) by extension 'ignore_ament_install'
[0.751s] Level 1:colcon.colcon_core.package_identification:_identify(src/joy_initializer) by extensions ['colcon_pkg']
[0.751s] Level 1:colcon.colcon_core.package_identification:_identify(src/joy_initializer) by extension 'colcon_pkg'
[0.751s] Level 1:colcon.colcon_core.package_identification:_identify(src/joy_initializer) by extensions ['colcon_meta']
[0.751s] Level 1:colcon.colcon_core.package_identification:_identify(src/joy_initializer) by extension 'colcon_meta'
[0.751s] Level 1:colcon.colcon_core.package_identification:_identify(src/joy_initializer) by extensions ['ros']
[0.752s] Level 1:colcon.colcon_core.package_identification:_identify(src/joy_initializer) by extension 'ros'
[0.753s] DEBUG:colcon.colcon_core.package_identification:Package 'src/joy_initializer' with type 'ros.ament_python' and name 'joy_initializer'
[0.753s] Level 1:colcon.colcon_core.package_identification:_identify(src/manual_control) by extensions ['ignore', 'ignore_ament_install']
[0.754s] Level 1:colcon.colcon_core.package_identification:_identify(src/manual_control) by extension 'ignore'
[0.754s] Level 1:colcon.colcon_core.package_identification:_identify(src/manual_control) by extension 'ignore_ament_install'
[0.754s] Level 1:colcon.colcon_core.package_identification:_identify(src/manual_control) by extensions ['colcon_pkg']
[0.754s] Level 1:colcon.colcon_core.package_identification:_identify(src/manual_control) by extension 'colcon_pkg'
[0.754s] Level 1:colcon.colcon_core.package_identification:_identify(src/manual_control) by extensions ['colcon_meta']
[0.754s] Level 1:colcon.colcon_core.package_identification:_identify(src/manual_control) by extension 'colcon_meta'
[0.754s] Level 1:colcon.colcon_core.package_identification:_identify(src/manual_control) by extensions ['ros']
[0.755s] Level 1:colcon.colcon_core.package_identification:_identify(src/manual_control) by extension 'ros'
[0.756s] DEBUG:colcon.colcon_core.package_identification:Package 'src/manual_control' with type 'ros.ament_python' and name 'manual_control'
[0.756s] Level 1:colcon.colcon_core.package_identification:_identify(src/vehicle_config) by extensions ['ignore', 'ignore_ament_install']
[0.756s] Level 1:colcon.colcon_core.package_identification:_identify(src/vehicle_config) by extension 'ignore'
[0.757s] Level 1:colcon.colcon_core.package_identification:_identify(src/vehicle_config) by extension 'ignore_ament_install'
[0.757s] Level 1:colcon.colcon_core.package_identification:_identify(src/vehicle_config) by extensions ['colcon_pkg']
[0.757s] Level 1:colcon.colcon_core.package_identification:_identify(src/vehicle_config) by extension 'colcon_pkg'
[0.757s] Level 1:colcon.colcon_core.package_identification:_identify(src/vehicle_config) by extensions ['colcon_meta']
[0.757s] Level 1:colcon.colcon_core.package_identification:_identify(src/vehicle_config) by extension 'colcon_meta'
[0.757s] Level 1:colcon.colcon_core.package_identification:_identify(src/vehicle_config) by extensions ['ros']
[0.757s] Level 1:colcon.colcon_core.package_identification:_identify(src/vehicle_config) by extension 'ros'
[0.758s] DEBUG:colcon.colcon_core.package_identification:Package 'src/vehicle_config' with type 'ros.ament_python' and name 'vehicle_config'
[0.758s] Level 1:colcon.colcon_core.package_identification:_identify(src/vehicle_interfaces) by extensions ['ignore', 'ignore_ament_install']
[0.759s] Level 1:colcon.colcon_core.package_identification:_identify(src/vehicle_interfaces) by extension 'ignore'
[0.759s] Level 1:colcon.colcon_core.package_identification:_identify(src/vehicle_interfaces) by extension 'ignore_ament_install'
[0.759s] Level 1:colcon.colcon_core.package_identification:_identify(src/vehicle_interfaces) by extensions ['colcon_pkg']
[0.759s] Level 1:colcon.colcon_core.package_identification:_identify(src/vehicle_interfaces) by extension 'colcon_pkg'
[0.759s] Level 1:colcon.colcon_core.package_identification:_identify(src/vehicle_interfaces) by extensions ['colcon_meta']
[0.759s] Level 1:colcon.colcon_core.package_identification:_identify(src/vehicle_interfaces) by extension 'colcon_meta'
[0.759s] Level 1:colcon.colcon_core.package_identification:_identify(src/vehicle_interfaces) by extensions ['ros']
[0.759s] Level 1:colcon.colcon_core.package_identification:_identify(src/vehicle_interfaces) by extension 'ros'
[0.760s] DEBUG:colcon.colcon_core.package_identification:Failed to parse potential ROS package manifest in'src/vehicle_interfaces': Error(s) in package 'src/vehicle_interfaces/package.xml':
The manifest contains invalid XML:
no element found: line 1, column 0
[0.760s] Level 1:colcon.colcon_core.package_identification:_identify(src/vehicle_interfaces) by extensions ['cmake', 'python']
[0.760s] Level 1:colcon.colcon_core.package_identification:_identify(src/vehicle_interfaces) by extension 'cmake'
[0.762s] Level 1:colcon.colcon_core.package_identification:_identify(src/vehicle_interfaces) by extension 'python'
[0.763s] DEBUG:colcon.colcon_core.package_identification:Package 'src/vehicle_interfaces' with type 'cmake' and name 'vehicle_interfaces'
[0.763s] Level 1:colcon.colcon_core.package_identification:_identify(src/vehicle_launcher) by extensions ['ignore', 'ignore_ament_install']
[0.763s] Level 1:colcon.colcon_core.package_identification:_identify(src/vehicle_launcher) by extension 'ignore'
[0.763s] Level 1:colcon.colcon_core.package_identification:_identify(src/vehicle_launcher) by extension 'ignore_ament_install'
[0.763s] Level 1:colcon.colcon_core.package_identification:_identify(src/vehicle_launcher) by extensions ['colcon_pkg']
[0.763s] Level 1:colcon.colcon_core.package_identification:_identify(src/vehicle_launcher) by extension 'colcon_pkg'
[0.763s] Level 1:colcon.colcon_core.package_identification:_identify(src/vehicle_launcher) by extensions ['colcon_meta']
[0.764s] Level 1:colcon.colcon_core.package_identification:_identify(src/vehicle_launcher) by extension 'colcon_meta'
[0.764s] Level 1:colcon.colcon_core.package_identification:_identify(src/vehicle_launcher) by extensions ['ros']
[0.764s] Level 1:colcon.colcon_core.package_identification:_identify(src/vehicle_launcher) by extension 'ros'
[0.765s] DEBUG:colcon.colcon_core.package_identification:Package 'src/vehicle_launcher' with type 'ros.ament_python' and name 'vehicle_launcher'
[0.765s] Level 1:colcon.colcon_core.package_identification:_identify(src/vehicle_test_drive) by extensions ['ignore', 'ignore_ament_install']
[0.765s] Level 1:colcon.colcon_core.package_identification:_identify(src/vehicle_test_drive) by extension 'ignore'
[0.766s] Level 1:colcon.colcon_core.package_identification:_identify(src/vehicle_test_drive) by extension 'ignore_ament_install'
[0.766s] Level 1:colcon.colcon_core.package_identification:_identify(src/vehicle_test_drive) by extensions ['colcon_pkg']
[0.766s] Level 1:colcon.colcon_core.package_identification:_identify(src/vehicle_test_drive) by extension 'colcon_pkg'
[0.766s] Level 1:colcon.colcon_core.package_identification:_identify(src/vehicle_test_drive) by extensions ['colcon_meta']
[0.766s] Level 1:colcon.colcon_core.package_identification:_identify(src/vehicle_test_drive) by extension 'colcon_meta'
[0.766s] Level 1:colcon.colcon_core.package_identification:_identify(src/vehicle_test_drive) by extensions ['ros']
[0.766s] Level 1:colcon.colcon_core.package_identification:_identify(src/vehicle_test_drive) by extension 'ros'
[0.767s] DEBUG:colcon.colcon_core.package_identification:Package 'src/vehicle_test_drive' with type 'ros.ament_python' and name 'vehicle_test_drive'
[0.768s] Level 1:colcon.colcon_core.package_identification:_identify(src/vesc_initializer) by extensions ['ignore', 'ignore_ament_install']
[0.771s] Level 1:colcon.colcon_core.package_identification:_identify(src/vesc_initializer) by extension 'ignore'
[0.771s] Level 1:colcon.colcon_core.package_identification:_identify(src/vesc_initializer) by extension 'ignore_ament_install'
[0.771s] Level 1:colcon.colcon_core.package_identification:_identify(src/vesc_initializer) by extensions ['colcon_pkg']
[0.771s] Level 1:colcon.colcon_core.package_identification:_identify(src/vesc_initializer) by extension 'colcon_pkg'
[0.771s] Level 1:colcon.colcon_core.package_identification:_identify(src/vesc_initializer) by extensions ['colcon_meta']
[0.772s] Level 1:colcon.colcon_core.package_identification:_identify(src/vesc_initializer) by extension 'colcon_meta'
[0.772s] Level 1:colcon.colcon_core.package_identification:_identify(src/vesc_initializer) by extensions ['ros']
[0.772s] Level 1:colcon.colcon_core.package_identification:_identify(src/vesc_initializer) by extension 'ros'
[0.773s] DEBUG:colcon.colcon_core.package_identification:Package 'src/vesc_initializer' with type 'ros.ament_python' and name 'vesc_initializer'
[0.773s] Level 1:colcon.colcon_core.package_discovery:discover_packages(recursive) using defaults
[0.773s] Level 1:colcon.colcon_core.package_discovery:discover_packages(ignore) discover
[0.773s] Level 1:colcon.colcon_core.package_discovery:discover_packages(ignore) using defaults
[0.773s] Level 1:colcon.colcon_core.package_discovery:discover_packages(path) discover
[0.773s] Level 1:colcon.colcon_core.package_discovery:discover_packages(path) using defaults
[0.858s] INFO:colcon.colcon_core.package_selection:Skipping not selected package 'auto_control' in 'src/auto_control'
[0.858s] INFO:colcon.colcon_core.package_selection:Skipping not selected package 'camera_height_estimator' in 'src/camera_height_estimator'
[0.858s] INFO:colcon.colcon_core.package_selection:Skipping not selected package 'joy_initializer' in 'src/joy_initializer'
[0.858s] INFO:colcon.colcon_core.package_selection:Skipping not selected package 'vehicle_config' in 'src/vehicle_config'
[0.858s] INFO:colcon.colcon_core.package_selection:Skipping not selected package 'vehicle_interfaces' in 'src/vehicle_interfaces'
[0.858s] INFO:colcon.colcon_core.package_selection:Skipping not selected package 'vesc_initializer' in 'src/vesc_initializer'
[0.858s] INFO:colcon.colcon_core.package_selection:Skipping not selected package 'manual_control' in 'src/manual_control'
[0.858s] INFO:colcon.colcon_core.package_selection:Skipping not selected package 'vehicle_test_drive' in 'src/vehicle_test_drive'
[0.858s] INFO:colcon.colcon_core.package_selection:Skipping not selected package 'vehicle_launcher' in 'src/vehicle_launcher'
[0.859s] Level 1:colcon.colcon_core.package_discovery:discover_packages(prefix_path) check parameters
[0.859s] Level 1:colcon.colcon_core.package_discovery:discover_packages(prefix_path) discover
[0.864s] DEBUG:colcon.colcon_installed_package_information.package_discovery:Found 8 installed packages in /home/autopilot03/Desktop/f1tenth_test0806/f1tenth_project_repo/install
[0.867s] DEBUG:colcon.colcon_installed_package_information.package_discovery:Found 275 installed packages in /opt/ros/humble
[0.870s] Level 1:colcon.colcon_core.package_discovery:discover_packages(prefix_path) using defaults
[0.962s] Level 5:colcon.colcon_core.verb:set package 'camera_driver' build argument 'cmake_args' from command line to '['-DCMAKE_BUILD_TYPE=Release', '-DCMAKE_CUDA_COMPILER=/usr/local/cuda/bin/nvcc']'
[0.962s] Level 5:colcon.colcon_core.verb:set package 'camera_driver' build argument 'cmake_target' from command line to 'None'
[0.962s] Level 5:colcon.colcon_core.verb:set package 'camera_driver' build argument 'cmake_target_skip_unavailable' from command line to 'False'
[0.962s] Level 5:colcon.colcon_core.verb:set package 'camera_driver' build argument 'cmake_clean_cache' from command line to 'True'
[0.962s] Level 5:colcon.colcon_core.verb:set package 'camera_driver' build argument 'cmake_clean_first' from command line to 'False'
[0.962s] Level 5:colcon.colcon_core.verb:set package 'camera_driver' build argument 'cmake_force_configure' from command line to 'False'
[0.962s] Level 5:colcon.colcon_core.verb:set package 'camera_driver' build argument 'ament_cmake_args' from command line to 'None'
[0.963s] Level 5:colcon.colcon_core.verb:set package 'camera_driver' build argument 'catkin_cmake_args' from command line to 'None'
[0.963s] Level 5:colcon.colcon_core.verb:set package 'camera_driver' build argument 'catkin_skip_building_tests' from command line to 'False'
[0.963s] DEBUG:colcon.colcon_core.verb:Building package 'camera_driver' with the following arguments: {'ament_cmake_args': None, 'build_base': '/home/autopilot03/Desktop/f1tenth_test0806/f1tenth_project_repo/build/camera_driver', 'catkin_cmake_args': None, 'catkin_skip_building_tests': False, 'cmake_args': ['-DCMAKE_BUILD_TYPE=Release', '-DCMAKE_CUDA_COMPILER=/usr/local/cuda/bin/nvcc'], 'cmake_clean_cache': True, 'cmake_clean_first': False, 'cmake_force_configure': False, 'cmake_target': None, 'cmake_target_skip_unavailable': False, 'install_base': '/home/autopilot03/Desktop/f1tenth_test0806/f1tenth_project_repo/install/camera_driver', 'merge_install': False, 'path': '/home/autopilot03/Desktop/f1tenth_test0806/f1tenth_project_repo/src/camera_driver', 'symlink_install': False, 'test_result_base': None}
[0.964s] Level 5:colcon.colcon_core.verb:set package 'bev_processor' build argument 'cmake_args' from command line to '['-DCMAKE_BUILD_TYPE=Release', '-DCMAKE_CUDA_COMPILER=/usr/local/cuda/bin/nvcc']'
[0.964s] Level 5:colcon.colcon_core.verb:set package 'bev_processor' build argument 'cmake_target' from command line to 'None'
[0.964s] Level 5:colcon.colcon_core.verb:set package 'bev_processor' build argument 'cmake_target_skip_unavailable' from command line to 'False'
[0.964s] Level 5:colcon.colcon_core.verb:set package 'bev_processor' build argument 'cmake_clean_cache' from command line to 'True'
[0.964s] Level 5:colcon.colcon_core.verb:set package 'bev_processor' build argument 'cmake_clean_first' from command line to 'False'
[0.964s] Level 5:colcon.colcon_core.verb:set package 'bev_processor' build argument 'cmake_force_configure' from command line to 'False'
[0.964s] Level 5:colcon.colcon_core.verb:set package 'bev_processor' build argument 'ament_cmake_args' from command line to 'None'
[0.964s] Level 5:colcon.colcon_core.verb:set package 'bev_processor' build argument 'catkin_cmake_args' from command line to 'None'
[0.964s] Level 5:colcon.colcon_core.verb:set package 'bev_processor' build argument 'catkin_skip_building_tests' from command line to 'False'
[0.964s] DEBUG:colcon.colcon_core.verb:Building package 'bev_processor' with the following arguments: {'ament_cmake_args': None, 'build_base': '/home/autopilot03/Desktop/f1tenth_test0806/f1tenth_project_repo/build/bev_processor', 'catkin_cmake_args': None, 'catkin_skip_building_tests': False, 'cmake_args': ['-DCMAKE_BUILD_TYPE=Release', '-DCMAKE_CUDA_COMPILER=/usr/local/cuda/bin/nvcc'], 'cmake_clean_cache': True, 'cmake_clean_first': False, 'cmake_force_configure': False, 'cmake_target': None, 'cmake_target_skip_unavailable': False, 'install_base': '/home/autopilot03/Desktop/f1tenth_test0806/f1tenth_project_repo/install/bev_processor', 'merge_install': False, 'path': '/home/autopilot03/Desktop/f1tenth_test0806/f1tenth_project_repo/src/bev_processor', 'symlink_install': False, 'test_result_base': None}
[0.965s] INFO:colcon.colcon_core.executor:Executing jobs using 'parallel' executor
[0.968s] DEBUG:colcon.colcon_parallel_executor.executor.parallel:run_until_complete
[0.968s] INFO:colcon.colcon_ros.task.ament_cmake.build:Building ROS package in '/home/autopilot03/Desktop/f1tenth_test0806/f1tenth_project_repo/src/camera_driver' with build type 'ament_cmake'
[0.969s] INFO:colcon.colcon_cmake.task.cmake.build:Building CMake package in '/home/autopilot03/Desktop/f1tenth_test0806/f1tenth_project_repo/src/camera_driver'
[0.975s] INFO:colcon.colcon_core.plugin_system:Skipping extension 'colcon_core.shell.bat': Not used on non-Windows systems
[0.975s] INFO:colcon.colcon_core.shell:Skip shell extension 'powershell' for command environment: Not usable outside of PowerShell
[0.975s] DEBUG:colcon.colcon_core.shell:Skip shell extension 'dsv' for command environment
[0.993s] DEBUG:colcon.colcon_core.event_handler.log_command:Invoking command in '/home/autopilot03/Desktop/f1tenth_test0806/f1tenth_project_repo/build/camera_driver': CMAKE_PREFIX_PATH=${CMAKE_PREFIX_PATH}:/home/autopilot03/Desktop/f1tenth_test0806/f1tenth_project_repo/install/vehicle_test_drive:/home/autopilot03/Desktop/f1tenth_test0806/f1tenth_project_repo/install/vehicle_launcher:/home/autopilot03/Desktop/f1tenth_test0806/f1tenth_project_repo/install/vesc_initializer:/home/autopilot03/Desktop/f1tenth_test0806/f1tenth_project_repo/install/manual_control:/home/autopilot03/Desktop/f1tenth_test0806/f1tenth_project_repo/install/vehicle_config:/home/autopilot03/Desktop/f1tenth_test0806/f1tenth_project_repo/install/joy_initializer:/opt/ros/humble /usr/bin/cmake /home/autopilot03/Desktop/f1tenth_test0806/f1tenth_project_repo/src/camera_driver -DCMAKE_BUILD_TYPE=Release -DCMAKE_CUDA_COMPILER=/usr/local/cuda/bin/nvcc -DCMAKE_INSTALL_PREFIX=/home/autopilot03/Desktop/f1tenth_test0806/f1tenth_project_repo/install/camera_driver
[4.211s] DEBUG:colcon.colcon_core.event_handler.log_command:Invoked command in '/home/autopilot03/Desktop/f1tenth_test0806/f1tenth_project_repo/build/camera_driver' returned '0': CMAKE_PREFIX_PATH=${CMAKE_PREFIX_PATH}:/home/autopilot03/Desktop/f1tenth_test0806/f1tenth_project_repo/install/vehicle_test_drive:/home/autopilot03/Desktop/f1tenth_test0806/f1tenth_project_repo/install/vehicle_launcher:/home/autopilot03/Desktop/f1tenth_test0806/f1tenth_project_repo/install/vesc_initializer:/home/autopilot03/Desktop/f1tenth_test0806/f1tenth_project_repo/install/manual_control:/home/autopilot03/Desktop/f1tenth_test0806/f1tenth_project_repo/install/vehicle_config:/home/autopilot03/Desktop/f1tenth_test0806/f1tenth_project_repo/install/joy_initializer:/opt/ros/humble /usr/bin/cmake /home/autopilot03/Desktop/f1tenth_test0806/f1tenth_project_repo/src/camera_driver -DCMAKE_BUILD_TYPE=Release -DCMAKE_CUDA_COMPILER=/usr/local/cuda/bin/nvcc -DCMAKE_INSTALL_PREFIX=/home/autopilot03/Desktop/f1tenth_test0806/f1tenth_project_repo/install/camera_driver
[4.217s] DEBUG:colcon.colcon_core.event_handler.log_command:Invoking command in '/home/autopilot03/Desktop/f1tenth_test0806/f1tenth_project_repo/build/camera_driver': CMAKE_PREFIX_PATH=${CMAKE_PREFIX_PATH}:/home/autopilot03/Desktop/f1tenth_test0806/f1tenth_project_repo/install/vehicle_test_drive:/home/autopilot03/Desktop/f1tenth_test0806/f1tenth_project_repo/install/vehicle_launcher:/home/autopilot03/Desktop/f1tenth_test0806/f1tenth_project_repo/install/vesc_initializer:/home/autopilot03/Desktop/f1tenth_test0806/f1tenth_project_repo/install/manual_control:/home/autopilot03/Desktop/f1tenth_test0806/f1tenth_project_repo/install/vehicle_config:/home/autopilot03/Desktop/f1tenth_test0806/f1tenth_project_repo/install/joy_initializer:/opt/ros/humble /usr/bin/cmake --build /home/autopilot03/Desktop/f1tenth_test0806/f1tenth_project_repo/build/camera_driver -- -j6 -l6
[4.515s] DEBUG:colcon.colcon_core.event_handler.log_command:Invoked command in '/home/autopilot03/Desktop/f1tenth_test0806/f1tenth_project_repo/build/camera_driver' returned '0': CMAKE_PREFIX_PATH=${CMAKE_PREFIX_PATH}:/home/autopilot03/Desktop/f1tenth_test0806/f1tenth_project_repo/install/vehicle_test_drive:/home/autopilot03/Desktop/f1tenth_test0806/f1tenth_project_repo/install/vehicle_launcher:/home/autopilot03/Desktop/f1tenth_test0806/f1tenth_project_repo/install/vesc_initializer:/home/autopilot03/Desktop/f1tenth_test0806/f1tenth_project_repo/install/manual_control:/home/autopilot03/Desktop/f1tenth_test0806/f1tenth_project_repo/install/vehicle_config:/home/autopilot03/Desktop/f1tenth_test0806/f1tenth_project_repo/install/joy_initializer:/opt/ros/humble /usr/bin/cmake --build /home/autopilot03/Desktop/f1tenth_test0806/f1tenth_project_repo/build/camera_driver -- -j6 -l6
[4.544s] DEBUG:colcon.colcon_core.event_handler.log_command:Invoking command in '/home/autopilot03/Desktop/f1tenth_test0806/f1tenth_project_repo/build/camera_driver': CMAKE_PREFIX_PATH=${CMAKE_PREFIX_PATH}:/home/autopilot03/Desktop/f1tenth_test0806/f1tenth_project_repo/install/vehicle_test_drive:/home/autopilot03/Desktop/f1tenth_test0806/f1tenth_project_repo/install/vehicle_launcher:/home/autopilot03/Desktop/f1tenth_test0806/f1tenth_project_repo/install/vesc_initializer:/home/autopilot03/Desktop/f1tenth_test0806/f1tenth_project_repo/install/manual_control:/home/autopilot03/Desktop/f1tenth_test0806/f1tenth_project_repo/install/vehicle_config:/home/autopilot03/Desktop/f1tenth_test0806/f1tenth_project_repo/install/joy_initializer:/opt/ros/humble /usr/bin/cmake --install /home/autopilot03/Desktop/f1tenth_test0806/f1tenth_project_repo/build/camera_driver
[4.573s] Level 1:colcon.colcon_core.environment:create_environment_scripts_only(camera_driver)
[4.574s] DEBUG:colcon.colcon_core.event_handler.log_command:Invoked command in '/home/autopilot03/Desktop/f1tenth_test0806/f1tenth_project_repo/build/camera_driver' returned '0': CMAKE_PREFIX_PATH=${CMAKE_PREFIX_PATH}:/home/autopilot03/Desktop/f1tenth_test0806/f1tenth_project_repo/install/vehicle_test_drive:/home/autopilot03/Desktop/f1tenth_test0806/f1tenth_project_repo/install/vehicle_launcher:/home/autopilot03/Desktop/f1tenth_test0806/f1tenth_project_repo/install/vesc_initializer:/home/autopilot03/Desktop/f1tenth_test0806/f1tenth_project_repo/install/manual_control:/home/autopilot03/Desktop/f1tenth_test0806/f1tenth_project_repo/install/vehicle_config:/home/autopilot03/Desktop/f1tenth_test0806/f1tenth_project_repo/install/joy_initializer:/opt/ros/humble /usr/bin/cmake --install /home/autopilot03/Desktop/f1tenth_test0806/f1tenth_project_repo/build/camera_driver
[4.584s] Level 1:colcon.colcon_core.environment:checking '/home/autopilot03/Desktop/f1tenth_test0806/f1tenth_project_repo/install/camera_driver' for CMake module files
[4.587s] Level 1:colcon.colcon_core.environment:checking '/home/autopilot03/Desktop/f1tenth_test0806/f1tenth_project_repo/install/camera_driver' for CMake config files
[4.588s] Level 1:colcon.colcon_core.shell:create_environment_hook('camera_driver', 'cmake_prefix_path')
[4.589s] INFO:colcon.colcon_core.shell:Creating environment hook '/home/autopilot03/Desktop/f1tenth_test0806/f1tenth_project_repo/install/camera_driver/share/camera_driver/hook/cmake_prefix_path.ps1'
[4.592s] INFO:colcon.colcon_core.shell:Creating environment descriptor '/home/autopilot03/Desktop/f1tenth_test0806/f1tenth_project_repo/install/camera_driver/share/camera_driver/hook/cmake_prefix_path.dsv'
[4.594s] INFO:colcon.colcon_core.shell:Creating environment hook '/home/autopilot03/Desktop/f1tenth_test0806/f1tenth_project_repo/install/camera_driver/share/camera_driver/hook/cmake_prefix_path.sh'
[4.598s] Level 1:colcon.colcon_core.environment:checking '/home/autopilot03/Desktop/f1tenth_test0806/f1tenth_project_repo/install/camera_driver/lib'
[4.599s] Level 1:colcon.colcon_core.shell:create_environment_hook('camera_driver', 'ld_library_path_lib')
[4.600s] INFO:colcon.colcon_core.shell:Creating environment hook '/home/autopilot03/Desktop/f1tenth_test0806/f1tenth_project_repo/install/camera_driver/share/camera_driver/hook/ld_library_path_lib.ps1'
[4.602s] INFO:colcon.colcon_core.shell:Creating environment descriptor '/home/autopilot03/Desktop/f1tenth_test0806/f1tenth_project_repo/install/camera_driver/share/camera_driver/hook/ld_library_path_lib.dsv'
[4.604s] INFO:colcon.colcon_core.shell:Creating environment hook '/home/autopilot03/Desktop/f1tenth_test0806/f1tenth_project_repo/install/camera_driver/share/camera_driver/hook/ld_library_path_lib.sh'
[4.606s] Level 1:colcon.colcon_core.environment:checking '/home/autopilot03/Desktop/f1tenth_test0806/f1tenth_project_repo/install/camera_driver/bin'
[4.606s] Level 1:colcon.colcon_core.environment:checking '/home/autopilot03/Desktop/f1tenth_test0806/f1tenth_project_repo/install/camera_driver/lib/pkgconfig/camera_driver.pc'
[4.607s] Level 1:colcon.colcon_core.environment:checking '/home/autopilot03/Desktop/f1tenth_test0806/f1tenth_project_repo/install/camera_driver/lib/python3.10/site-packages'
[4.608s] Level 1:colcon.colcon_core.environment:checking '/home/autopilot03/Desktop/f1tenth_test0806/f1tenth_project_repo/install/camera_driver/bin'
[4.610s] INFO:colcon.colcon_core.shell:Creating package script '/home/autopilot03/Desktop/f1tenth_test0806/f1tenth_project_repo/install/camera_driver/share/camera_driver/package.ps1'
[4.614s] INFO:colcon.colcon_core.shell:Creating package descriptor '/home/autopilot03/Desktop/f1tenth_test0806/f1tenth_project_repo/install/camera_driver/share/camera_driver/package.dsv'
[4.617s] INFO:colcon.colcon_core.shell:Creating package script '/home/autopilot03/Desktop/f1tenth_test0806/f1tenth_project_repo/install/camera_driver/share/camera_driver/package.sh'
[4.620s] INFO:colcon.colcon_core.shell:Creating package script '/home/autopilot03/Desktop/f1tenth_test0806/f1tenth_project_repo/install/camera_driver/share/camera_driver/package.bash'
[4.624s] INFO:colcon.colcon_core.shell:Creating package script '/home/autopilot03/Desktop/f1tenth_test0806/f1tenth_project_repo/install/camera_driver/share/camera_driver/package.zsh'
[4.627s] Level 1:colcon.colcon_core.environment:create_file_with_runtime_dependencies(/home/autopilot03/Desktop/f1tenth_test0806/f1tenth_project_repo/install/camera_driver/share/colcon-core/packages/camera_driver)
[4.632s] Level 1:colcon.colcon_core.environment:create_environment_scripts_only(camera_driver)
[4.633s] Level 1:colcon.colcon_core.environment:checking '/home/autopilot03/Desktop/f1tenth_test0806/f1tenth_project_repo/install/camera_driver' for CMake module files
[4.635s] Level 1:colcon.colcon_core.environment:checking '/home/autopilot03/Desktop/f1tenth_test0806/f1tenth_project_repo/install/camera_driver' for CMake config files
[4.635s] Level 1:colcon.colcon_core.shell:create_environment_hook('camera_driver', 'cmake_prefix_path')
[4.636s] INFO:colcon.colcon_core.shell:Creating environment hook '/home/autopilot03/Desktop/f1tenth_test0806/f1tenth_project_repo/install/camera_driver/share/camera_driver/hook/cmake_prefix_path.ps1'
[4.639s] INFO:colcon.colcon_core.shell:Creating environment descriptor '/home/autopilot03/Desktop/f1tenth_test0806/f1tenth_project_repo/install/camera_driver/share/camera_driver/hook/cmake_prefix_path.dsv'
[4.640s] INFO:colcon.colcon_core.shell:Creating environment hook '/home/autopilot03/Desktop/f1tenth_test0806/f1tenth_project_repo/install/camera_driver/share/camera_driver/hook/cmake_prefix_path.sh'
[4.642s] Level 1:colcon.colcon_core.environment:checking '/home/autopilot03/Desktop/f1tenth_test0806/f1tenth_project_repo/install/camera_driver/lib'
[4.642s] Level 1:colcon.colcon_core.shell:create_environment_hook('camera_driver', 'ld_library_path_lib')
[4.643s] INFO:colcon.colcon_core.shell:Creating environment hook '/home/autopilot03/Desktop/f1tenth_test0806/f1tenth_project_repo/install/camera_driver/share/camera_driver/hook/ld_library_path_lib.ps1'
[4.644s] INFO:colcon.colcon_core.shell:Creating environment descriptor '/home/autopilot03/Desktop/f1tenth_test0806/f1tenth_project_repo/install/camera_driver/share/camera_driver/hook/ld_library_path_lib.dsv'
[4.646s] INFO:colcon.colcon_core.shell:Creating environment hook '/home/autopilot03/Desktop/f1tenth_test0806/f1tenth_project_repo/install/camera_driver/share/camera_driver/hook/ld_library_path_lib.sh'
[4.647s] Level 1:colcon.colcon_core.environment:checking '/home/autopilot03/Desktop/f1tenth_test0806/f1tenth_project_repo/install/camera_driver/bin'
[4.647s] Level 1:colcon.colcon_core.environment:checking '/home/autopilot03/Desktop/f1tenth_test0806/f1tenth_project_repo/install/camera_driver/lib/pkgconfig/camera_driver.pc'
[4.648s] Level 1:colcon.colcon_core.environment:checking '/home/autopilot03/Desktop/f1tenth_test0806/f1tenth_project_repo/install/camera_driver/lib/python3.10/site-packages'
[4.651s] Level 1:colcon.colcon_core.environment:checking '/home/autopilot03/Desktop/f1tenth_test0806/f1tenth_project_repo/install/camera_driver/bin'
[4.653s] INFO:colcon.colcon_core.shell:Creating package script '/home/autopilot03/Desktop/f1tenth_test0806/f1tenth_project_repo/install/camera_driver/share/camera_driver/package.ps1'
[4.657s] INFO:colcon.colcon_core.shell:Creating package descriptor '/home/autopilot03/Desktop/f1tenth_test0806/f1tenth_project_repo/install/camera_driver/share/camera_driver/package.dsv'
[4.662s] INFO:colcon.colcon_core.shell:Creating package script '/home/autopilot03/Desktop/f1tenth_test0806/f1tenth_project_repo/install/camera_driver/share/camera_driver/package.sh'
[4.664s] INFO:colcon.colcon_core.shell:Creating package script '/home/autopilot03/Desktop/f1tenth_test0806/f1tenth_project_repo/install/camera_driver/share/camera_driver/package.bash'
[4.666s] INFO:colcon.colcon_core.shell:Creating package script '/home/autopilot03/Desktop/f1tenth_test0806/f1tenth_project_repo/install/camera_driver/share/camera_driver/package.zsh'
[4.667s] Level 1:colcon.colcon_core.environment:create_file_with_runtime_dependencies(/home/autopilot03/Desktop/f1tenth_test0806/f1tenth_project_repo/install/camera_driver/share/colcon-core/packages/camera_driver)
[4.668s] INFO:colcon.colcon_ros.task.ament_cmake.build:Building ROS package in '/home/autopilot03/Desktop/f1tenth_test0806/f1tenth_project_repo/src/bev_processor' with build type 'ament_cmake'
[4.668s] INFO:colcon.colcon_cmake.task.cmake.build:Building CMake package in '/home/autopilot03/Desktop/f1tenth_test0806/f1tenth_project_repo/src/bev_processor'
[4.669s] INFO:colcon.colcon_core.shell:Skip shell extension 'powershell' for command environment: Not usable outside of PowerShell
[4.670s] DEBUG:colcon.colcon_core.shell:Skip shell extension 'dsv' for command environment
[4.690s] DEBUG:colcon.colcon_core.event_handler.log_command:Invoking command in '/home/autopilot03/Desktop/f1tenth_test0806/f1tenth_project_repo/build/bev_processor': CMAKE_PREFIX_PATH=/home/autopilot03/Desktop/f1tenth_test0806/f1tenth_project_repo/install/camera_driver:/home/autopilot03/Desktop/f1tenth_test0806/f1tenth_project_repo/install/bev_processor:/home/autopilot03/Desktop/f1tenth_test0806/f1tenth_project_repo/install/vehicle_test_drive:/home/autopilot03/Desktop/f1tenth_test0806/f1tenth_project_repo/install/vehicle_launcher:/home/autopilot03/Desktop/f1tenth_test0806/f1tenth_project_repo/install/vesc_initializer:/home/autopilot03/Desktop/f1tenth_test0806/f1tenth_project_repo/install/manual_control:/home/autopilot03/Desktop/f1tenth_test0806/f1tenth_project_repo/install/vehicle_config:/home/autopilot03/Desktop/f1tenth_test0806/f1tenth_project_repo/install/joy_initializer:/opt/ros/humble LD_LIBRARY_PATH=/home/autopilot03/Desktop/f1tenth_test0806/f1tenth_project_repo/install/camera_driver/lib:/home/autopilot03/Desktop/f1tenth_test0806/f1tenth_project_repo/install/bev_processor/lib:/opt/ros/humble/opt/rviz_ogre_vendor/lib:/opt/ros/humble/lib/aarch64-linux-gnu:/opt/ros/humble/lib:/usr/local/cuda/lib64 /usr/bin/cmake /home/autopilot03/Desktop/f1tenth_test0806/f1tenth_project_repo/src/bev_processor -DCMAKE_BUILD_TYPE=Release -DCMAKE_CUDA_COMPILER=/usr/local/cuda/bin/nvcc -DCMAKE_INSTALL_PREFIX=/home/autopilot03/Desktop/f1tenth_test0806/f1tenth_project_repo/install/bev_processor
[12.468s] DEBUG:colcon.colcon_core.event_handler.log_command:Invoked command in '/home/autopilot03/Desktop/f1tenth_test0806/f1tenth_project_repo/build/bev_processor' returned '0': CMAKE_PREFIX_PATH=/home/autopilot03/Desktop/f1tenth_test0806/f1tenth_project_repo/install/camera_driver:/home/autopilot03/Desktop/f1tenth_test0806/f1tenth_project_repo/install/bev_processor:/home/autopilot03/Desktop/f1tenth_test0806/f1tenth_project_repo/install/vehicle_test_drive:/home/autopilot03/Desktop/f1tenth_test0806/f1tenth_project_repo/install/vehicle_launcher:/home/autopilot03/Desktop/f1tenth_test0806/f1tenth_project_repo/install/vesc_initializer:/home/autopilot03/Desktop/f1tenth_test0806/f1tenth_project_repo/install/manual_control:/home/autopilot03/Desktop/f1tenth_test0806/f1tenth_project_repo/install/vehicle_config:/home/autopilot03/Desktop/f1tenth_test0806/f1tenth_project_repo/install/joy_initializer:/opt/ros/humble LD_LIBRARY_PATH=/home/autopilot03/Desktop/f1tenth_test0806/f1tenth_project_repo/install/camera_driver/lib:/home/autopilot03/Desktop/f1tenth_test0806/f1tenth_project_repo/install/bev_processor/lib:/opt/ros/humble/opt/rviz_ogre_vendor/lib:/opt/ros/humble/lib/aarch64-linux-gnu:/opt/ros/humble/lib:/usr/local/cuda/lib64 /usr/bin/cmake /home/autopilot03/Desktop/f1tenth_test0806/f1tenth_project_repo/src/bev_processor -DCMAKE_BUILD_TYPE=Release -DCMAKE_CUDA_COMPILER=/usr/local/cuda/bin/nvcc -DCMAKE_INSTALL_PREFIX=/home/autopilot03/Desktop/f1tenth_test0806/f1tenth_project_repo/install/bev_processor
[12.473s] DEBUG:colcon.colcon_core.event_handler.log_command:Invoking command in '/home/autopilot03/Desktop/f1tenth_test0806/f1tenth_project_repo/build/bev_processor': CMAKE_PREFIX_PATH=/home/autopilot03/Desktop/f1tenth_test0806/f1tenth_project_repo/install/camera_driver:/home/autopilot03/Desktop/f1tenth_test0806/f1tenth_project_repo/install/bev_processor:/home/autopilot03/Desktop/f1tenth_test0806/f1tenth_project_repo/install/vehicle_test_drive:/home/autopilot03/Desktop/f1tenth_test0806/f1tenth_project_repo/install/vehicle_launcher:/home/autopilot03/Desktop/f1tenth_test0806/f1tenth_project_repo/install/vesc_initializer:/home/autopilot03/Desktop/f1tenth_test0806/f1tenth_project_repo/install/manual_control:/home/autopilot03/Desktop/f1tenth_test0806/f1tenth_project_repo/install/vehicle_config:/home/autopilot03/Desktop/f1tenth_test0806/f1tenth_project_repo/install/joy_initializer:/opt/ros/humble LD_LIBRARY_PATH=/home/autopilot03/Desktop/f1tenth_test0806/f1tenth_project_repo/install/camera_driver/lib:/home/autopilot03/Desktop/f1tenth_test0806/f1tenth_project_repo/install/bev_processor/lib:/opt/ros/humble/opt/rviz_ogre_vendor/lib:/opt/ros/humble/lib/aarch64-linux-gnu:/opt/ros/humble/lib:/usr/local/cuda/lib64 /usr/bin/cmake --build /home/autopilot03/Desktop/f1tenth_test0806/f1tenth_project_repo/build/bev_processor -- -j6 -l6
[12.759s] DEBUG:colcon.colcon_core.event_handler.log_command:Invoked command in '/home/autopilot03/Desktop/f1tenth_test0806/f1tenth_project_repo/build/bev_processor' returned '0': CMAKE_PREFIX_PATH=/home/autopilot03/Desktop/f1tenth_test0806/f1tenth_project_repo/install/camera_driver:/home/autopilot03/Desktop/f1tenth_test0806/f1tenth_project_repo/install/bev_processor:/home/autopilot03/Desktop/f1tenth_test0806/f1tenth_project_repo/install/vehicle_test_drive:/home/autopilot03/Desktop/f1tenth_test0806/f1tenth_project_repo/install/vehicle_launcher:/home/autopilot03/Desktop/f1tenth_test0806/f1tenth_project_repo/install/vesc_initializer:/home/autopilot03/Desktop/f1tenth_test0806/f1tenth_project_repo/install/manual_control:/home/autopilot03/Desktop/f1tenth_test0806/f1tenth_project_repo/install/vehicle_config:/home/autopilot03/Desktop/f1tenth_test0806/f1tenth_project_repo/install/joy_initializer:/opt/ros/humble LD_LIBRARY_PATH=/home/autopilot03/Desktop/f1tenth_test0806/f1tenth_project_repo/install/camera_driver/lib:/home/autopilot03/Desktop/f1tenth_test0806/f1tenth_project_repo/install/bev_processor/lib:/opt/ros/humble/opt/rviz_ogre_vendor/lib:/opt/ros/humble/lib/aarch64-linux-gnu:/opt/ros/humble/lib:/usr/local/cuda/lib64 /usr/bin/cmake --build /home/autopilot03/Desktop/f1tenth_test0806/f1tenth_project_repo/build/bev_processor -- -j6 -l6
[12.763s] DEBUG:colcon.colcon_core.event_handler.log_command:Invoking command in '/home/autopilot03/Desktop/f1tenth_test0806/f1tenth_project_repo/build/bev_processor': CMAKE_PREFIX_PATH=/home/autopilot03/Desktop/f1tenth_test0806/f1tenth_project_repo/install/camera_driver:/home/autopilot03/Desktop/f1tenth_test0806/f1tenth_project_repo/install/bev_processor:/home/autopilot03/Desktop/f1tenth_test0806/f1tenth_project_repo/install/vehicle_test_drive:/home/autopilot03/Desktop/f1tenth_test0806/f1tenth_project_repo/install/vehicle_launcher:/home/autopilot03/Desktop/f1tenth_test0806/f1tenth_project_repo/install/vesc_initializer:/home/autopilot03/Desktop/f1tenth_test0806/f1tenth_project_repo/install/manual_control:/home/autopilot03/Desktop/f1tenth_test0806/f1tenth_project_repo/install/vehicle_config:/home/autopilot03/Desktop/f1tenth_test0806/f1tenth_project_repo/install/joy_initializer:/opt/ros/humble LD_LIBRARY_PATH=/home/autopilot03/Desktop/f1tenth_test0806/f1tenth_project_repo/install/camera_driver/lib:/home/autopilot03/Desktop/f1tenth_test0806/f1tenth_project_repo/install/bev_processor/lib:/opt/ros/humble/opt/rviz_ogre_vendor/lib:/opt/ros/humble/lib/aarch64-linux-gnu:/opt/ros/humble/lib:/usr/local/cuda/lib64 /usr/bin/cmake --install /home/autopilot03/Desktop/f1tenth_test0806/f1tenth_project_repo/build/bev_processor
[12.800s] Level 1:colcon.colcon_core.environment:create_environment_scripts_only(bev_processor)
[12.801s] Level 1:colcon.colcon_core.environment:checking '/home/autopilot03/Desktop/f1tenth_test0806/f1tenth_project_repo/install/bev_processor' for CMake module files
[12.804s] Level 1:colcon.colcon_core.environment:checking '/home/autopilot03/Desktop/f1tenth_test0806/f1tenth_project_repo/install/bev_processor' for CMake config files
[12.805s] DEBUG:colcon.colcon_core.event_handler.log_command:Invoked command in '/home/autopilot03/Desktop/f1tenth_test0806/f1tenth_project_repo/build/bev_processor' returned '0': CMAKE_PREFIX_PATH=/home/autopilot03/Desktop/f1tenth_test0806/f1tenth_project_repo/install/camera_driver:/home/autopilot03/Desktop/f1tenth_test0806/f1tenth_project_repo/install/bev_processor:/home/autopilot03/Desktop/f1tenth_test0806/f1tenth_project_repo/install/vehicle_test_drive:/home/autopilot03/Desktop/f1tenth_test0806/f1tenth_project_repo/install/vehicle_launcher:/home/autopilot03/Desktop/f1tenth_test0806/f1tenth_project_repo/install/vesc_initializer:/home/autopilot03/Desktop/f1tenth_test0806/f1tenth_project_repo/install/manual_control:/home/autopilot03/Desktop/f1tenth_test0806/f1tenth_project_repo/install/vehicle_config:/home/autopilot03/Desktop/f1tenth_test0806/f1tenth_project_repo/install/joy_initializer:/opt/ros/humble LD_LIBRARY_PATH=/home/autopilot03/Desktop/f1tenth_test0806/f1tenth_project_repo/install/camera_driver/lib:/home/autopilot03/Desktop/f1tenth_test0806/f1tenth_project_repo/install/bev_processor/lib:/opt/ros/humble/opt/rviz_ogre_vendor/lib:/opt/ros/humble/lib/aarch64-linux-gnu:/opt/ros/humble/lib:/usr/local/cuda/lib64 /usr/bin/cmake --install /home/autopilot03/Desktop/f1tenth_test0806/f1tenth_project_repo/build/bev_processor
[12.806s] Level 1:colcon.colcon_core.shell:create_environment_hook('bev_processor', 'cmake_prefix_path')
[12.807s] INFO:colcon.colcon_core.shell:Creating environment hook '/home/autopilot03/Desktop/f1tenth_test0806/f1tenth_project_repo/install/bev_processor/share/bev_processor/hook/cmake_prefix_path.ps1'
[12.809s] INFO:colcon.colcon_core.shell:Creating environment descriptor '/home/autopilot03/Desktop/f1tenth_test0806/f1tenth_project_repo/install/bev_processor/share/bev_processor/hook/cmake_prefix_path.dsv'
[12.810s] INFO:colcon.colcon_core.shell:Creating environment hook '/home/autopilot03/Desktop/f1tenth_test0806/f1tenth_project_repo/install/bev_processor/share/bev_processor/hook/cmake_prefix_path.sh'
[12.812s] Level 1:colcon.colcon_core.environment:checking '/home/autopilot03/Desktop/f1tenth_test0806/f1tenth_project_repo/install/bev_processor/lib'
[12.813s] Level 1:colcon.colcon_core.shell:create_environment_hook('bev_processor', 'ld_library_path_lib')
[12.813s] INFO:colcon.colcon_core.shell:Creating environment hook '/home/autopilot03/Desktop/f1tenth_test0806/f1tenth_project_repo/install/bev_processor/share/bev_processor/hook/ld_library_path_lib.ps1'
[12.815s] INFO:colcon.colcon_core.shell:Creating environment descriptor '/home/autopilot03/Desktop/f1tenth_test0806/f1tenth_project_repo/install/bev_processor/share/bev_processor/hook/ld_library_path_lib.dsv'
[12.816s] INFO:colcon.colcon_core.shell:Creating environment hook '/home/autopilot03/Desktop/f1tenth_test0806/f1tenth_project_repo/install/bev_processor/share/bev_processor/hook/ld_library_path_lib.sh'
[12.818s] Level 1:colcon.colcon_core.environment:checking '/home/autopilot03/Desktop/f1tenth_test0806/f1tenth_project_repo/install/bev_processor/bin'
[12.818s] Level 1:colcon.colcon_core.environment:checking '/home/autopilot03/Desktop/f1tenth_test0806/f1tenth_project_repo/install/bev_processor/lib/pkgconfig/bev_processor.pc'
[12.819s] Level 1:colcon.colcon_core.environment:checking '/home/autopilot03/Desktop/f1tenth_test0806/f1tenth_project_repo/install/bev_processor/lib/python3.10/site-packages'
[12.820s] Level 1:colcon.colcon_core.environment:checking '/home/autopilot03/Desktop/f1tenth_test0806/f1tenth_project_repo/install/bev_processor/bin'
[12.821s] INFO:colcon.colcon_core.shell:Creating package script '/home/autopilot03/Desktop/f1tenth_test0806/f1tenth_project_repo/install/bev_processor/share/bev_processor/package.ps1'
[12.824s] INFO:colcon.colcon_core.shell:Creating package descriptor '/home/autopilot03/Desktop/f1tenth_test0806/f1tenth_project_repo/install/bev_processor/share/bev_processor/package.dsv'
[12.825s] INFO:colcon.colcon_core.shell:Creating package script '/home/autopilot03/Desktop/f1tenth_test0806/f1tenth_project_repo/install/bev_processor/share/bev_processor/package.sh'
[12.827s] INFO:colcon.colcon_core.shell:Creating package script '/home/autopilot03/Desktop/f1tenth_test0806/f1tenth_project_repo/install/bev_processor/share/bev_processor/package.bash'
[12.828s] INFO:colcon.colcon_core.shell:Creating package script '/home/autopilot03/Desktop/f1tenth_test0806/f1tenth_project_repo/install/bev_processor/share/bev_processor/package.zsh'
[12.830s] Level 1:colcon.colcon_core.environment:create_file_with_runtime_dependencies(/home/autopilot03/Desktop/f1tenth_test0806/f1tenth_project_repo/install/bev_processor/share/colcon-core/packages/bev_processor)
[12.832s] Level 1:colcon.colcon_core.environment:create_environment_scripts_only(bev_processor)
[12.833s] Level 1:colcon.colcon_core.environment:checking '/home/autopilot03/Desktop/f1tenth_test0806/f1tenth_project_repo/install/bev_processor' for CMake module files
[12.835s] Level 1:colcon.colcon_core.environment:checking '/home/autopilot03/Desktop/f1tenth_test0806/f1tenth_project_repo/install/bev_processor' for CMake config files
[12.836s] Level 1:colcon.colcon_core.shell:create_environment_hook('bev_processor', 'cmake_prefix_path')
[12.836s] INFO:colcon.colcon_core.shell:Creating environment hook '/home/autopilot03/Desktop/f1tenth_test0806/f1tenth_project_repo/install/bev_processor/share/bev_processor/hook/cmake_prefix_path.ps1'
[12.838s] INFO:colcon.colcon_core.shell:Creating environment descriptor '/home/autopilot03/Desktop/f1tenth_test0806/f1tenth_project_repo/install/bev_processor/share/bev_processor/hook/cmake_prefix_path.dsv'
[12.839s] INFO:colcon.colcon_core.shell:Creating environment hook '/home/autopilot03/Desktop/f1tenth_test0806/f1tenth_project_repo/install/bev_processor/share/bev_processor/hook/cmake_prefix_path.sh'
[12.841s] Level 1:colcon.colcon_core.environment:checking '/home/autopilot03/Desktop/f1tenth_test0806/f1tenth_project_repo/install/bev_processor/lib'
[12.841s] Level 1:colcon.colcon_core.shell:create_environment_hook('bev_processor', 'ld_library_path_lib')
[12.842s] INFO:colcon.colcon_core.shell:Creating environment hook '/home/autopilot03/Desktop/f1tenth_test0806/f1tenth_project_repo/install/bev_processor/share/bev_processor/hook/ld_library_path_lib.ps1'
[12.843s] INFO:colcon.colcon_core.shell:Creating environment descriptor '/home/autopilot03/Desktop/f1tenth_test0806/f1tenth_project_repo/install/bev_processor/share/bev_processor/hook/ld_library_path_lib.dsv'
[12.845s] INFO:colcon.colcon_core.shell:Creating environment hook '/home/autopilot03/Desktop/f1tenth_test0806/f1tenth_project_repo/install/bev_processor/share/bev_processor/hook/ld_library_path_lib.sh'
[12.846s] Level 1:colcon.colcon_core.environment:checking '/home/autopilot03/Desktop/f1tenth_test0806/f1tenth_project_repo/install/bev_processor/bin'
[12.846s] Level 1:colcon.colcon_core.environment:checking '/home/autopilot03/Desktop/f1tenth_test0806/f1tenth_project_repo/install/bev_processor/lib/pkgconfig/bev_processor.pc'
[12.847s] Level 1:colcon.colcon_core.environment:checking '/home/autopilot03/Desktop/f1tenth_test0806/f1tenth_project_repo/install/bev_processor/lib/python3.10/site-packages'
[12.848s] Level 1:colcon.colcon_core.environment:checking '/home/autopilot03/Desktop/f1tenth_test0806/f1tenth_project_repo/install/bev_processor/bin'
[12.850s] INFO:colcon.colcon_core.shell:Creating package script '/home/autopilot03/Desktop/f1tenth_test0806/f1tenth_project_repo/install/bev_processor/share/bev_processor/package.ps1'
[12.852s] INFO:colcon.colcon_core.shell:Creating package descriptor '/home/autopilot03/Desktop/f1tenth_test0806/f1tenth_project_repo/install/bev_processor/share/bev_processor/package.dsv'
[12.854s] INFO:colcon.colcon_core.shell:Creating package script '/home/autopilot03/Desktop/f1tenth_test0806/f1tenth_project_repo/install/bev_processor/share/bev_processor/package.sh'
[12.855s] INFO:colcon.colcon_core.shell:Creating package script '/home/autopilot03/Desktop/f1tenth_test0806/f1tenth_project_repo/install/bev_processor/share/bev_processor/package.bash'
[12.856s] INFO:colcon.colcon_core.shell:Creating package script '/home/autopilot03/Desktop/f1tenth_test0806/f1tenth_project_repo/install/bev_processor/share/bev_processor/package.zsh'
[12.858s] Level 1:colcon.colcon_core.environment:create_file_with_runtime_dependencies(/home/autopilot03/Desktop/f1tenth_test0806/f1tenth_project_repo/install/bev_processor/share/colcon-core/packages/bev_processor)
[12.859s] DEBUG:colcon.colcon_parallel_executor.executor.parallel:closing loop
[12.860s] DEBUG:colcon.colcon_parallel_executor.executor.parallel:loop closed
[12.860s] DEBUG:colcon.colcon_parallel_executor.executor.parallel:run_until_complete finished with '0'
[12.860s] DEBUG:colcon.colcon_core.event_reactor:joining thread
[12.884s] INFO:colcon.colcon_core.plugin_system:Skipping extension 'colcon_notification.desktop_notification.terminal_notifier': Not used on non-Darwin systems
[12.884s] INFO:colcon.colcon_core.plugin_system:Skipping extension 'colcon_notification.desktop_notification.win32': Not used on non-Windows systems
[12.884s] INFO:colcon.colcon_notification.desktop_notification:Sending desktop notification using 'notify2'
[12.934s] DEBUG:colcon.colcon_core.event_reactor:joined thread
[12.935s] INFO:colcon.colcon_core.shell:Creating prefix script '/home/autopilot03/Desktop/f1tenth_test0806/f1tenth_project_repo/install/local_setup.ps1'
[12.938s] INFO:colcon.colcon_core.shell:Creating prefix util module '/home/autopilot03/Desktop/f1tenth_test0806/f1tenth_project_repo/install/_local_setup_util_ps1.py'
[12.942s] INFO:colcon.colcon_core.shell:Creating prefix chain script '/home/autopilot03/Desktop/f1tenth_test0806/f1tenth_project_repo/install/setup.ps1'
[12.948s] INFO:colcon.colcon_core.shell:Creating prefix script '/home/autopilot03/Desktop/f1tenth_test0806/f1tenth_project_repo/install/local_setup.sh'
[12.950s] INFO:colcon.colcon_core.shell:Creating prefix util module '/home/autopilot03/Desktop/f1tenth_test0806/f1tenth_project_repo/install/_local_setup_util_sh.py'
[12.953s] INFO:colcon.colcon_core.shell:Creating prefix chain script '/home/autopilot03/Desktop/f1tenth_test0806/f1tenth_project_repo/install/setup.sh'
[12.960s] INFO:colcon.colcon_core.shell:Creating prefix script '/home/autopilot03/Desktop/f1tenth_test0806/f1tenth_project_repo/install/local_setup.bash'
[12.962s] INFO:colcon.colcon_core.shell:Creating prefix chain script '/home/autopilot03/Desktop/f1tenth_test0806/f1tenth_project_repo/install/setup.bash'
[12.966s] INFO:colcon.colcon_core.shell:Creating prefix script '/home/autopilot03/Desktop/f1tenth_test0806/f1tenth_project_repo/install/local_setup.zsh'
[12.968s] INFO:colcon.colcon_core.shell:Creating prefix chain script '/home/autopilot03/Desktop/f1tenth_test0806/f1tenth_project_repo/install/setup.zsh'
