running develop
running egg_info
creating vehicle_launcher.egg-info
writing vehicle_launcher.egg-info/PKG-INFO
writing dependency_links to vehicle_launcher.egg-info/dependency_links.txt
writing requirements to vehicle_launcher.egg-info/requires.txt
writing top-level names to vehicle_launcher.egg-info/top_level.txt
writing manifest file 'vehicle_launcher.egg-info/SOURCES.txt'
reading manifest file 'vehicle_launcher.egg-info/SOURCES.txt'
writing manifest file 'vehicle_launcher.egg-info/SOURCES.txt'
running build_ext
Creating /home/autopilot03/Desktop/f1tenth_test0804/f1tenth_project_repo/install/vehicle_launcher/lib/python3.10/site-packages/vehicle-launcher.egg-link (link to .)

Installed /home/autopilot03/Desktop/f1tenth_test0804/f1tenth_project_repo/build/vehicle_launcher
running symlink_data
creating /home/autopilot03/Desktop/f1tenth_test0804/f1tenth_project_repo/install/vehicle_launcher/share/ament_index
creating /home/autopilot03/Desktop/f1tenth_test0804/f1tenth_project_repo/install/vehicle_launcher/share/ament_index/resource_index
creating /home/autopilot03/Desktop/f1tenth_test0804/f1tenth_project_repo/install/vehicle_launcher/share/ament_index/resource_index/packages
symbolically linking /home/autopilot03/Desktop/f1tenth_test0804/f1tenth_project_repo/build/vehicle_launcher/resource/vehicle_launcher -> /home/autopilot03/Desktop/f1tenth_test0804/f1tenth_project_repo/install/vehicle_launcher/share/ament_index/resource_index/packages
symbolically linking /home/autopilot03/Desktop/f1tenth_test0804/f1tenth_project_repo/build/vehicle_launcher/package.xml -> /home/autopilot03/Desktop/f1tenth_test0804/f1tenth_project_repo/install/vehicle_launcher/share/vehicle_launcher
creating /home/autopilot03/Desktop/f1tenth_test0804/f1tenth_project_repo/install/vehicle_launcher/share/vehicle_launcher/launch
symbolically linking /home/autopilot03/Desktop/f1tenth_test0804/f1tenth_project_repo/build/vehicle_launcher/launch/manual_drive.launch.py -> /home/autopilot03/Desktop/f1tenth_test0804/f1tenth_project_repo/install/vehicle_launcher/share/vehicle_launcher/launch
symbolically linking /home/autopilot03/Desktop/f1tenth_test0804/f1tenth_project_repo/build/vehicle_launcher/launch/vesc_only.launch.py -> /home/autopilot03/Desktop/f1tenth_test0804/f1tenth_project_repo/install/vehicle_launcher/share/vehicle_launcher/launch
symbolically linking /home/autopilot03/Desktop/f1tenth_test0804/f1tenth_project_repo/build/vehicle_launcher/launch/joy_test.launch.py -> /home/autopilot03/Desktop/f1tenth_test0804/f1tenth_project_repo/install/vehicle_launcher/share/vehicle_launcher/launch
