[2.624s] Invoking command in '/home/autopilot03/Desktop/f1tenth_test0804/f1tenth_project_repo/build/vehicle_launcher': AMENT_PREFIX_PATH=/home/autopilot03/Desktop/f1tenth_test0804/f1tenth_project_repo/install/manual_control:/home/autopilot03/Desktop/f1tenth_test0804/f1tenth_project_repo/install/vesc_initializer:/home/autopilot03/Desktop/f1tenth_test0804/f1tenth_project_repo/install/vehicle_config:/home/autopilot03/Desktop/f1tenth_test0804/f1tenth_project_repo/install/joy_initializer:${AMENT_PREFIX_PATH} PYTHONPATH=/home/autopilot03/Desktop/f1tenth_test0804/f1tenth_project_repo/build/vehicle_launcher/prefix_override:/usr/lib/python3/dist-packages/colcon_core/task/python/colcon_distutils_commands:/home/autopilot03/Desktop/f1tenth_test0804/f1tenth_project_repo/install/vehicle_launcher/lib/python3.10/site-packages:/home/autopilot03/Desktop/f1tenth_test0804/f1tenth_project_repo/build/manual_control:/home/autopilot03/Desktop/f1tenth_test0804/f1tenth_project_repo/install/manual_control/lib/python3.10/site-packages:/home/autopilot03/Desktop/f1tenth_test0804/f1tenth_project_repo/build/vesc_initializer:/home/autopilot03/Desktop/f1tenth_test0804/f1tenth_project_repo/install/vesc_initializer/lib/python3.10/site-packages:/home/autopilot03/Desktop/f1tenth_test0804/f1tenth_project_repo/build/vehicle_config:/home/autopilot03/Desktop/f1tenth_test0804/f1tenth_project_repo/install/vehicle_config/lib/python3.10/site-packages:/home/autopilot03/Desktop/f1tenth_test0804/f1tenth_project_repo/build/joy_initializer:/home/autopilot03/Desktop/f1tenth_test0804/f1tenth_project_repo/install/joy_initializer/lib/python3.10/site-packages:${PYTHONPATH} /usr/bin/python3 -W ignore:setup.py install is deprecated -W ignore:easy_install command is deprecated setup.py develop --editable --build-directory /home/autopilot03/Desktop/f1tenth_test0804/f1tenth_project_repo/build/vehicle_launcher/build --no-deps symlink_data
[3.347s] running develop
[3.776s] running egg_info
[3.776s] creating vehicle_launcher.egg-info
[3.776s] writing vehicle_launcher.egg-info/PKG-INFO
[3.777s] writing dependency_links to vehicle_launcher.egg-info/dependency_links.txt
[3.778s] writing requirements to vehicle_launcher.egg-info/requires.txt
[3.779s] writing top-level names to vehicle_launcher.egg-info/top_level.txt
[3.780s] writing manifest file 'vehicle_launcher.egg-info/SOURCES.txt'
[3.783s] reading manifest file 'vehicle_launcher.egg-info/SOURCES.txt'
[3.785s] writing manifest file 'vehicle_launcher.egg-info/SOURCES.txt'
[3.789s] running build_ext
[3.792s] Creating /home/autopilot03/Desktop/f1tenth_test0804/f1tenth_project_repo/install/vehicle_launcher/lib/python3.10/site-packages/vehicle-launcher.egg-link (link to .)
[3.797s] 
[3.797s] Installed /home/autopilot03/Desktop/f1tenth_test0804/f1tenth_project_repo/build/vehicle_launcher
[3.797s] running symlink_data
[3.797s] creating /home/autopilot03/Desktop/f1tenth_test0804/f1tenth_project_repo/install/vehicle_launcher/share/ament_index
[3.798s] creating /home/autopilot03/Desktop/f1tenth_test0804/f1tenth_project_repo/install/vehicle_launcher/share/ament_index/resource_index
[3.798s] creating /home/autopilot03/Desktop/f1tenth_test0804/f1tenth_project_repo/install/vehicle_launcher/share/ament_index/resource_index/packages
[3.798s] symbolically linking /home/autopilot03/Desktop/f1tenth_test0804/f1tenth_project_repo/build/vehicle_launcher/resource/vehicle_launcher -> /home/autopilot03/Desktop/f1tenth_test0804/f1tenth_project_repo/install/vehicle_launcher/share/ament_index/resource_index/packages
[3.798s] symbolically linking /home/autopilot03/Desktop/f1tenth_test0804/f1tenth_project_repo/build/vehicle_launcher/package.xml -> /home/autopilot03/Desktop/f1tenth_test0804/f1tenth_project_repo/install/vehicle_launcher/share/vehicle_launcher
[3.798s] creating /home/autopilot03/Desktop/f1tenth_test0804/f1tenth_project_repo/install/vehicle_launcher/share/vehicle_launcher/launch
[3.798s] symbolically linking /home/autopilot03/Desktop/f1tenth_test0804/f1tenth_project_repo/build/vehicle_launcher/launch/manual_drive.launch.py -> /home/autopilot03/Desktop/f1tenth_test0804/f1tenth_project_repo/install/vehicle_launcher/share/vehicle_launcher/launch
[3.798s] symbolically linking /home/autopilot03/Desktop/f1tenth_test0804/f1tenth_project_repo/build/vehicle_launcher/launch/vesc_only.launch.py -> /home/autopilot03/Desktop/f1tenth_test0804/f1tenth_project_repo/install/vehicle_launcher/share/vehicle_launcher/launch
[3.799s] symbolically linking /home/autopilot03/Desktop/f1tenth_test0804/f1tenth_project_repo/build/vehicle_launcher/launch/joy_test.launch.py -> /home/autopilot03/Desktop/f1tenth_test0804/f1tenth_project_repo/install/vehicle_launcher/share/vehicle_launcher/launch
[3.954s] Invoked command in '/home/autopilot03/Desktop/f1tenth_test0804/f1tenth_project_repo/build/vehicle_launcher' returned '0': AMENT_PREFIX_PATH=/home/autopilot03/Desktop/f1tenth_test0804/f1tenth_project_repo/install/manual_control:/home/autopilot03/Desktop/f1tenth_test0804/f1tenth_project_repo/install/vesc_initializer:/home/autopilot03/Desktop/f1tenth_test0804/f1tenth_project_repo/install/vehicle_config:/home/autopilot03/Desktop/f1tenth_test0804/f1tenth_project_repo/install/joy_initializer:${AMENT_PREFIX_PATH} PYTHONPATH=/home/autopilot03/Desktop/f1tenth_test0804/f1tenth_project_repo/build/vehicle_launcher/prefix_override:/usr/lib/python3/dist-packages/colcon_core/task/python/colcon_distutils_commands:/home/autopilot03/Desktop/f1tenth_test0804/f1tenth_project_repo/install/vehicle_launcher/lib/python3.10/site-packages:/home/autopilot03/Desktop/f1tenth_test0804/f1tenth_project_repo/build/manual_control:/home/autopilot03/Desktop/f1tenth_test0804/f1tenth_project_repo/install/manual_control/lib/python3.10/site-packages:/home/autopilot03/Desktop/f1tenth_test0804/f1tenth_project_repo/build/vesc_initializer:/home/autopilot03/Desktop/f1tenth_test0804/f1tenth_project_repo/install/vesc_initializer/lib/python3.10/site-packages:/home/autopilot03/Desktop/f1tenth_test0804/f1tenth_project_repo/build/vehicle_config:/home/autopilot03/Desktop/f1tenth_test0804/f1tenth_project_repo/install/vehicle_config/lib/python3.10/site-packages:/home/autopilot03/Desktop/f1tenth_test0804/f1tenth_project_repo/build/joy_initializer:/home/autopilot03/Desktop/f1tenth_test0804/f1tenth_project_repo/install/joy_initializer/lib/python3.10/site-packages:${PYTHONPATH} /usr/bin/python3 -W ignore:setup.py install is deprecated -W ignore:easy_install command is deprecated setup.py develop --editable --build-directory /home/autopilot03/Desktop/f1tenth_test0804/f1tenth_project_repo/build/vehicle_launcher/build --no-deps symlink_data
