-- Found ament_cmake: 1.3.14 (/opt/ros/humble/share/ament_cmake/cmake)
-- Found rclcpp: 16.0.19 (/opt/ros/humble/share/rclcpp/cmake)
-- Found rosidl_generator_c: 3.1.8 (/opt/ros/humble/share/rosidl_generator_c/cmake)
-- Found rosidl_adapter: 3.1.8 (/opt/ros/humble/share/rosidl_adapter/cmake)
-- Found rosidl_generator_cpp: 3.1.8 (/opt/ros/humble/share/rosidl_generator_cpp/cmake)
-- Using all available rosidl_typesupport_c: rosidl_typesupport_fastrtps_c;rosidl_typesupport_introspection_c
-- Using all available rosidl_typesupport_cpp: rosidl_typesupport_fastrtps_cpp;rosidl_typesupport_introspection_cpp
-- Found rmw_implementation_cmake: 6.1.2 (/opt/ros/humble/share/rmw_implementation_cmake/cmake)
-- Found rmw_fastrtps_cpp: 6.2.10 (/opt/ros/humble/share/rmw_fastrtps_cpp/cmake)
-- Using RMW implementation 'rmw_fastrtps_cpp' as default
-- Found rclcpp_components: 16.0.19 (/opt/ros/humble/share/rclcpp_components/cmake)
-- Found sensor_msgs: 4.9.1 (/opt/ros/humble/share/sensor_msgs/cmake)
-- Configuring done
-- Generating done
-- Build files have been written to: /home/autopilot03/Desktop/f1tenth_test0804/f1tenth_project_repo/build/bev_processor
[35m[1mConsolidate compiler generated dependencies of target bev_startup_attitude[0m
[35m[1mConsolidate compiler generated dependencies of target bev_lane_reconstructor[0m
[35m[1mConsolidate compiler generated dependencies of target bev_ground_plane[0m
[35m[1mConsolidate compiler generated dependencies of target bev_geometry[0m
[35m[1mConsolidate compiler generated dependencies of target bev_cuda[0m
[  9%] Built target bev_lane_reconstructor
[ 27%] Built target bev_startup_attitude
[ 27%] Built target bev_geometry
[ 36%] Built target bev_ground_plane
[ 45%] Built target bev_cuda
[35m[1mConsolidate compiler generated dependencies of target bev_lane_reconstructor_test[0m
[35m[1mConsolidate compiler generated dependencies of target bev_geometry_test[0m
[35m[1mConsolidate compiler generated dependencies of target bev_startup_measurement[0m
[35m[1mConsolidate compiler generated dependencies of target startup_attitude_test[0m
[35m[1mConsolidate compiler generated dependencies of target ground_plane_estimator_test[0m
[ 54%] Built target bev_geometry_test
[ 63%] Built target bev_lane_reconstructor_test
[ 72%] Built target startup_attitude_test
[ 81%] Built target ground_plane_estimator_test
[ 90%] Built target bev_startup_measurement
[35m[1mConsolidate compiler generated dependencies of target bev_processor_component[0m
[100%] Built target bev_processor_component
-- Install configuration: "Release"
-- Up-to-date: /home/autopilot03/Desktop/f1tenth_test0804/f1tenth_project_repo/install/bev_processor/lib/libbev_geometry.a
-- Up-to-date: /home/autopilot03/Desktop/f1tenth_test0804/f1tenth_project_repo/install/bev_processor/lib/libbev_lane_reconstructor.a
-- Up-to-date: /home/autopilot03/Desktop/f1tenth_test0804/f1tenth_project_repo/install/bev_processor/lib/libbev_ground_plane.a
-- Up-to-date: /home/autopilot03/Desktop/f1tenth_test0804/f1tenth_project_repo/install/bev_processor/lib/libbev_startup_attitude.a
-- Up-to-date: /home/autopilot03/Desktop/f1tenth_test0804/f1tenth_project_repo/install/bev_processor/lib/libbev_startup_measurement.a
-- Up-to-date: /home/autopilot03/Desktop/f1tenth_test0804/f1tenth_project_repo/install/bev_processor/lib/libbev_processor_component.so
-- Up-to-date: /home/autopilot03/Desktop/f1tenth_test0804/f1tenth_project_repo/install/bev_processor/include
-- Up-to-date: /home/autopilot03/Desktop/f1tenth_test0804/f1tenth_project_repo/install/bev_processor/include/bev_processor
-- Up-to-date: /home/autopilot03/Desktop/f1tenth_test0804/f1tenth_project_repo/install/bev_processor/include/bev_processor/bev_geometry.hpp
-- Up-to-date: /home/autopilot03/Desktop/f1tenth_test0804/f1tenth_project_repo/install/bev_processor/include/bev_processor/bev_lane_reconstructor.hpp
-- Up-to-date: /home/autopilot03/Desktop/f1tenth_test0804/f1tenth_project_repo/install/bev_processor/include/bev_processor/ground_plane_estimator.hpp
-- Up-to-date: /home/autopilot03/Desktop/f1tenth_test0804/f1tenth_project_repo/install/bev_processor/include/bev_processor/startup_attitude.hpp
-- Up-to-date: /home/autopilot03/Desktop/f1tenth_test0804/f1tenth_project_repo/install/bev_processor/include/bev_processor/cuda_bev_processor.hpp
-- Up-to-date: /home/autopilot03/Desktop/f1tenth_test0804/f1tenth_project_repo/install/bev_processor/include/bev_processor/oak_startup_measurement.hpp
-- Up-to-date: /home/autopilot03/Desktop/f1tenth_test0804/f1tenth_project_repo/install/bev_processor/share/bev_processor/config
-- Up-to-date: /home/autopilot03/Desktop/f1tenth_test0804/f1tenth_project_repo/install/bev_processor/share/bev_processor/config/bev_config.yaml
-- Up-to-date: /home/autopilot03/Desktop/f1tenth_test0804/f1tenth_project_repo/install/bev_processor/share/bev_processor/launch
-- Up-to-date: /home/autopilot03/Desktop/f1tenth_test0804/f1tenth_project_repo/install/bev_processor/share/bev_processor/launch/bev_processor.launch.py
-- Up-to-date: /home/autopilot03/Desktop/f1tenth_test0804/f1tenth_project_repo/install/bev_processor/share/ament_index/resource_index/package_run_dependencies/bev_processor
-- Installing: /home/autopilot03/Desktop/f1tenth_test0804/f1tenth_project_repo/install/bev_processor/share/ament_index/resource_index/parent_prefix_path/bev_processor
-- Up-to-date: /home/autopilot03/Desktop/f1tenth_test0804/f1tenth_project_repo/install/bev_processor/share/bev_processor/environment/ament_prefix_path.sh
-- Installing: /home/autopilot03/Desktop/f1tenth_test0804/f1tenth_project_repo/install/bev_processor/share/bev_processor/environment/ament_prefix_path.dsv
-- Up-to-date: /home/autopilot03/Desktop/f1tenth_test0804/f1tenth_project_repo/install/bev_processor/share/bev_processor/environment/path.sh
-- Installing: /home/autopilot03/Desktop/f1tenth_test0804/f1tenth_project_repo/install/bev_processor/share/bev_processor/environment/path.dsv
-- Up-to-date: /home/autopilot03/Desktop/f1tenth_test0804/f1tenth_project_repo/install/bev_processor/share/bev_processor/local_setup.bash
-- Up-to-date: /home/autopilot03/Desktop/f1tenth_test0804/f1tenth_project_repo/install/bev_processor/share/bev_processor/local_setup.sh
-- Up-to-date: /home/autopilot03/Desktop/f1tenth_test0804/f1tenth_project_repo/install/bev_processor/share/bev_processor/local_setup.zsh
-- Installing: /home/autopilot03/Desktop/f1tenth_test0804/f1tenth_project_repo/install/bev_processor/share/bev_processor/local_setup.dsv
-- Installing: /home/autopilot03/Desktop/f1tenth_test0804/f1tenth_project_repo/install/bev_processor/share/bev_processor/package.dsv
-- Up-to-date: /home/autopilot03/Desktop/f1tenth_test0804/f1tenth_project_repo/install/bev_processor/share/ament_index/resource_index/packages/bev_processor
-- Up-to-date: /home/autopilot03/Desktop/f1tenth_test0804/f1tenth_project_repo/install/bev_processor/share/ament_index/resource_index/rclcpp_components/bev_processor
-- Up-to-date: /home/autopilot03/Desktop/f1tenth_test0804/f1tenth_project_repo/install/bev_processor/share/bev_processor/cmake/ament_cmake_export_include_directories-extras.cmake
-- Up-to-date: /home/autopilot03/Desktop/f1tenth_test0804/f1tenth_project_repo/install/bev_processor/share/bev_processor/cmake/ament_cmake_export_dependencies-extras.cmake
-- Up-to-date: /home/autopilot03/Desktop/f1tenth_test0804/f1tenth_project_repo/install/bev_processor/share/bev_processor/cmake/bev_processorConfig.cmake
-- Up-to-date: /home/autopilot03/Desktop/f1tenth_test0804/f1tenth_project_repo/install/bev_processor/share/bev_processor/cmake/bev_processorConfig-version.cmake
-- Up-to-date: /home/autopilot03/Desktop/f1tenth_test0804/f1tenth_project_repo/install/bev_processor/share/bev_processor/package.xml
