[0.032s] Invoking command in '/home/autopilot03/Desktop/f1tenth_test0804/f1tenth_project_repo/build/bev_processor': CMAKE_PREFIX_PATH=/home/autopilot03/Desktop/f1tenth_test0804/f1tenth_project_repo/install/camera_driver:/home/autopilot03/Desktop/f1tenth_test0804/f1tenth_project_repo/install/bev_processor:/home/autopilot03/Desktop/f1tenth_test0804/f1tenth_project_repo/install/vehicle_test_drive:/home/autopilot03/Desktop/f1tenth_test0804/f1tenth_project_repo/install/vehicle_launcher:/home/autopilot03/Desktop/f1tenth_test0804/f1tenth_project_repo/install/vesc_initializer:/home/autopilot03/Desktop/f1tenth_test0804/f1tenth_project_repo/install/manual_control:/home/autopilot03/Desktop/f1tenth_test0804/f1tenth_project_repo/install/vehicle_config:/home/autopilot03/Desktop/f1tenth_test0804/f1tenth_project_repo/install/joy_initializer:/opt/ros/humble LD_LIBRARY_PATH=/home/autopilot03/Desktop/f1tenth_test0804/f1tenth_project_repo/install/camera_driver/lib:/home/autopilot03/Desktop/f1tenth_test0804/f1tenth_project_repo/install/bev_processor/lib:/opt/ros/humble/opt/rviz_ogre_vendor/lib:/opt/ros/humble/lib/aarch64-linux-gnu:/opt/ros/humble/lib:/usr/local/cuda/lib64 /usr/bin/cmake /home/autopilot03/Desktop/f1tenth_test0804/f1tenth_project_repo/src/bev_processor -DCMAKE_BUILD_TYPE=Release -DCMAKE_INSTALL_PREFIX=/home/autopilot03/Desktop/f1tenth_test0804/f1tenth_project_repo/install/bev_processor
[0.064s] -- Found ament_cmake: 1.3.14 (/opt/ros/humble/share/ament_cmake/cmake)
[0.515s] -- Found rclcpp: 16.0.19 (/opt/ros/humble/share/rclcpp/cmake)
[0.564s] -- Found rosidl_generator_c: 3.1.8 (/opt/ros/humble/share/rosidl_generator_c/cmake)
[0.569s] -- Found rosidl_adapter: 3.1.8 (/opt/ros/humble/share/rosidl_adapter/cmake)
[0.582s] -- Found rosidl_generator_cpp: 3.1.8 (/opt/ros/humble/share/rosidl_generator_cpp/cmake)
[0.605s] -- Using all available rosidl_typesupport_c: rosidl_typesupport_fastrtps_c;rosidl_typesupport_introspection_c
[0.630s] -- Using all available rosidl_typesupport_cpp: rosidl_typesupport_fastrtps_cpp;rosidl_typesupport_introspection_cpp
[0.701s] -- Found rmw_implementation_cmake: 6.1.2 (/opt/ros/humble/share/rmw_implementation_cmake/cmake)
[0.705s] -- Found rmw_fastrtps_cpp: 6.2.10 (/opt/ros/humble/share/rmw_fastrtps_cpp/cmake)
[0.920s] -- Using RMW implementation 'rmw_fastrtps_cpp' as default
[1.028s] -- Found rclcpp_components: 16.0.19 (/opt/ros/humble/share/rclcpp_components/cmake)
[1.072s] -- Found sensor_msgs: 4.9.1 (/opt/ros/humble/share/sensor_msgs/cmake)
[1.327s] -- Configuring done
[1.397s] -- Generating done
[1.420s] -- Build files have been written to: /home/autopilot03/Desktop/f1tenth_test0804/f1tenth_project_repo/build/bev_processor
[1.445s] Invoked command in '/home/autopilot03/Desktop/f1tenth_test0804/f1tenth_project_repo/build/bev_processor' returned '0': CMAKE_PREFIX_PATH=/home/autopilot03/Desktop/f1tenth_test0804/f1tenth_project_repo/install/camera_driver:/home/autopilot03/Desktop/f1tenth_test0804/f1tenth_project_repo/install/bev_processor:/home/autopilot03/Desktop/f1tenth_test0804/f1tenth_project_repo/install/vehicle_test_drive:/home/autopilot03/Desktop/f1tenth_test0804/f1tenth_project_repo/install/vehicle_launcher:/home/autopilot03/Desktop/f1tenth_test0804/f1tenth_project_repo/install/vesc_initializer:/home/autopilot03/Desktop/f1tenth_test0804/f1tenth_project_repo/install/manual_control:/home/autopilot03/Desktop/f1tenth_test0804/f1tenth_project_repo/install/vehicle_config:/home/autopilot03/Desktop/f1tenth_test0804/f1tenth_project_repo/install/joy_initializer:/opt/ros/humble LD_LIBRARY_PATH=/home/autopilot03/Desktop/f1tenth_test0804/f1tenth_project_repo/install/camera_driver/lib:/home/autopilot03/Desktop/f1tenth_test0804/f1tenth_project_repo/install/bev_processor/lib:/opt/ros/humble/opt/rviz_ogre_vendor/lib:/opt/ros/humble/lib/aarch64-linux-gnu:/opt/ros/humble/lib:/usr/local/cuda/lib64 /usr/bin/cmake /home/autopilot03/Desktop/f1tenth_test0804/f1tenth_project_repo/src/bev_processor -DCMAKE_BUILD_TYPE=Release -DCMAKE_INSTALL_PREFIX=/home/autopilot03/Desktop/f1tenth_test0804/f1tenth_project_repo/install/bev_processor
[1.452s] Invoking command in '/home/autopilot03/Desktop/f1tenth_test0804/f1tenth_project_repo/build/bev_processor': CMAKE_PREFIX_PATH=/home/autopilot03/Desktop/f1tenth_test0804/f1tenth_project_repo/install/camera_driver:/home/autopilot03/Desktop/f1tenth_test0804/f1tenth_project_repo/install/bev_processor:/home/autopilot03/Desktop/f1tenth_test0804/f1tenth_project_repo/install/vehicle_test_drive:/home/autopilot03/Desktop/f1tenth_test0804/f1tenth_project_repo/install/vehicle_launcher:/home/autopilot03/Desktop/f1tenth_test0804/f1tenth_project_repo/install/vesc_initializer:/home/autopilot03/Desktop/f1tenth_test0804/f1tenth_project_repo/install/manual_control:/home/autopilot03/Desktop/f1tenth_test0804/f1tenth_project_repo/install/vehicle_config:/home/autopilot03/Desktop/f1tenth_test0804/f1tenth_project_repo/install/joy_initializer:/opt/ros/humble LD_LIBRARY_PATH=/home/autopilot03/Desktop/f1tenth_test0804/f1tenth_project_repo/install/camera_driver/lib:/home/autopilot03/Desktop/f1tenth_test0804/f1tenth_project_repo/install/bev_processor/lib:/opt/ros/humble/opt/rviz_ogre_vendor/lib:/opt/ros/humble/lib/aarch64-linux-gnu:/opt/ros/humble/lib:/usr/local/cuda/lib64 /usr/bin/cmake --build /home/autopilot03/Desktop/f1tenth_test0804/f1tenth_project_repo/build/bev_processor -- -j6 -l6
[1.540s] [35m[1mConsolidate compiler generated dependencies of target bev_startup_attitude[0m
[1.540s] [35m[1mConsolidate compiler generated dependencies of target bev_lane_reconstructor[0m
[1.542s] [35m[1mConsolidate compiler generated dependencies of target bev_ground_plane[0m
[1.543s] [35m[1mConsolidate compiler generated dependencies of target bev_geometry[0m
[1.548s] [35m[1mConsolidate compiler generated dependencies of target bev_cuda[0m
[1.573s] [  9%] Built target bev_lane_reconstructor
[1.580s] [ 27%] Built target bev_startup_attitude
[1.580s] [ 27%] Built target bev_geometry
[1.583s] [ 36%] Built target bev_ground_plane
[1.592s] [ 45%] Built target bev_cuda
[1.599s] [35m[1mConsolidate compiler generated dependencies of target bev_lane_reconstructor_test[0m
[1.603s] [35m[1mConsolidate compiler generated dependencies of target bev_geometry_test[0m
[1.604s] [35m[1mConsolidate compiler generated dependencies of target bev_startup_measurement[0m
[1.605s] [35m[1mConsolidate compiler generated dependencies of target startup_attitude_test[0m
[1.614s] [35m[1mConsolidate compiler generated dependencies of target ground_plane_estimator_test[0m
[1.632s] [ 54%] Built target bev_geometry_test
[1.633s] [ 63%] Built target bev_lane_reconstructor_test
[1.642s] [ 72%] Built target startup_attitude_test
[1.643s] [ 81%] Built target ground_plane_estimator_test
[1.648s] [ 90%] Built target bev_startup_measurement
[1.679s] [35m[1mConsolidate compiler generated dependencies of target bev_processor_component[0m
[1.721s] [100%] Built target bev_processor_component
[1.750s] Invoked command in '/home/autopilot03/Desktop/f1tenth_test0804/f1tenth_project_repo/build/bev_processor' returned '0': CMAKE_PREFIX_PATH=/home/autopilot03/Desktop/f1tenth_test0804/f1tenth_project_repo/install/camera_driver:/home/autopilot03/Desktop/f1tenth_test0804/f1tenth_project_repo/install/bev_processor:/home/autopilot03/Desktop/f1tenth_test0804/f1tenth_project_repo/install/vehicle_test_drive:/home/autopilot03/Desktop/f1tenth_test0804/f1tenth_project_repo/install/vehicle_launcher:/home/autopilot03/Desktop/f1tenth_test0804/f1tenth_project_repo/install/vesc_initializer:/home/autopilot03/Desktop/f1tenth_test0804/f1tenth_project_repo/install/manual_control:/home/autopilot03/Desktop/f1tenth_test0804/f1tenth_project_repo/install/vehicle_config:/home/autopilot03/Desktop/f1tenth_test0804/f1tenth_project_repo/install/joy_initializer:/opt/ros/humble LD_LIBRARY_PATH=/home/autopilot03/Desktop/f1tenth_test0804/f1tenth_project_repo/install/camera_driver/lib:/home/autopilot03/Desktop/f1tenth_test0804/f1tenth_project_repo/install/bev_processor/lib:/opt/ros/humble/opt/rviz_ogre_vendor/lib:/opt/ros/humble/lib/aarch64-linux-gnu:/opt/ros/humble/lib:/usr/local/cuda/lib64 /usr/bin/cmake --build /home/autopilot03/Desktop/f1tenth_test0804/f1tenth_project_repo/build/bev_processor -- -j6 -l6
[1.776s] Invoking command in '/home/autopilot03/Desktop/f1tenth_test0804/f1tenth_project_repo/build/bev_processor': CMAKE_PREFIX_PATH=/home/autopilot03/Desktop/f1tenth_test0804/f1tenth_project_repo/install/camera_driver:/home/autopilot03/Desktop/f1tenth_test0804/f1tenth_project_repo/install/bev_processor:/home/autopilot03/Desktop/f1tenth_test0804/f1tenth_project_repo/install/vehicle_test_drive:/home/autopilot03/Desktop/f1tenth_test0804/f1tenth_project_repo/install/vehicle_launcher:/home/autopilot03/Desktop/f1tenth_test0804/f1tenth_project_repo/install/vesc_initializer:/home/autopilot03/Desktop/f1tenth_test0804/f1tenth_project_repo/install/manual_control:/home/autopilot03/Desktop/f1tenth_test0804/f1tenth_project_repo/install/vehicle_config:/home/autopilot03/Desktop/f1tenth_test0804/f1tenth_project_repo/install/joy_initializer:/opt/ros/humble LD_LIBRARY_PATH=/home/autopilot03/Desktop/f1tenth_test0804/f1tenth_project_repo/install/camera_driver/lib:/home/autopilot03/Desktop/f1tenth_test0804/f1tenth_project_repo/install/bev_processor/lib:/opt/ros/humble/opt/rviz_ogre_vendor/lib:/opt/ros/humble/lib/aarch64-linux-gnu:/opt/ros/humble/lib:/usr/local/cuda/lib64 /usr/bin/cmake --install /home/autopilot03/Desktop/f1tenth_test0804/f1tenth_project_repo/build/bev_processor
[1.791s] -- Install configuration: "Release"
[1.791s] -- Up-to-date: /home/autopilot03/Desktop/f1tenth_test0804/f1tenth_project_repo/install/bev_processor/lib/libbev_geometry.a
[1.791s] -- Up-to-date: /home/autopilot03/Desktop/f1tenth_test0804/f1tenth_project_repo/install/bev_processor/lib/libbev_lane_reconstructor.a
[1.792s] -- Up-to-date: /home/autopilot03/Desktop/f1tenth_test0804/f1tenth_project_repo/install/bev_processor/lib/libbev_ground_plane.a
[1.792s] -- Up-to-date: /home/autopilot03/Desktop/f1tenth_test0804/f1tenth_project_repo/install/bev_processor/lib/libbev_startup_attitude.a
[1.792s] -- Up-to-date: /home/autopilot03/Desktop/f1tenth_test0804/f1tenth_project_repo/install/bev_processor/lib/libbev_startup_measurement.a
[1.792s] -- Up-to-date: /home/autopilot03/Desktop/f1tenth_test0804/f1tenth_project_repo/install/bev_processor/lib/libbev_processor_component.so
[1.793s] -- Up-to-date: /home/autopilot03/Desktop/f1tenth_test0804/f1tenth_project_repo/install/bev_processor/include
[1.793s] -- Up-to-date: /home/autopilot03/Desktop/f1tenth_test0804/f1tenth_project_repo/install/bev_processor/include/bev_processor
[1.793s] -- Up-to-date: /home/autopilot03/Desktop/f1tenth_test0804/f1tenth_project_repo/install/bev_processor/include/bev_processor/bev_geometry.hpp
[1.793s] -- Up-to-date: /home/autopilot03/Desktop/f1tenth_test0804/f1tenth_project_repo/install/bev_processor/include/bev_processor/bev_lane_reconstructor.hpp
[1.793s] -- Up-to-date: /home/autopilot03/Desktop/f1tenth_test0804/f1tenth_project_repo/install/bev_processor/include/bev_processor/ground_plane_estimator.hpp
[1.793s] -- Up-to-date: /home/autopilot03/Desktop/f1tenth_test0804/f1tenth_project_repo/install/bev_processor/include/bev_processor/startup_attitude.hpp
[1.794s] -- Up-to-date: /home/autopilot03/Desktop/f1tenth_test0804/f1tenth_project_repo/install/bev_processor/include/bev_processor/cuda_bev_processor.hpp
[1.794s] -- Up-to-date: /home/autopilot03/Desktop/f1tenth_test0804/f1tenth_project_repo/install/bev_processor/include/bev_processor/oak_startup_measurement.hpp
[1.794s] -- Up-to-date: /home/autopilot03/Desktop/f1tenth_test0804/f1tenth_project_repo/install/bev_processor/share/bev_processor/config
[1.794s] -- Up-to-date: /home/autopilot03/Desktop/f1tenth_test0804/f1tenth_project_repo/install/bev_processor/share/bev_processor/config/bev_config.yaml
[1.794s] -- Up-to-date: /home/autopilot03/Desktop/f1tenth_test0804/f1tenth_project_repo/install/bev_processor/share/bev_processor/launch
[1.795s] -- Up-to-date: /home/autopilot03/Desktop/f1tenth_test0804/f1tenth_project_repo/install/bev_processor/share/bev_processor/launch/bev_processor.launch.py
[1.795s] -- Up-to-date: /home/autopilot03/Desktop/f1tenth_test0804/f1tenth_project_repo/install/bev_processor/share/ament_index/resource_index/package_run_dependencies/bev_processor
[1.795s] -- Installing: /home/autopilot03/Desktop/f1tenth_test0804/f1tenth_project_repo/install/bev_processor/share/ament_index/resource_index/parent_prefix_path/bev_processor
[1.795s] -- Up-to-date: /home/autopilot03/Desktop/f1tenth_test0804/f1tenth_project_repo/install/bev_processor/share/bev_processor/environment/ament_prefix_path.sh
[1.795s] -- Installing: /home/autopilot03/Desktop/f1tenth_test0804/f1tenth_project_repo/install/bev_processor/share/bev_processor/environment/ament_prefix_path.dsv
[1.795s] -- Up-to-date: /home/autopilot03/Desktop/f1tenth_test0804/f1tenth_project_repo/install/bev_processor/share/bev_processor/environment/path.sh
[1.796s] -- Installing: /home/autopilot03/Desktop/f1tenth_test0804/f1tenth_project_repo/install/bev_processor/share/bev_processor/environment/path.dsv
[1.796s] -- Up-to-date: /home/autopilot03/Desktop/f1tenth_test0804/f1tenth_project_repo/install/bev_processor/share/bev_processor/local_setup.bash
[1.796s] -- Up-to-date: /home/autopilot03/Desktop/f1tenth_test0804/f1tenth_project_repo/install/bev_processor/share/bev_processor/local_setup.sh
[1.796s] -- Up-to-date: /home/autopilot03/Desktop/f1tenth_test0804/f1tenth_project_repo/install/bev_processor/share/bev_processor/local_setup.zsh
[1.796s] -- Installing: /home/autopilot03/Desktop/f1tenth_test0804/f1tenth_project_repo/install/bev_processor/share/bev_processor/local_setup.dsv
[1.796s] -- Installing: /home/autopilot03/Desktop/f1tenth_test0804/f1tenth_project_repo/install/bev_processor/share/bev_processor/package.dsv
[1.796s] -- Up-to-date: /home/autopilot03/Desktop/f1tenth_test0804/f1tenth_project_repo/install/bev_processor/share/ament_index/resource_index/packages/bev_processor
[1.797s] -- Up-to-date: /home/autopilot03/Desktop/f1tenth_test0804/f1tenth_project_repo/install/bev_processor/share/ament_index/resource_index/rclcpp_components/bev_processor
[1.797s] -- Up-to-date: /home/autopilot03/Desktop/f1tenth_test0804/f1tenth_project_repo/install/bev_processor/share/bev_processor/cmake/ament_cmake_export_include_directories-extras.cmake
[1.797s] -- Up-to-date: /home/autopilot03/Desktop/f1tenth_test0804/f1tenth_project_repo/install/bev_processor/share/bev_processor/cmake/ament_cmake_export_dependencies-extras.cmake
[1.797s] -- Up-to-date: /home/autopilot03/Desktop/f1tenth_test0804/f1tenth_project_repo/install/bev_processor/share/bev_processor/cmake/bev_processorConfig.cmake
[1.797s] -- Up-to-date: /home/autopilot03/Desktop/f1tenth_test0804/f1tenth_project_repo/install/bev_processor/share/bev_processor/cmake/bev_processorConfig-version.cmake
[1.797s] -- Up-to-date: /home/autopilot03/Desktop/f1tenth_test0804/f1tenth_project_repo/install/bev_processor/share/bev_processor/package.xml
[1.800s] Invoked command in '/home/autopilot03/Desktop/f1tenth_test0804/f1tenth_project_repo/build/bev_processor' returned '0': CMAKE_PREFIX_PATH=/home/autopilot03/Desktop/f1tenth_test0804/f1tenth_project_repo/install/camera_driver:/home/autopilot03/Desktop/f1tenth_test0804/f1tenth_project_repo/install/bev_processor:/home/autopilot03/Desktop/f1tenth_test0804/f1tenth_project_repo/install/vehicle_test_drive:/home/autopilot03/Desktop/f1tenth_test0804/f1tenth_project_repo/install/vehicle_launcher:/home/autopilot03/Desktop/f1tenth_test0804/f1tenth_project_repo/install/vesc_initializer:/home/autopilot03/Desktop/f1tenth_test0804/f1tenth_project_repo/install/manual_control:/home/autopilot03/Desktop/f1tenth_test0804/f1tenth_project_repo/install/vehicle_config:/home/autopilot03/Desktop/f1tenth_test0804/f1tenth_project_repo/install/joy_initializer:/opt/ros/humble LD_LIBRARY_PATH=/home/autopilot03/Desktop/f1tenth_test0804/f1tenth_project_repo/install/camera_driver/lib:/home/autopilot03/Desktop/f1tenth_test0804/f1tenth_project_repo/install/bev_processor/lib:/opt/ros/humble/opt/rviz_ogre_vendor/lib:/opt/ros/humble/lib/aarch64-linux-gnu:/opt/ros/humble/lib:/usr/local/cuda/lib64 /usr/bin/cmake --install /home/autopilot03/Desktop/f1tenth_test0804/f1tenth_project_repo/build/bev_processor
