[4.592s] Invoking command in '/home/autopilot03/Desktop/f1tenth_test0804/f1tenth_project_repo/build/vesc_initializer': PYTHONPATH=/home/autopilot03/Desktop/f1tenth_test0804/f1tenth_project_repo/build/vesc_initializer/prefix_override:/usr/lib/python3/dist-packages/colcon_core/task/python/colcon_distutils_commands:/home/autopilot03/Desktop/f1tenth_test0804/f1tenth_project_repo/install/vesc_initializer/lib/python3.10/site-packages:${PYTHONPATH} /usr/bin/python3 -W ignore:setup.py install is deprecated -W ignore:easy_install command is deprecated setup.py develop --editable --build-directory /home/autopilot03/Desktop/f1tenth_test0804/f1tenth_project_repo/build/vesc_initializer/build --no-deps symlink_data
[5.357s] running develop
[5.802s] running egg_info
[5.802s] creating vesc_initializer.egg-info
[5.803s] writing vesc_initializer.egg-info/PKG-INFO
[5.803s] writing dependency_links to vesc_initializer.egg-info/dependency_links.txt
[5.804s] writing entry points to vesc_initializer.egg-info/entry_points.txt
[5.804s] writing requirements to vesc_initializer.egg-info/requires.txt
[5.804s] writing top-level names to vesc_initializer.egg-info/top_level.txt
[5.805s] writing manifest file 'vesc_initializer.egg-info/SOURCES.txt'
[5.809s] reading manifest file 'vesc_initializer.egg-info/SOURCES.txt'
[5.811s] writing manifest file 'vesc_initializer.egg-info/SOURCES.txt'
[5.814s] running build_ext
[5.815s] Creating /home/autopilot03/Desktop/f1tenth_test0804/f1tenth_project_repo/install/vesc_initializer/lib/python3.10/site-packages/vesc-initializer.egg-link (link to .)
[5.817s] Installing vesc_initialize_node script to /home/autopilot03/Desktop/f1tenth_test0804/f1tenth_project_repo/install/vesc_initializer/lib/vesc_initializer
[5.818s] 
[5.818s] Installed /home/autopilot03/Desktop/f1tenth_test0804/f1tenth_project_repo/build/vesc_initializer
[5.818s] running symlink_data
[5.819s] creating /home/autopilot03/Desktop/f1tenth_test0804/f1tenth_project_repo/install/vesc_initializer/share/ament_index
[5.819s] creating /home/autopilot03/Desktop/f1tenth_test0804/f1tenth_project_repo/install/vesc_initializer/share/ament_index/resource_index
[5.819s] creating /home/autopilot03/Desktop/f1tenth_test0804/f1tenth_project_repo/install/vesc_initializer/share/ament_index/resource_index/packages
[5.819s] symbolically linking /home/autopilot03/Desktop/f1tenth_test0804/f1tenth_project_repo/build/vesc_initializer/resource/vesc_initializer -> /home/autopilot03/Desktop/f1tenth_test0804/f1tenth_project_repo/install/vesc_initializer/share/ament_index/resource_index/packages
[5.819s] symbolically linking /home/autopilot03/Desktop/f1tenth_test0804/f1tenth_project_repo/build/vesc_initializer/package.xml -> /home/autopilot03/Desktop/f1tenth_test0804/f1tenth_project_repo/install/vesc_initializer/share/vesc_initializer
[5.925s] Invoked command in '/home/autopilot03/Desktop/f1tenth_test0804/f1tenth_project_repo/build/vesc_initializer' returned '0': PYTHONPATH=/home/autopilot03/Desktop/f1tenth_test0804/f1tenth_project_repo/build/vesc_initializer/prefix_override:/usr/lib/python3/dist-packages/colcon_core/task/python/colcon_distutils_commands:/home/autopilot03/Desktop/f1tenth_test0804/f1tenth_project_repo/install/vesc_initializer/lib/python3.10/site-packages:${PYTHONPATH} /usr/bin/python3 -W ignore:setup.py install is deprecated -W ignore:easy_install command is deprecated setup.py develop --editable --build-directory /home/autopilot03/Desktop/f1tenth_test0804/f1tenth_project_repo/build/vesc_initializer/build --no-deps symlink_data
