[0.018s] Invoking command in '/home/autopilot03/Desktop/f1tenth_test0806/f1tenth_project_repo/build/bev_processor': CMAKE_PREFIX_PATH=/home/autopilot03/Desktop/f1tenth_test0806/f1tenth_project_repo/install/camera_driver:/home/autopilot03/Desktop/f1tenth_test0806/f1tenth_project_repo/install/bev_processor:/home/autopilot03/Desktop/f1tenth_test0806/f1tenth_project_repo/install/vehicle_test_drive:/home/autopilot03/Desktop/f1tenth_test0806/f1tenth_project_repo/install/vehicle_launcher:/home/autopilot03/Desktop/f1tenth_test0806/f1tenth_project_repo/install/vesc_initializer:/home/autopilot03/Desktop/f1tenth_test0806/f1tenth_project_repo/install/manual_control:/home/autopilot03/Desktop/f1tenth_test0806/f1tenth_project_repo/install/vehicle_config:/home/autopilot03/Desktop/f1tenth_test0806/f1tenth_project_repo/install/joy_initializer:/opt/ros/humble LD_LIBRARY_PATH=/home/autopilot03/Desktop/f1tenth_test0806/f1tenth_project_repo/install/camera_driver/lib:/home/autopilot03/Desktop/f1tenth_test0806/f1tenth_project_repo/install/bev_processor/lib:/opt/ros/humble/opt/rviz_ogre_vendor/lib:/opt/ros/humble/lib/aarch64-linux-gnu:/opt/ros/humble/lib:/usr/local/cuda/lib64 /usr/bin/cmake /home/autopilot03/Desktop/f1tenth_test0806/f1tenth_project_repo/src/bev_processor -DCMAKE_BUILD_TYPE=Release -DCMAKE_CUDA_COMPILER=/usr/local/cuda/bin/nvcc -DCMAKE_INSTALL_PREFIX=/home/autopilot03/Desktop/f1tenth_test0806/f1tenth_project_repo/install/bev_processor
[0.168s] -- The CXX compiler identification is GNU 11.4.0
[2.610s] -- The CUDA compiler identification is NVIDIA 12.6.68
[2.624s] -- Detecting CXX compiler ABI info
[2.806s] -- Detecting CXX compiler ABI info - done
[2.833s] -- Check for working CXX compiler: /usr/bin/c++ - skipped
[2.833s] -- Detecting CXX compile features
[2.835s] -- Detecting CXX compile features - done
[2.846s] -- Detecting CUDA compiler ABI info
[5.078s] -- Detecting CUDA compiler ABI info - done
[5.155s] -- Check for working CUDA compiler: /usr/local/cuda/bin/nvcc - skipped
[5.155s] -- Detecting CUDA compile features
[5.156s] -- Detecting CUDA compile features - done
[5.161s] -- Found ament_cmake: 1.3.14 (/opt/ros/humble/share/ament_cmake/cmake)
[5.563s] -- Found Python3: /usr/bin/python3 (found version "3.10.12") found components: Interpreter 
[5.837s] -- Found CUDAToolkit: /usr/local/cuda/include (found version "12.6.68") 
[5.865s] -- Looking for C++ include pthread.h
[6.046s] -- Looking for C++ include pthread.h - found
[6.046s] -- Performing Test CMAKE_HAVE_LIBC_PTHREAD
[6.234s] -- Performing Test CMAKE_HAVE_LIBC_PTHREAD - Success
[6.237s] -- Found Threads: TRUE  
[6.376s] -- Found OpenCV: /usr (found suitable version "4.8.0", minimum required is "4") found components: core highgui imgproc 
[6.379s] -- Found rclcpp: 16.0.19 (/opt/ros/humble/share/rclcpp/cmake)
[6.465s] -- Found rosidl_generator_c: 3.1.8 (/opt/ros/humble/share/rosidl_generator_c/cmake)
[6.477s] -- Found rosidl_adapter: 3.1.8 (/opt/ros/humble/share/rosidl_adapter/cmake)
[6.498s] -- Found rosidl_generator_cpp: 3.1.8 (/opt/ros/humble/share/rosidl_generator_cpp/cmake)
[6.528s] -- Using all available rosidl_typesupport_c: rosidl_typesupport_fastrtps_c;rosidl_typesupport_introspection_c
[6.564s] -- Using all available rosidl_typesupport_cpp: rosidl_typesupport_fastrtps_cpp;rosidl_typesupport_introspection_cpp
[6.666s] -- Found rmw_implementation_cmake: 6.1.2 (/opt/ros/humble/share/rmw_implementation_cmake/cmake)
[6.672s] -- Found rmw_fastrtps_cpp: 6.2.10 (/opt/ros/humble/share/rmw_fastrtps_cpp/cmake)
[6.851s] -- Found OpenSSL: /usr/lib/aarch64-linux-gnu/libcrypto.so (found version "3.0.2")  
[6.910s] -- Found FastRTPS: /opt/ros/humble/include  
[6.996s] -- Using RMW implementation 'rmw_fastrtps_cpp' as default
[7.134s] -- Found rclcpp_components: 16.0.19 (/opt/ros/humble/share/rclcpp_components/cmake)
[7.194s] -- Found sensor_msgs: 4.9.1 (/opt/ros/humble/share/sensor_msgs/cmake)
[7.297s] -- Performing Test arch_native_supported
[7.455s] -- Performing Test arch_native_supported - Success
[7.660s] -- Configuring done
[7.743s] -- Generating done
[7.763s] -- Build files have been written to: /home/autopilot03/Desktop/f1tenth_test0806/f1tenth_project_repo/build/bev_processor
[7.795s] Invoked command in '/home/autopilot03/Desktop/f1tenth_test0806/f1tenth_project_repo/build/bev_processor' returned '0': CMAKE_PREFIX_PATH=/home/autopilot03/Desktop/f1tenth_test0806/f1tenth_project_repo/install/camera_driver:/home/autopilot03/Desktop/f1tenth_test0806/f1tenth_project_repo/install/bev_processor:/home/autopilot03/Desktop/f1tenth_test0806/f1tenth_project_repo/install/vehicle_test_drive:/home/autopilot03/Desktop/f1tenth_test0806/f1tenth_project_repo/install/vehicle_launcher:/home/autopilot03/Desktop/f1tenth_test0806/f1tenth_project_repo/install/vesc_initializer:/home/autopilot03/Desktop/f1tenth_test0806/f1tenth_project_repo/install/manual_control:/home/autopilot03/Desktop/f1tenth_test0806/f1tenth_project_repo/install/vehicle_config:/home/autopilot03/Desktop/f1tenth_test0806/f1tenth_project_repo/install/joy_initializer:/opt/ros/humble LD_LIBRARY_PATH=/home/autopilot03/Desktop/f1tenth_test0806/f1tenth_project_repo/install/camera_driver/lib:/home/autopilot03/Desktop/f1tenth_test0806/f1tenth_project_repo/install/bev_processor/lib:/opt/ros/humble/opt/rviz_ogre_vendor/lib:/opt/ros/humble/lib/aarch64-linux-gnu:/opt/ros/humble/lib:/usr/local/cuda/lib64 /usr/bin/cmake /home/autopilot03/Desktop/f1tenth_test0806/f1tenth_project_repo/src/bev_processor -DCMAKE_BUILD_TYPE=Release -DCMAKE_CUDA_COMPILER=/usr/local/cuda/bin/nvcc -DCMAKE_INSTALL_PREFIX=/home/autopilot03/Desktop/f1tenth_test0806/f1tenth_project_repo/install/bev_processor
[7.800s] Invoking command in '/home/autopilot03/Desktop/f1tenth_test0806/f1tenth_project_repo/build/bev_processor': CMAKE_PREFIX_PATH=/home/autopilot03/Desktop/f1tenth_test0806/f1tenth_project_repo/install/camera_driver:/home/autopilot03/Desktop/f1tenth_test0806/f1tenth_project_repo/install/bev_processor:/home/autopilot03/Desktop/f1tenth_test0806/f1tenth_project_repo/install/vehicle_test_drive:/home/autopilot03/Desktop/f1tenth_test0806/f1tenth_project_repo/install/vehicle_launcher:/home/autopilot03/Desktop/f1tenth_test0806/f1tenth_project_repo/install/vesc_initializer:/home/autopilot03/Desktop/f1tenth_test0806/f1tenth_project_repo/install/manual_control:/home/autopilot03/Desktop/f1tenth_test0806/f1tenth_project_repo/install/vehicle_config:/home/autopilot03/Desktop/f1tenth_test0806/f1tenth_project_repo/install/joy_initializer:/opt/ros/humble LD_LIBRARY_PATH=/home/autopilot03/Desktop/f1tenth_test0806/f1tenth_project_repo/install/camera_driver/lib:/home/autopilot03/Desktop/f1tenth_test0806/f1tenth_project_repo/install/bev_processor/lib:/opt/ros/humble/opt/rviz_ogre_vendor/lib:/opt/ros/humble/lib/aarch64-linux-gnu:/opt/ros/humble/lib:/usr/local/cuda/lib64 /usr/bin/cmake --build /home/autopilot03/Desktop/f1tenth_test0806/f1tenth_project_repo/build/bev_processor -- -j6 -l6
[7.888s] [35m[1mConsolidate compiler generated dependencies of target bev_lane_reconstructor[0m
[7.888s] [35m[1mConsolidate compiler generated dependencies of target bev_startup_attitude[0m
[7.889s] [35m[1mConsolidate compiler generated dependencies of target bev_geometry[0m
[7.890s] [35m[1mConsolidate compiler generated dependencies of target bev_ground_plane[0m
[7.892s] [35m[1mConsolidate compiler generated dependencies of target bev_cuda[0m
[7.926s] [ 27%] Built target bev_ground_plane
[7.927s] [ 27%] Built target bev_startup_attitude
[7.927s] [ 27%] Built target bev_cuda
[7.928s] [ 36%] Built target bev_lane_reconstructor
[7.931s] [ 45%] Built target bev_geometry
[7.949s] [35m[1mConsolidate compiler generated dependencies of target startup_attitude_test[0m
[7.949s] [35m[1mConsolidate compiler generated dependencies of target bev_lane_reconstructor_test[0m
[7.950s] [35m[1mConsolidate compiler generated dependencies of target bev_startup_measurement[0m
[7.952s] [35m[1mConsolidate compiler generated dependencies of target bev_geometry_test[0m
[7.953s] [35m[1mConsolidate compiler generated dependencies of target ground_plane_estimator_test[0m
[7.978s] [ 63%] Built target bev_lane_reconstructor_test
[7.979s] [ 63%] Built target startup_attitude_test
[7.983s] [ 72%] Built target ground_plane_estimator_test
[7.984s] [ 81%] Built target bev_geometry_test
[7.992s] [ 90%] Built target bev_startup_measurement
[8.023s] [35m[1mConsolidate compiler generated dependencies of target bev_processor_component[0m
[8.062s] [100%] Built target bev_processor_component
[8.087s] Invoked command in '/home/autopilot03/Desktop/f1tenth_test0806/f1tenth_project_repo/build/bev_processor' returned '0': CMAKE_PREFIX_PATH=/home/autopilot03/Desktop/f1tenth_test0806/f1tenth_project_repo/install/camera_driver:/home/autopilot03/Desktop/f1tenth_test0806/f1tenth_project_repo/install/bev_processor:/home/autopilot03/Desktop/f1tenth_test0806/f1tenth_project_repo/install/vehicle_test_drive:/home/autopilot03/Desktop/f1tenth_test0806/f1tenth_project_repo/install/vehicle_launcher:/home/autopilot03/Desktop/f1tenth_test0806/f1tenth_project_repo/install/vesc_initializer:/home/autopilot03/Desktop/f1tenth_test0806/f1tenth_project_repo/install/manual_control:/home/autopilot03/Desktop/f1tenth_test0806/f1tenth_project_repo/install/vehicle_config:/home/autopilot03/Desktop/f1tenth_test0806/f1tenth_project_repo/install/joy_initializer:/opt/ros/humble LD_LIBRARY_PATH=/home/autopilot03/Desktop/f1tenth_test0806/f1tenth_project_repo/install/camera_driver/lib:/home/autopilot03/Desktop/f1tenth_test0806/f1tenth_project_repo/install/bev_processor/lib:/opt/ros/humble/opt/rviz_ogre_vendor/lib:/opt/ros/humble/lib/aarch64-linux-gnu:/opt/ros/humble/lib:/usr/local/cuda/lib64 /usr/bin/cmake --build /home/autopilot03/Desktop/f1tenth_test0806/f1tenth_project_repo/build/bev_processor -- -j6 -l6
[8.091s] Invoking command in '/home/autopilot03/Desktop/f1tenth_test0806/f1tenth_project_repo/build/bev_processor': CMAKE_PREFIX_PATH=/home/autopilot03/Desktop/f1tenth_test0806/f1tenth_project_repo/install/camera_driver:/home/autopilot03/Desktop/f1tenth_test0806/f1tenth_project_repo/install/bev_processor:/home/autopilot03/Desktop/f1tenth_test0806/f1tenth_project_repo/install/vehicle_test_drive:/home/autopilot03/Desktop/f1tenth_test0806/f1tenth_project_repo/install/vehicle_launcher:/home/autopilot03/Desktop/f1tenth_test0806/f1tenth_project_repo/install/vesc_initializer:/home/autopilot03/Desktop/f1tenth_test0806/f1tenth_project_repo/install/manual_control:/home/autopilot03/Desktop/f1tenth_test0806/f1tenth_project_repo/install/vehicle_config:/home/autopilot03/Desktop/f1tenth_test0806/f1tenth_project_repo/install/joy_initializer:/opt/ros/humble LD_LIBRARY_PATH=/home/autopilot03/Desktop/f1tenth_test0806/f1tenth_project_repo/install/camera_driver/lib:/home/autopilot03/Desktop/f1tenth_test0806/f1tenth_project_repo/install/bev_processor/lib:/opt/ros/humble/opt/rviz_ogre_vendor/lib:/opt/ros/humble/lib/aarch64-linux-gnu:/opt/ros/humble/lib:/usr/local/cuda/lib64 /usr/bin/cmake --install /home/autopilot03/Desktop/f1tenth_test0806/f1tenth_project_repo/build/bev_processor
[8.118s] -- Install configuration: "Release"
[8.118s] -- Up-to-date: /home/autopilot03/Desktop/f1tenth_test0806/f1tenth_project_repo/install/bev_processor/lib/libbev_geometry.a
[8.119s] -- Up-to-date: /home/autopilot03/Desktop/f1tenth_test0806/f1tenth_project_repo/install/bev_processor/lib/libbev_lane_reconstructor.a
[8.119s] -- Up-to-date: /home/autopilot03/Desktop/f1tenth_test0806/f1tenth_project_repo/install/bev_processor/lib/libbev_ground_plane.a
[8.120s] -- Up-to-date: /home/autopilot03/Desktop/f1tenth_test0806/f1tenth_project_repo/install/bev_processor/lib/libbev_startup_attitude.a
[8.120s] -- Up-to-date: /home/autopilot03/Desktop/f1tenth_test0806/f1tenth_project_repo/install/bev_processor/lib/libbev_startup_measurement.a
[8.120s] -- Up-to-date: /home/autopilot03/Desktop/f1tenth_test0806/f1tenth_project_repo/install/bev_processor/lib/libbev_processor_component.so
[8.121s] -- Up-to-date: /home/autopilot03/Desktop/f1tenth_test0806/f1tenth_project_repo/install/bev_processor/include
[8.121s] -- Up-to-date: /home/autopilot03/Desktop/f1tenth_test0806/f1tenth_project_repo/install/bev_processor/include/bev_processor
[8.121s] -- Up-to-date: /home/autopilot03/Desktop/f1tenth_test0806/f1tenth_project_repo/install/bev_processor/include/bev_processor/bev_geometry.hpp
[8.122s] -- Up-to-date: /home/autopilot03/Desktop/f1tenth_test0806/f1tenth_project_repo/install/bev_processor/include/bev_processor/bev_lane_reconstructor.hpp
[8.122s] -- Up-to-date: /home/autopilot03/Desktop/f1tenth_test0806/f1tenth_project_repo/install/bev_processor/include/bev_processor/ground_plane_estimator.hpp
[8.122s] -- Up-to-date: /home/autopilot03/Desktop/f1tenth_test0806/f1tenth_project_repo/install/bev_processor/include/bev_processor/startup_attitude.hpp
[8.123s] -- Up-to-date: /home/autopilot03/Desktop/f1tenth_test0806/f1tenth_project_repo/install/bev_processor/include/bev_processor/cuda_bev_processor.hpp
[8.123s] -- Up-to-date: /home/autopilot03/Desktop/f1tenth_test0806/f1tenth_project_repo/install/bev_processor/include/bev_processor/oak_startup_measurement.hpp
[8.123s] -- Up-to-date: /home/autopilot03/Desktop/f1tenth_test0806/f1tenth_project_repo/install/bev_processor/share/bev_processor/config
[8.123s] -- Installing: /home/autopilot03/Desktop/f1tenth_test0806/f1tenth_project_repo/install/bev_processor/share/bev_processor/config/bev_config.yaml
[8.124s] -- Up-to-date: /home/autopilot03/Desktop/f1tenth_test0806/f1tenth_project_repo/install/bev_processor/share/bev_processor/launch
[8.124s] -- Up-to-date: /home/autopilot03/Desktop/f1tenth_test0806/f1tenth_project_repo/install/bev_processor/share/bev_processor/launch/bev_processor.launch.py
[8.124s] -- Up-to-date: /home/autopilot03/Desktop/f1tenth_test0806/f1tenth_project_repo/install/bev_processor/share/ament_index/resource_index/package_run_dependencies/bev_processor
[8.124s] -- Installing: /home/autopilot03/Desktop/f1tenth_test0806/f1tenth_project_repo/install/bev_processor/share/ament_index/resource_index/parent_prefix_path/bev_processor
[8.125s] -- Up-to-date: /home/autopilot03/Desktop/f1tenth_test0806/f1tenth_project_repo/install/bev_processor/share/bev_processor/environment/ament_prefix_path.sh
[8.125s] -- Installing: /home/autopilot03/Desktop/f1tenth_test0806/f1tenth_project_repo/install/bev_processor/share/bev_processor/environment/ament_prefix_path.dsv
[8.125s] -- Up-to-date: /home/autopilot03/Desktop/f1tenth_test0806/f1tenth_project_repo/install/bev_processor/share/bev_processor/environment/path.sh
[8.125s] -- Installing: /home/autopilot03/Desktop/f1tenth_test0806/f1tenth_project_repo/install/bev_processor/share/bev_processor/environment/path.dsv
[8.125s] -- Up-to-date: /home/autopilot03/Desktop/f1tenth_test0806/f1tenth_project_repo/install/bev_processor/share/bev_processor/local_setup.bash
[8.126s] -- Up-to-date: /home/autopilot03/Desktop/f1tenth_test0806/f1tenth_project_repo/install/bev_processor/share/bev_processor/local_setup.sh
[8.126s] -- Up-to-date: /home/autopilot03/Desktop/f1tenth_test0806/f1tenth_project_repo/install/bev_processor/share/bev_processor/local_setup.zsh
[8.126s] -- Installing: /home/autopilot03/Desktop/f1tenth_test0806/f1tenth_project_repo/install/bev_processor/share/bev_processor/local_setup.dsv
[8.127s] -- Installing: /home/autopilot03/Desktop/f1tenth_test0806/f1tenth_project_repo/install/bev_processor/share/bev_processor/package.dsv
[8.129s] -- Up-to-date: /home/autopilot03/Desktop/f1tenth_test0806/f1tenth_project_repo/install/bev_processor/share/ament_index/resource_index/packages/bev_processor
[8.130s] -- Up-to-date: /home/autopilot03/Desktop/f1tenth_test0806/f1tenth_project_repo/install/bev_processor/share/ament_index/resource_index/rclcpp_components/bev_processor
[8.130s] -- Up-to-date: /home/autopilot03/Desktop/f1tenth_test0806/f1tenth_project_repo/install/bev_processor/share/bev_processor/cmake/ament_cmake_export_include_directories-extras.cmake
[8.131s] -- Up-to-date: /home/autopilot03/Desktop/f1tenth_test0806/f1tenth_project_repo/install/bev_processor/share/bev_processor/cmake/ament_cmake_export_dependencies-extras.cmake
[8.132s] -- Up-to-date: /home/autopilot03/Desktop/f1tenth_test0806/f1tenth_project_repo/install/bev_processor/share/bev_processor/cmake/bev_processorConfig.cmake
[8.132s] -- Up-to-date: /home/autopilot03/Desktop/f1tenth_test0806/f1tenth_project_repo/install/bev_processor/share/bev_processor/cmake/bev_processorConfig-version.cmake
[8.133s] -- Up-to-date: /home/autopilot03/Desktop/f1tenth_test0806/f1tenth_project_repo/install/bev_processor/share/bev_processor/package.xml
[8.133s] Invoked command in '/home/autopilot03/Desktop/f1tenth_test0806/f1tenth_project_repo/build/bev_processor' returned '0': CMAKE_PREFIX_PATH=/home/autopilot03/Desktop/f1tenth_test0806/f1tenth_project_repo/install/camera_driver:/home/autopilot03/Desktop/f1tenth_test0806/f1tenth_project_repo/install/bev_processor:/home/autopilot03/Desktop/f1tenth_test0806/f1tenth_project_repo/install/vehicle_test_drive:/home/autopilot03/Desktop/f1tenth_test0806/f1tenth_project_repo/install/vehicle_launcher:/home/autopilot03/Desktop/f1tenth_test0806/f1tenth_project_repo/install/vesc_initializer:/home/autopilot03/Desktop/f1tenth_test0806/f1tenth_project_repo/install/manual_control:/home/autopilot03/Desktop/f1tenth_test0806/f1tenth_project_repo/install/vehicle_config:/home/autopilot03/Desktop/f1tenth_test0806/f1tenth_project_repo/install/joy_initializer:/opt/ros/humble LD_LIBRARY_PATH=/home/autopilot03/Desktop/f1tenth_test0806/f1tenth_project_repo/install/camera_driver/lib:/home/autopilot03/Desktop/f1tenth_test0806/f1tenth_project_repo/install/bev_processor/lib:/opt/ros/humble/opt/rviz_ogre_vendor/lib:/opt/ros/humble/lib/aarch64-linux-gnu:/opt/ros/humble/lib:/usr/local/cuda/lib64 /usr/bin/cmake --install /home/autopilot03/Desktop/f1tenth_test0806/f1tenth_project_repo/build/bev_processor
